Archive member included because of file (symbol)

c:/winavr-20100110/bin/../lib/gcc/avr/4.3.3/../../../../avr/lib/avr5\libprintf_min.a(vfprintf_min.o)
                              (vfprintf)
C:\Users\roman_000\Desktop\webbot\lib2\webbotavrclib-2.11\libWebbot-ATmega640.a(servoPWM.o)
                              lib/lib_hardware.o (servoPWMInit)
C:\Users\roman_000\Desktop\webbot\lib2\webbotavrclib-2.11\libWebbot-ATmega640.a(servosConfig.o)
                              C:\Users\roman_000\Desktop\webbot\lib2\webbotavrclib-2.11\libWebbot-ATmega640.a(servoPWM.o) (servoSetConfig)
C:\Users\roman_000\Desktop\webbot\lib2\webbotavrclib-2.11\libWebbot-ATmega640.a(StreamChar.o)
                              bug3.o (Stream::print(char))
C:\Users\roman_000\Desktop\webbot\lib2\webbotavrclib-2.11\libWebbot-ATmega640.a(StreamDouble.o)
                              bug3.o (Stream::print(double, unsigned char))
C:\Users\roman_000\Desktop\webbot\lib2\webbotavrclib-2.11\libWebbot-ATmega640.a(StreamSigned.o)
                              bug3.o (Stream::print(int))
C:\Users\roman_000\Desktop\webbot\lib2\webbotavrclib-2.11\libWebbot-ATmega640.a(StreamString.o)
                              bug3.o (Stream::print(char const*))
C:\Users\roman_000\Desktop\webbot\lib2\webbotavrclib-2.11\libWebbot-ATmega640.a(StreamUnsigned.o)
                              bug3.o (Stream::print(unsigned long))
C:\Users\roman_000\Desktop\webbot\lib2\webbotavrclib-2.11\libWebbot-ATmega640.a(actuators.o)
                              bug3.o (__act_setSpeed)
C:\Users\roman_000\Desktop\webbot\lib2\webbotavrclib-2.11\libWebbot-ATmega640.a(core_interp.o)
                              bug3.o (interpolate)
C:\Users\roman_000\Desktop\webbot\lib2\webbotavrclib-2.11\libWebbot-ATmega640.a(core_interpU.o)
                              C:\Users\roman_000\Desktop\webbot\lib2\webbotavrclib-2.11\libWebbot-ATmega640.a(servoPWM.o) (interpolateU)
C:\Users\roman_000\Desktop\webbot\lib2\webbotavrclib-2.11\libWebbot-ATmega640.a(errors.o)
                              lib/gen_clock.o (__error)
C:\Users\roman_000\Desktop\webbot\lib2\webbotavrclib-2.11\libWebbot-ATmega640.a(iopin_is_output.o)
                              lib/lib_ctor.o (pin_is_output)
C:\Users\roman_000\Desktop\webbot\lib2\webbotavrclib-2.11\libWebbot-ATmega640.a(iopin_make_input.o)
                              lib/lib_hardware.o (pin_make_input)
C:\Users\roman_000\Desktop\webbot\lib2\webbotavrclib-2.11\libWebbot-ATmega640.a(iopin_make_output.o)
                              C:\Users\roman_000\Desktop\webbot\lib2\webbotavrclib-2.11\libWebbot-ATmega640.a(servoPWM.o) (pin_make_output)
C:\Users\roman_000\Desktop\webbot\lib2\webbotavrclib-2.11\libWebbot-ATmega640.a(led.o)
                              lib/lib_hardware.o (LED_set)
C:\Users\roman_000\Desktop\webbot\lib2\webbotavrclib-2.11\libWebbot-ATmega640.a(main.o)
                              c:/winavr-20100110/bin/../lib/gcc/avr/4.3.3/../../../../avr/lib/avr5/crtm640.o (main)
C:\Users\roman_000\Desktop\webbot\lib2\webbotavrclib-2.11\libWebbot-ATmega640.a(rprintf.o)
                              lib/lib_hardware.o (rprintfInit)
C:\Users\roman_000\Desktop\webbot\lib2\webbotavrclib-2.11\libWebbot-ATmega640.a(marqueeSendByte.o)
                              lib/lib_hardware.o (marqueeSendByte)
C:\Users\roman_000\Desktop\webbot\lib2\webbotavrclib-2.11\libWebbot-ATmega640.a(segled.o)
                              lib/lib_hardware.o (segled_put_char)
C:\Users\roman_000\Desktop\webbot\lib2\webbotavrclib-2.11\libWebbot-ATmega640.a(segled8.o)
                              C:\Users\roman_000\Desktop\webbot\lib2\webbotavrclib-2.11\libWebbot-ATmega640.a(segled.o) (segled8_get_mask)
C:\Users\roman_000\Desktop\webbot\lib2\webbotavrclib-2.11\libWebbot-ATmega640.a(compareFromIOPin.o)
                              C:\Users\roman_000\Desktop\webbot\lib2\webbotavrclib-2.11\libWebbot-ATmega640.a(servoPWM.o) (compareFromIOPin)
C:\Users\roman_000\Desktop\webbot\lib2\webbotavrclib-2.11\libWebbot-ATmega640.a(compareSetOutputMode.o)
                              C:\Users\roman_000\Desktop\webbot\lib2\webbotavrclib-2.11\libWebbot-ATmega640.a(servoPWM.o) (compareSetOutputMode)
C:\Users\roman_000\Desktop\webbot\lib2\webbotavrclib-2.11\libWebbot-ATmega640.a(compareSetThreshold.o)
                              C:\Users\roman_000\Desktop\webbot\lib2\webbotavrclib-2.11\libWebbot-ATmega640.a(servoPWM.o) (compareSetThreshold)
C:\Users\roman_000\Desktop\webbot\lib2\webbotavrclib-2.11\libWebbot-ATmega640.a(_uart_common.o)
                              lib/lib_hardware.o (_uartInit)
C:\Users\roman_000\Desktop\webbot\lib2\webbotavrclib-2.11\libWebbot-ATmega640.a(uart.o)
                              lib/lib_hardware.o (c_hw_uart)
C:\Users\roman_000\Desktop\webbot\lib2\webbotavrclib-2.11\libWebbot-ATmega640.a(uartCommonRx.o)
                              lib/lib_hardware.o (__uartReceiveService)
C:\Users\roman_000\Desktop\webbot\lib2\webbotavrclib-2.11\libWebbot-ATmega640.a(uartCommonRxNoBuf.o)
[...]
Memory Configuration

Name             Origin             Length             Attributes
text             0x00000000         0x00020000         xr
data             0x00800060         0x0000ffa0         rw !x
eeprom           0x00810000         0x00010000         rw !x
fuse             0x00820000         0x00000400         rw !x
lock             0x00830000         0x00000400         rw !x
signature        0x00840000         0x00000400         rw !x
*default*        0x00000000         0xffffffff

Linker script and memory map

Address of section .data set to 0x800200
LOAD c:/winavr-20100110/bin/../lib/gcc/avr/4.3.3/../../../../avr/lib/avr5/crtm640.o
LOAD c:/winavr-20100110/bin/../lib/gcc/avr/4.3.3/../../../../avr/lib/avr5\libprintf_min.a
LOAD bug3.o
LOAD lib/gen_clock.o
LOAD lib/lib_timerdef.o
LOAD lib/lib_hardware.o
LOAD lib/lib_ctor.o
LOAD lib/lib_timers.o
LOAD lib/lib_iopins.o
LOAD C:\Users\roman_000\Desktop\webbot\lib2\webbotavrclib-2.11\libWebbot-ATmega640.a
LOAD lib\libPost.a
LOAD c:/winavr-20100110/bin/../lib/gcc/avr/4.3.3/../../../../avr/lib/avr5\libm.a
LOAD c:/winavr-20100110/bin/../lib/gcc/avr/4.3.3/../../../../avr/lib/avr5\libc.a
LOAD c:/winavr-20100110/bin/../lib/gcc/avr/4.3.3/avr5\libgcc.a
LOAD c:/winavr-20100110/bin/../lib/gcc/avr/4.3.3/../../../../avr/lib/avr5\libc.a
LOAD c:/winavr-20100110/bin/../lib/gcc/avr/4.3.3/avr5\libgcc.a

.hash
 *(.hash)

.dynsym
 *(.dynsym)

.dynstr
 *(.dynstr)

.gnu.version
 *(.gnu.version)

.gnu.version_d
 *(.gnu.version_d)

.gnu.version_r
 *(.gnu.version_r)

.rel.init
 *(.rel.init)

.rela.init
 *(.rela.init)

.rel.text
 *(.rel.text)
 *(.rel.text.*)
 *(.rel.gnu.linkonce.t*)

.rela.text
 *(.rela.text)
 *(.rela.text.*)
 *(.rela.gnu.linkonce.t*)

.rel.fini
 *(.rel.fini)

.rela.fini
 *(.rela.fini)

.rel.rodata
 *(.rel.rodata)
 *(.rel.rodata.*)
 *(.rel.gnu.linkonce.r*)

.rela.rodata
 *(.rela.rodata)
 *(.rela.rodata.*)
 *(.rela.gnu.linkonce.r*)

.rel.data
 *(.rel.data)
 *(.rel.data.*)
 *(.rel.gnu.linkonce.d*)

.rela.data
 *(.rela.data)
 *(.rela.data.*)
 *(.rela.gnu.linkonce.d*)

.rel.ctors
 *(.rel.ctors)

.rela.ctors
 *(.rela.ctors)

.rel.dtors
 *(.rel.dtors)

.rela.dtors
 *(.rela.dtors)

.rel.got
 *(.rel.got)

.rela.got
 *(.rela.got)

.rel.bss
 *(.rel.bss)

.rela.bss
 *(.rela.bss)

.rel.plt
 *(.rel.plt)

.rela.plt
 *(.rela.plt)

.text           0x00000000     0x43da
 *(.vectors)
 .vectors       0x00000000       0xe4 c:/winavr-20100110/bin/../lib/gcc/avr/4.3.3/../../../../avr/lib/avr5/crtm640.o
                0x00000000                __vectors
                0x00000000                __vector_default
 *(.vectors)
 *(.progmem.gcc*)
 *(.progmem*)
 .progmem.data  0x000000e4       0x17 c:/winavr-20100110/bin/../lib/gcc/avr/4.3.3/../../../../avr/lib/avr5\libprintf_min.a(vfprintf_min.o)
 .progmem.data  0x000000fb      0x25a lib/lib_timerdef.o
                0x000000fb                __timer0Compare
                0x0000014b                __timer2Compare
                0x000001fb                pgm_Timers
                0x0000011b                __timer1Compare
                0x0000016b                __timer3Compare
                0x0000019b                __timer4Compare
                0x000001cb                __timer5Compare
 .progmem.data  0x00000355       0x1a lib/lib_hardware.o
 .progmem.data  0x0000036f       0x83 lib/lib_iopins.o
                0x0000038a                _C5
                0x00000393                _D5
                0x000003bd                _L3
                0x000003a8                _G5
                0x00000372                _B5
                0x00000390                _D3
                0x000003ba                _L1
                0x000003ab                _H3
                0x00000381                _C2
                0x000003b4                _H6
                0x0000039c                _E3
                0x00000378                _B7
                0x000003c6                AVcc_MV
                0x00000384                _C3
                0x000003a2                _E5
                0x00000387                _C4
                0x00000396                _D6
                0x000003c0                _L4
                0x00000375                _B6
                0x000003b1                _H5
                0x0000038d                _D2
                0x000003b7                _L0
                0x00000399                _D7
                0x000003c3                _L5
                0x0000039f                _E4
                0x000003ae                _H4
                0x0000037e                _C1
                0x000003a5                _E7
                0x0000037b                _C0
                0x0000036f                _B4
 .progmem.data  0x000003f2        0x4 C:\Users\roman_000\Desktop\webbot\lib2\webbotavrclib-2.11\libWebbot-ATmega640.a(servoPWM.o)
 .progmem.data  0x000003f6       0x1b C:\Users\roman_000\Desktop\webbot\lib2\webbotavrclib-2.11\libWebbot-ATmega640.a(errors.o)
 .progmem.data  0x00000411       0x24 C:\Users\roman_000\Desktop\webbot\lib2\webbotavrclib-2.11\libWebbot-ATmega640.a(segled8.o)
 .progmem.data  0x00000435        0xc C:\Users\roman_000\Desktop\webbot\lib2\webbotavrclib-2.11\libWebbot-ATmega640.a(uart.o)
                0x00000435                c_hw_uart
 .progmem.data  0x00000441       0xfa c:/winavr-20100110/bin/../lib/gcc/avr/4.3.3/../../../../avr/lib/avr5\libc.a(ftoa_engine.o)
                0x0000053c                . = ALIGN (0x2)
 *fill*         0x0000053b        0x1 00
                0x0000053c                __trampolines_start = .
 *(.trampolines)
 .trampolines   0x0000053c        0x0 linker stubs
 *(.trampolines*)
                0x0000053c                __trampolines_end = .
 *(.jumptables)
 *(.jumptables*)
 *(.lowtext)
 *(.lowtext*)
                0x0000053c                __ctors_start = .
 *(.ctors)
 .ctors         0x0000053c        0x4 lib/lib_ctor.o
                0x00000540                __ctors_end = .
                0x00000540                __dtors_start = .
 *(.dtors)
                0x00000540                __dtors_end = .
 SORT(*)(.ctors)
 SORT(*)(.dtors)
 *(.init0)
 .init0         0x00000540        0x0 c:/winavr-20100110/bin/../lib/gcc/avr/4.3.3/../../../../avr/lib/avr5/crtm640.o
                0x00000540                __init
 *(.init0)
 *(.init1)
 *(.init1)
 *(.init2)
 .init2         0x00000540        0xc c:/winavr-20100110/bin/../lib/gcc/avr/4.3.3/../../../../avr/lib/avr5/crtm640.o
 *(.init2)
 *(.init3)
 *(.init3)
 *(.init4)
 .init4         0x0000054c       0x16 c:/winavr-20100110/bin/../lib/gcc/avr/4.3.3/avr5\libgcc.a(_copy_data.o)
                0x0000054c                __do_copy_data
 .init4         0x00000562       0x10 c:/winavr-20100110/bin/../lib/gcc/avr/4.3.3/avr5\libgcc.a(_clear_bss.o)
                0x00000562                __do_clear_bss
 *(.init4)
 *(.init5)
 *(.init5)
 *(.init6)
 .init6         0x00000572       0x16 c:/winavr-20100110/bin/../lib/gcc/avr/4.3.3/avr5\libgcc.a(_ctors.o)
                0x00000572                __do_global_ctors
 *(.init6)
 *(.init7)
 *(.init7)
 *(.init8)
 *(.init8)
 *(.init9)
 .init9         0x00000588        0x8 c:/winavr-20100110/bin/../lib/gcc/avr/4.3.3/../../../../avr/lib/avr5/crtm640.o
 *(.init9)
 *(.text)
 .text          0x00000590        0x4 c:/winavr-20100110/bin/../lib/gcc/avr/4.3.3/../../../../avr/lib/avr5/crtm640.o
                0x00000590                __vector_28
                0x00000590                __vector_1
                0x00000590                __vector_32
                0x00000590                __vector_34
                0x00000590                __vector_24
                0x00000590                __vector_12
                0x00000590                __vector_55
                0x00000590                __vector_46
                0x00000590                __bad_interrupt
                0x00000590                __vector_6
                0x00000590                __vector_31
                0x00000590                __vector_35
                0x00000590                __vector_39
                0x00000590                __vector_3
                0x00000590                __vector_23
                0x00000590                __vector_30
                0x00000590                __vector_45
                0x00000590                __vector_25
                0x00000590                __vector_11
                0x00000590                __vector_54
                0x00000590                __vector_13
                0x00000590                __vector_17
                0x00000590                __vector_19
                0x00000590                __vector_56
                0x00000590                __vector_7
                0x00000590                __vector_49
                0x00000590                __vector_41
                0x00000590                __vector_43
                0x00000590                __vector_27
                0x00000590                __vector_5
                0x00000590                __vector_33
                0x00000590                __vector_47
                0x00000590                __vector_52
                0x00000590                __vector_37
                0x00000590                __vector_4
                0x00000590                __vector_44
                0x00000590                __vector_51
                0x00000590                __vector_9
                0x00000590                __vector_2
                0x00000590                __vector_15
                0x00000590                __vector_29
                0x00000590                __vector_40
                0x00000590                __vector_8
                0x00000590                __vector_26
                0x00000590                __vector_48
                0x00000590                __vector_14
                0x00000590                __vector_53
                0x00000590                __vector_10
                0x00000590                __vector_50
                0x00000590                __vector_16
                0x00000590                __vector_18
                0x00000590                __vector_20
                0x00000590                __vector_42
 .text          0x00000594        0x0 c:/winavr-20100110/bin/../lib/gcc/avr/4.3.3/../../../../avr/lib/avr5\libprintf_min.a(vfprintf_min.o)
 .text          0x00000594     0x107c bug3.o
                0x00000824                appInitSoftware
                0x00000e8a                reader(unsigned char, Uart&, void*)
                0x00000c3e                print_command(command*, unsigned long)
                0x00000634                Uart::attach(void (*)(unsigned char, Uart&, void*), void*)
                0x00000ab6                Stream::operator<<(signed char)
                0x00000a8e                Stream::operator<<(char)
                0x00000b20                Stream::operator<<(int)
                0x00000864                Actuator::setSpeed(signed char)
                0x000009b4                appInitHardware
                0x00000ade                Stream::operator<<(double)
                0x00000700                Actuator::getSpeed() const
                0x00000bfe                Stream::operator<<(unsigned long)
                0x0000068e                Uart::rx_func(unsigned char, void*)
                0x00000b50                Stream::operator<<(char const*)
                0x00000a66                Stream::operator<<(unsigned char)
                0x00000890                appControl
                0x00000b80                to_int(char)
                0x00000724                initialize_command(command*)
 .text          0x00001610      0x1ac lib/gen_clock.o
                0x000016e8                __clockInit
                0x00001666                clockSnapshotToTicks
                0x00001610                clockGetSnapshot
                0x000016f6                __vector_21
                0x000016ae                clockGetus
 .text          0x000017bc        0x0 lib/lib_timerdef.o
 .text          0x000017bc      0x13e lib/lib_hardware.o
                0x00001896                __vector_38
                0x000017ec                initHardware
                0x000018e2                uart1GetByte
                0x000017ca                registerLED
                0x000018ec                uart1SendByte
                0x00001840                __vector_36
                0x000017fe                sysInitHardware
 .text          0x000018fa      0x2c6 lib/lib_ctor.o
                0x00001b4e                StatusLed::set(signed char) const
                0x00001952                _cpp_Init_()
                0x00001946                NullStream::read()
                0x00001940                NullStream::write(unsigned char)
                0x00001970                __cxa_pure_virtual
                0x000018fa                Stream::_put(char, __file*)
                0x0000194c                Marquee::read()
                0x00001b7c                Marquee::write(unsigned char)
                0x00001b8a                UartHW::read()
                0x00001b70                Led::set(signed char) const
                0x00001ba6                Uart::read()
                0x00001920                Stream::_get(__file*)
                0x00001bb2                Uart::write(unsigned char)
 .text          0x00001bc0      0x120 lib/lib_timers.o
                0x00001bc0                __initTimers
 .text          0x00001ce0        0x0 lib/lib_iopins.o
 .text          0x00001ce0      0x138 C:\Users\roman_000\Desktop\webbot\lib2\webbotavrclib-2.11\libWebbot-ATmega640.a(servoPWM.o)
                0x00001ce0                servoPWMInit
 .text          0x00001e18      0x102 C:\Users\roman_000\Desktop\webbot\lib2\webbotavrclib-2.11\libWebbot-ATmega640.a(servosConfig.o)
                0x00001e18                servoSetConfig
 .text          0x00001f1a       0x36 C:\Users\roman_000\Desktop\webbot\lib2\webbotavrclib-2.11\libWebbot-ATmega640.a(StreamChar.o)
                0x00001f1a                Stream::print(char)
 .text          0x00001f50       0x58 C:\Users\roman_000\Desktop\webbot\lib2\webbotavrclib-2.11\libWebbot-ATmega640.a(StreamDouble.o)
                0x00001f50                Stream::print(double, unsigned char)
 .text          0x00001fa8       0xb4 C:\Users\roman_000\Desktop\webbot\lib2\webbotavrclib-2.11\libWebbot-ATmega640.a(StreamSigned.o)
                0x00001fa8                Stream::print(long, unsigned char)
                0x00001ffe                Stream::print(int, unsigned char)
                0x0000200e                Stream::print(int)
                0x00001ff6                Stream::print(long)
                0x00002034                Stream::print(signed char, unsigned char)
                0x00002020                Stream::print(signed char)
 .text          0x0000205c       0x2c C:\Users\roman_000\Desktop\webbot\lib2\webbotavrclib-2.11\libWebbot-ATmega640.a(StreamString.o)
                0x0000205c                Stream::print(char const*)
 .text          0x00002088       0xa4 C:\Users\roman_000\Desktop\webbot\lib2\webbotavrclib-2.11\libWebbot-ATmega640.a(StreamUnsigned.o)
                0x000020d6                Stream::print(unsigned long)
                0x00002088                Stream::print(unsigned long, unsigned char)
                0x000020f8                Stream::print(unsigned char)
                0x00002108                Stream::print(unsigned char, unsigned char)
                0x000020de                Stream::print(unsigned int, unsigned char)
                0x000020ea                Stream::print(unsigned int)
 .text          0x0000212c       0x76 C:\Users\roman_000\Desktop\webbot\lib2\webbotavrclib-2.11\libWebbot-ATmega640.a(actuators.o)
                0x0000212c                __act_setSpeed
                0x0000216c                __act_setConnected
 .text          0x000021a2       0x8e C:\Users\roman_000\Desktop\webbot\lib2\webbotavrclib-2.11\libWebbot-ATmega640.a(core_interp.o)
                0x000021a2                interpolate
 .text          0x00002230       0x82 C:\Users\roman_000\Desktop\webbot\lib2\webbotavrclib-2.11\libWebbot-ATmega640.a(core_interpU.o)
                0x00002230                interpolateU
 .text          0x000022b2       0xd6 C:\Users\roman_000\Desktop\webbot\lib2\webbotavrclib-2.11\libWebbot-ATmega640.a(errors.o)
                0x000022b8                setErrorLog
                0x000022c2                setError
                0x000022b2                getError
 .text          0x00002388       0x2a C:\Users\roman_000\Desktop\webbot\lib2\webbotavrclib-2.11\libWebbot-ATmega640.a(iopin_is_output.o)
                0x00002388                pin_is_output
 .text          0x000023b2       0x4e C:\Users\roman_000\Desktop\webbot\lib2\webbotavrclib-2.11\libWebbot-ATmega640.a(iopin_make_input.o)
                0x000023b2                pin_make_input
 .text          0x00002400       0x4e C:\Users\roman_000\Desktop\webbot\lib2\webbotavrclib-2.11\libWebbot-ATmega640.a(iopin_make_output.o)
                0x00002400                pin_make_output
 .text          0x0000244e       0x44 C:\Users\roman_000\Desktop\webbot\lib2\webbotavrclib-2.11\libWebbot-ATmega640.a(led.o)
                0x0000244e                LED_set
 .text          0x00002492       0xd2 C:\Users\roman_000\Desktop\webbot\lib2\webbotavrclib-2.11\libWebbot-ATmega640.a(main.o)
                0x00002492                main
 .text          0x00002564       0x4a C:\Users\roman_000\Desktop\webbot\lib2\webbotavrclib-2.11\libWebbot-ATmega640.a(rprintf.o)
                0x00002568                rprintfInit
                0x00002582                rprintfChar
                0x000025a6                rprintfCRLF
 .text          0x000025ae      0x2ba C:\Users\roman_000\Desktop\webbot\lib2\webbotavrclib-2.11\libWebbot-ATmega640.a(marqueeSendByte.o)
                0x000025ae                marqueeSendByte
 .text          0x00002868      0x10c C:\Users\roman_000\Desktop\webbot\lib2\webbotavrclib-2.11\libWebbot-ATmega640.a(segled.o)
                0x00002868                segled_put_char
                0x000028fe                segled_set
 .text          0x00002974       0x76 C:\Users\roman_000\Desktop\webbot\lib2\webbotavrclib-2.11\libWebbot-ATmega640.a(segled8.o)
                0x00002974                segled8_get_mask
 .text          0x000029ea       0x98 C:\Users\roman_000\Desktop\webbot\lib2\webbotavrclib-2.11\libWebbot-ATmega640.a(compareFromIOPin.o)
                0x000029ea                compareFromIOPin
 .text          0x00002a82       0x44 C:\Users\roman_000\Desktop\webbot\lib2\webbotavrclib-2.11\libWebbot-ATmega640.a(compareSetOutputMode.o)
                0x00002a82                compareSetOutputMode
 .text          0x00002ac6       0x6a C:\Users\roman_000\Desktop\webbot\lib2\webbotavrclib-2.11\libWebbot-ATmega640.a(compareSetThreshold.o)
                0x00002ac6                compareSetThreshold
 .text          0x00002b30       0xa4 C:\Users\roman_000\Desktop\webbot\lib2\webbotavrclib-2.11\libWebbot-ATmega640.a(_uart_common.o)
                0x00002b30                _uartSetBaudRate
                0x00002b48                _uartInit
 .text          0x00002bd4      0x1dc C:\Users\roman_000\Desktop\webbot\lib2\webbotavrclib-2.11\libWebbot-ATmega640.a(uart.o)
                0x00002bd4                __uartHWSetBaudRate
                0x00002d40                __uartHWStartXmit
                0x00002d78                __uartHWInit
 .text          0x00002db0       0x40 C:\Users\roman_000\Desktop\webbot\lib2\webbotavrclib-2.11\libWebbot-ATmega640.a(uartCommonRx.o)
                0x00002de4                __uartGetByte
                0x00002db0                __uartReceiveService
 .text          0x00002df0       0x3c C:\Users\roman_000\Desktop\webbot\lib2\webbotavrclib-2.11\libWebbot-ATmega640.a(uartCommonRxNoBuf.o)
                0x00002e08                __uartReceiveUnbuffered
                0x00002df0                __uartGetByteUnbuffered
 .text          0x00002e2c       0xe6 C:\Users\roman_000\Desktop\webbot\lib2\webbotavrclib-2.11\libWebbot-ATmega640.a(uartCommonTx.o)
                0x00002ef2                _uartSendByte
                0x00002eb6                _uartSendBuffer
                0x00002e7e                _uartTransmitBlockEnd
                0x00002f06                __uartTransmitService
                0x00002e2c                _uartStartXmit
                0x00002e46                _uartTransmitBlockStart
 .text          0x00002f12       0x46 C:\Users\roman_000\Desktop\webbot\lib2\webbotavrclib-2.11\libWebbot-ATmega640.a(uartCommonTxNoBuf.o)
                0x00002f22                __uartSendUnbuffered
                0x00002f12                __uartSendNextUnbuffered
 .text          0x00002f58       0x44 C:\Users\roman_000\Desktop\webbot\lib2\webbotavrclib-2.11\libWebbot-ATmega640.a(uartPollByte.o)
                0x00002f74                uartPollByte
                0x00002f58                uartReceivePollingMode
 .text          0x00002f9c       0x12 C:\Users\roman_000\Desktop\webbot\lib2\webbotavrclib-2.11\libWebbot-ATmega640.a(clockHasElapsed.o)
                0x00002f9c                clockHasElapsed
 .text          0x00002fae       0x84 C:\Users\roman_000\Desktop\webbot\lib2\webbotavrclib-2.11\libWebbot-ATmega640.a(clockHasElapsedGetOverflow.o)
                0x00002fae                clockHasElapsedGetOverflow
 .text          0x00003032       0x16 C:\Users\roman_000\Desktop\webbot\lib2\webbotavrclib-2.11\libWebbot-ATmega640.a(breathe.o)
                0x00003032                breathe
 .text          0x00003048       0x92 C:\Users\roman_000\Desktop\webbot\lib2\webbotavrclib-2.11\libWebbot-ATmega640.a(iopin.o)
                0x00003092                pin_high
                0x00003048                pin_low
 .text          0x000030da       0x10 C:\Users\roman_000\Desktop\webbot\lib2\webbotavrclib-2.11\libWebbot-ATmega640.a(iopin_set.o)
                0x000030da                pin_set
 .text          0x000030ea      0x338 lib\libPost.a(opt_scheduler.o)
                0x000032a8                __vector_22
                0x000032f0                scheduleJob
 .text          0x00003422        0x0 c:/winavr-20100110/bin/../lib/gcc/avr/4.3.3/../../../../avr/lib/avr5\libm.a(addsf3.o)
 .text          0x00003422        0x0 c:/winavr-20100110/bin/../lib/gcc/avr/4.3.3/../../../../avr/lib/avr5\libm.a(addsf3x.o)
 .text          0x00003422        0x0 c:/winavr-20100110/bin/../lib/gcc/avr/4.3.3/../../../../avr/lib/avr5\libm.a(fixsfsi.o)
 .text          0x00003422        0x0 c:/winavr-20100110/bin/../lib/gcc/avr/4.3.3/../../../../avr/lib/avr5\libm.a(fixunssfsi.o)
 .text          0x00003422        0x0 c:/winavr-20100110/bin/../lib/gcc/avr/4.3.3/../../../../avr/lib/avr5\libm.a(floatsisf.o)
 .text          0x00003422        0x0 c:/winavr-20100110/bin/../lib/gcc/avr/4.3.3/../../../../avr/lib/avr5\libm.a(fp_inf.o)
 .text          0x00003422        0x0 c:/winavr-20100110/bin/../lib/gcc/avr/4.3.3/../../../../avr/lib/avr5\libm.a(fp_nan.o)
 .text          0x00003422        0x0 c:/winavr-20100110/bin/../lib/gcc/avr/4.3.3/../../../../avr/lib/avr5\libm.a(fp_pscA.o)
 .text          0x00003422        0x0 c:/winavr-20100110/bin/../lib/gcc/avr/4.3.3/../../../../avr/lib/avr5\libm.a(fp_pscB.o)
 .text          0x00003422        0x0 c:/winavr-20100110/bin/../lib/gcc/avr/4.3.3/../../../../avr/lib/avr5\libm.a(fp_round.o)
 .text          0x00003422        0x0 c:/winavr-20100110/bin/../lib/gcc/avr/4.3.3/../../../../avr/lib/avr5\libm.a(fp_split3.o)
 .text          0x00003422        0x0 c:/winavr-20100110/bin/../lib/gcc/avr/4.3.3/../../../../avr/lib/avr5\libm.a(fp_zero.o)
 .text          0x00003422        0x0 c:/winavr-20100110/bin/../lib/gcc/avr/4.3.3/../../../../avr/lib/avr5\libm.a(mulsf3.o)
 .text          0x00003422        0x0 c:/winavr-20100110/bin/../lib/gcc/avr/4.3.3/../../../../avr/lib/avr5\libm.a(mulsf3x.o)
 .text          0x00003422        0x0 c:/winavr-20100110/bin/../lib/gcc/avr/4.3.3/../../../../avr/lib/avr5\libc.a(dtostrf.o)
 .text          0x00003422        0x0 c:/winavr-20100110/bin/../lib/gcc/avr/4.3.3/../../../../avr/lib/avr5\libc.a(malloc.o)
 .text          0x00003422        0x0 c:/winavr-20100110/bin/../lib/gcc/avr/4.3.3/../../../../avr/lib/avr5\libc.a(exit.o)
 .text          0x00003422        0x0 c:/winavr-20100110/bin/../lib/gcc/avr/4.3.3/../../../../avr/lib/avr5\libc.a(strchr_P.o)
 .text          0x00003422        0x0 c:/winavr-20100110/bin/../lib/gcc/avr/4.3.3/../../../../avr/lib/avr5\libc.a(memcpy.o)
 .text          0x00003422        0x0 c:/winavr-20100110/bin/../lib/gcc/avr/4.3.3/../../../../avr/lib/avr5\libc.a(ltoa.o)
 .text          0x00003422        0x0 c:/winavr-20100110/bin/../lib/gcc/avr/4.3.3/../../../../avr/lib/avr5\libc.a(ultoa.o)
 .text          0x00003422        0x0 c:/winavr-20100110/bin/../lib/gcc/avr/4.3.3/../../../../avr/lib/avr5\libc.a(fprintf_p.o)
 .text          0x00003422        0x0 c:/winavr-20100110/bin/../lib/gcc/avr/4.3.3/../../../../avr/lib/avr5\libc.a(fputc.o)
 .text          0x00003422        0x0 c:/winavr-20100110/bin/../lib/gcc/avr/4.3.3/../../../../avr/lib/avr5\libc.a(iob.o)
 .text          0x00003422        0x0 c:/winavr-20100110/bin/../lib/gcc/avr/4.3.3/../../../../avr/lib/avr5\libc.a(ultoa_invert.o)
 .text          0x00003422        0x0 c:/winavr-20100110/bin/../lib/gcc/avr/4.3.3/../../../../avr/lib/avr5\libc.a(dtoa_prf.o)
 .text          0x00003422        0x0 c:/winavr-20100110/bin/../lib/gcc/avr/4.3.3/../../../../avr/lib/avr5\libc.a(ftoa_engine.o)
 .text          0x00003422        0x0 c:/winavr-20100110/bin/../lib/gcc/avr/4.3.3/../../../../avr/lib/avr5\libc.a(strrev.o)
 .text          0x00003422        0x0 c:/winavr-20100110/bin/../lib/gcc/avr/4.3.3/avr5\libgcc.a(_mulsi3.o)
 .text          0x00003422        0x0 c:/winavr-20100110/bin/../lib/gcc/avr/4.3.3/avr5\libgcc.a(_udivmodhi4.o)
 .text          0x00003422        0x0 c:/winavr-20100110/bin/../lib/gcc/avr/4.3.3/avr5\libgcc.a(_udivmodsi4.o)
 .text          0x00003422        0x0 c:/winavr-20100110/bin/../lib/gcc/avr/4.3.3/avr5\libgcc.a(_divmodsi4.o)
 .text          0x00003422        0x0 c:/winavr-20100110/bin/../lib/gcc/avr/4.3.3/avr5\libgcc.a(_prologue.o)
 .text          0x00003422        0x0 c:/winavr-20100110/bin/../lib/gcc/avr/4.3.3/avr5\libgcc.a(_epilogue.o)
 .text          0x00003422        0x0 c:/winavr-20100110/bin/../lib/gcc/avr/4.3.3/avr5\libgcc.a(_exit.o)
 .text          0x00003422        0x0 c:/winavr-20100110/bin/../lib/gcc/avr/4.3.3/avr5\libgcc.a(_copy_data.o)
 .text          0x00003422        0x0 c:/winavr-20100110/bin/../lib/gcc/avr/4.3.3/avr5\libgcc.a(_clear_bss.o)
 .text          0x00003422        0x0 c:/winavr-20100110/bin/../lib/gcc/avr/4.3.3/avr5\libgcc.a(_ctors.o)
 .text          0x00003422        0x0 c:/winavr-20100110/bin/../lib/gcc/avr/4.3.3/avr5\libgcc.a(_tablejump.o)
                0x00003422                . = ALIGN (0x2)
 *(.text.*)
 .text.avr-libc
                0x00003422      0x23e c:/winavr-20100110/bin/../lib/gcc/avr/4.3.3/../../../../avr/lib/avr5\libprintf_min.a(vfprintf_min.o)
                0x00003422                vfprintf
 .text.avr-libc.fplib
                0x00003660        0xa c:/winavr-20100110/bin/../lib/gcc/avr/4.3.3/../../../../avr/lib/avr5\libm.a(addsf3.o)
                0x00003660                __subsf3
                0x00003662                __addsf3
 .text.avr-libc.fplib
                0x0000366a       0xc0 c:/winavr-20100110/bin/../lib/gcc/avr/4.3.3/../../../../avr/lib/avr5\libm.a(addsf3x.o)
                0x00003684                __addsf3x
 .text.avr-libc.fplib
                0x0000372a        0xa c:/winavr-20100110/bin/../lib/gcc/avr/4.3.3/../../../../avr/lib/avr5\libm.a(fixsfsi.o)
                0x0000372a                __fixsfsi
 .text.avr-libc.fplib
                0x00003734       0x58 c:/winavr-20100110/bin/../lib/gcc/avr/4.3.3/../../../../avr/lib/avr5\libm.a(fixunssfsi.o)
                0x00003734                __fixunssfsi
 .text.avr-libc.fplib
                0x0000378c       0x7a c:/winavr-20100110/bin/../lib/gcc/avr/4.3.3/../../../../avr/lib/avr5\libm.a(floatsisf.o)
                0x00003790                __floatsisf
                0x0000378c                __floatunsisf
 .text.avr-libc.fplib
                0x00003806        0xc c:/winavr-20100110/bin/../lib/gcc/avr/4.3.3/../../../../avr/lib/avr5\libm.a(fp_inf.o)
                0x00003806                __fp_inf
 .text.avr-libc.fplib
                0x00003812        0x6 c:/winavr-20100110/bin/../lib/gcc/avr/4.3.3/../../../../avr/lib/avr5\libm.a(fp_nan.o)
                0x00003812                __fp_nan
 .text.avr-libc.fplib
                0x00003818        0xe c:/winavr-20100110/bin/../lib/gcc/avr/4.3.3/../../../../avr/lib/avr5\libm.a(fp_pscA.o)
                0x00003818                __fp_pscA
 .text.avr-libc.fplib
                0x00003826        0xe c:/winavr-20100110/bin/../lib/gcc/avr/4.3.3/../../../../avr/lib/avr5\libm.a(fp_pscB.o)
                0x00003826                __fp_pscB
 .text.avr-libc.fplib
                0x00003834       0x22 c:/winavr-20100110/bin/../lib/gcc/avr/4.3.3/../../../../avr/lib/avr5\libm.a(fp_round.o)
                0x00003834                __fp_round
 .text.avr-libc.fplib
                0x00003856       0x44 c:/winavr-20100110/bin/../lib/gcc/avr/4.3.3/../../../../avr/lib/avr5\libm.a(fp_split3.o)
                0x00003856                __fp_split3
                0x00003866                __fp_splitA
 .text.avr-libc.fplib
                0x0000389a        0xe c:/winavr-20100110/bin/../lib/gcc/avr/4.3.3/../../../../avr/lib/avr5\libm.a(fp_zero.o)
                0x0000389a                __fp_zero
                0x0000389c                __fp_szero
 .text.avr-libc.fplib
                0x000038a8        0x4 c:/winavr-20100110/bin/../lib/gcc/avr/4.3.3/../../../../avr/lib/avr5\libm.a(mulsf3.o)
                0x000038a8                __mulsf3
 .text.avr-libc.fplib
                0x000038ac       0xc2 c:/winavr-20100110/bin/../lib/gcc/avr/4.3.3/../../../../avr/lib/avr5\libm.a(mulsf3x.o)
                0x000038c4                __mulsf3_pse
                0x000038c0                __mulsf3x
 .text.avr-libc
                0x0000396e       0x42 c:/winavr-20100110/bin/../lib/gcc/avr/4.3.3/../../../../avr/lib/avr5\libc.a(dtostrf.o)
                0x0000396e                dtostrf
 .text.avr-libc
                0x000039b0      0x20a c:/winavr-20100110/bin/../lib/gcc/avr/4.3.3/../../../../avr/lib/avr5\libc.a(malloc.o)
                0x000039b0                malloc
                0x00003b0a                free
 .text.avr-libc
                0x00003bba        0x6 c:/winavr-20100110/bin/../lib/gcc/avr/4.3.3/../../../../avr/lib/avr5\libc.a(exit.o)
                0x00003bba                exit
 .text.avr-libc
                0x00003bc0       0x16 c:/winavr-20100110/bin/../lib/gcc/avr/4.3.3/../../../../avr/lib/avr5\libc.a(strchr_P.o)
                0x00003bc0                strchr_P
 .text.avr-libc
                0x00003bd6       0x12 c:/winavr-20100110/bin/../lib/gcc/avr/4.3.3/../../../../avr/lib/avr5\libc.a(memcpy.o)
                0x00003bd6                memcpy
 .text.avr-libc
                0x00003be8       0x68 c:/winavr-20100110/bin/../lib/gcc/avr/4.3.3/../../../../avr/lib/avr5\libc.a(ltoa.o)
                0x00003be8                ltoa
 .text.avr-libc
                0x00003c50       0x4a c:/winavr-20100110/bin/../lib/gcc/avr/4.3.3/../../../../avr/lib/avr5\libc.a(ultoa.o)
                0x00003c50                ultoa
 .text.avr-libc
                0x00003c9a       0x3a c:/winavr-20100110/bin/../lib/gcc/avr/4.3.3/../../../../avr/lib/avr5\libc.a(fprintf_p.o)
                0x00003c9a                fprintf_P
 .text.avr-libc
                0x00003cd4       0x58 c:/winavr-20100110/bin/../lib/gcc/avr/4.3.3/../../../../avr/lib/avr5\libc.a(fputc.o)
                0x00003cd4                fputc
 .text.avr-libc
                0x00003d2c       0xbc c:/winavr-20100110/bin/../lib/gcc/avr/4.3.3/../../../../avr/lib/avr5\libc.a(ultoa_invert.o)
                0x00003d2c                __ultoa_invert
 .text.avr-libc
                0x00003de8      0x2c4 c:/winavr-20100110/bin/../lib/gcc/avr/4.3.3/../../../../avr/lib/avr5\libc.a(dtoa_prf.o)
                0x00003de8                dtoa_prf
 .text.avr-libc
                0x000040ac      0x1b0 c:/winavr-20100110/bin/../lib/gcc/avr/4.3.3/../../../../avr/lib/avr5\libc.a(ftoa_engine.o)
                0x000040ac                __ftoa_engine
 .text.avr-libc
                0x0000425c       0x20 c:/winavr-20100110/bin/../lib/gcc/avr/4.3.3/../../../../avr/lib/avr5\libc.a(strrev.o)
                0x0000425c                strrev
 .text.libgcc   0x0000427c       0x3e c:/winavr-20100110/bin/../lib/gcc/avr/4.3.3/avr5\libgcc.a(_mulsi3.o)
                0x0000427c                __mulsi3
 .text.libgcc   0x000042ba       0x28 c:/winavr-20100110/bin/../lib/gcc/avr/4.3.3/avr5\libgcc.a(_udivmodhi4.o)
                0x000042ba                __udivmodhi4
 .text.libgcc   0x000042e2       0x44 c:/winavr-20100110/bin/../lib/gcc/avr/4.3.3/avr5\libgcc.a(_udivmodsi4.o)
                0x000042e2                __udivmodsi4
 .text.libgcc   0x00004326       0x36 c:/winavr-20100110/bin/../lib/gcc/avr/4.3.3/avr5\libgcc.a(_divmodsi4.o)
                0x00004326                __divmodsi4
 .text.libgcc   0x0000435c       0x38 c:/winavr-20100110/bin/../lib/gcc/avr/4.3.3/avr5\libgcc.a(_prologue.o)
                0x0000435c                __prologue_saves__
 .text.libgcc   0x00004394       0x36 c:/winavr-20100110/bin/../lib/gcc/avr/4.3.3/avr5\libgcc.a(_epilogue.o)
                0x00004394                __epilogue_restores__
 .text.libgcc   0x000043ca        0x0 c:/winavr-20100110/bin/../lib/gcc/avr/4.3.3/avr5\libgcc.a(_exit.o)
 .text.libgcc   0x000043ca        0x0 c:/winavr-20100110/bin/../lib/gcc/avr/4.3.3/avr5\libgcc.a(_copy_data.o)
 .text.libgcc   0x000043ca        0x0 c:/winavr-20100110/bin/../lib/gcc/avr/4.3.3/avr5\libgcc.a(_clear_bss.o)
 .text.libgcc   0x000043ca        0x0 c:/winavr-20100110/bin/../lib/gcc/avr/4.3.3/avr5\libgcc.a(_ctors.o)
 .text.libgcc   0x000043ca        0xc c:/winavr-20100110/bin/../lib/gcc/avr/4.3.3/avr5\libgcc.a(_tablejump.o)
                0x000043ce                __tablejump__
                0x000043ca                __tablejump2__
                0x000043d6                . = ALIGN (0x2)
 *(.fini9)
 .fini9         0x000043d6        0x0 c:/winavr-20100110/bin/../lib/gcc/avr/4.3.3/avr5\libgcc.a(_exit.o)
                0x000043d6                _exit
 *(.fini9)
 *(.fini8)
 *(.fini8)
 *(.fini7)
 *(.fini7)
 *(.fini6)
 *(.fini6)
 *(.fini5)
 *(.fini5)
 *(.fini4)
 *(.fini4)
 *(.fini3)
 *(.fini3)
 *(.fini2)
 *(.fini2)
 *(.fini1)
 *(.fini1)
 *(.fini0)
 .fini0         0x000043d6        0x4 c:/winavr-20100110/bin/../lib/gcc/avr/4.3.3/avr5\libgcc.a(_exit.o)
 *(.fini0)
                0x000043da                _etext = .

.data           0x00800200      0x386 load address 0x000043da
                0x00800200                PROVIDE (__data_start, .)
 *(.data)
 .data          0x00800200        0x0 c:/winavr-20100110/bin/../lib/gcc/avr/4.3.3/../../../../avr/lib/avr5/crtm640.o
 .data          0x00800200        0x0 c:/winavr-20100110/bin/../lib/gcc/avr/4.3.3/../../../../avr/lib/avr5\libprintf_min.a(vfprintf_min.o)
 .data          0x00800200      0x1c4 bug3.o
 .data          0x008003c4        0x0 lib/gen_clock.o
 .data          0x008003c4        0x1 lib/lib_timerdef.o
                0x008003c4                NUMBER_OF_TIMERS
 .data          0x008003c5      0x184 lib/lib_hardware.o
                0x0080043f                _servo2_
                0x00800511                _servo11_
                0x0080046b                _servo4_
                0x0080053d                _servos2_
                0x008004b9                _servo7_
                0x008003cd                __C_uart1
                0x00800401                _led_display_
                0x008004e5                _servo9_
                0x00800497                _servo6_
                0x00800429                _servo_
                0x008003ff                _button_
                0x00800481                _servo5_
                0x00800412                _marquee_
                0x008003c5                cpu_speed
                0x00800455                _servo3_
                0x008004fb                _servo10_
                0x008003fe                NUM_ADC_CHANNELS
                0x008003cb                cpu_speed_div_1000000
                0x008004cf                _servo8_
                0x008003c9                cpu_speed_div_1000
                0x00800527                _servo12_
                0x008004ad                _Servos1_
 .data          0x00800549       0x34 lib/lib_ctor.o
                0x00800555                vtable for Marquee
                0x00800565                vtable for UartHW
                0x0080054f                vtable for Led
                0x00800575                vtable for NullStream
                0x0080056d                vtable for Uart
                0x0080055d                vtable for Stream
                0x00800549                vtable for StatusLed
 .data          0x0080057d        0x0 lib/lib_timers.o
 .data          0x0080057d        0x0 lib/lib_iopins.o
 .data          0x0080057d        0x0 C:\Users\roman_000\Desktop\webbot\lib2\webbotavrclib-2.11\libWebbot-ATmega640.a(servoPWM.o)
 .data          0x0080057d        0x0 C:\Users\roman_000\Desktop\webbot\lib2\webbotavrclib-2.11\libWebbot-ATmega640.a(servosConfig.o)
 .data          0x0080057d        0x0 C:\Users\roman_000\Desktop\webbot\lib2\webbotavrclib-2.11\libWebbot-ATmega640.a(StreamChar.o)
 .data          0x0080057d        0x0 C:\Users\roman_000\Desktop\webbot\lib2\webbotavrclib-2.11\libWebbot-ATmega640.a(StreamDouble.o)
 .data          0x0080057d        0x0 C:\Users\roman_000\Desktop\webbot\lib2\webbotavrclib-2.11\libWebbot-ATmega640.a(StreamSigned.o)
 .data          0x0080057d        0x0 C:\Users\roman_000\Desktop\webbot\lib2\webbotavrclib-2.11\libWebbot-ATmega640.a(StreamString.o)
 .data          0x0080057d        0x0 C:\Users\roman_000\Desktop\webbot\lib2\webbotavrclib-2.11\libWebbot-ATmega640.a(StreamUnsigned.o)
 .data          0x0080057d        0x0 C:\Users\roman_000\Desktop\webbot\lib2\webbotavrclib-2.11\libWebbot-ATmega640.a(actuators.o)
 .data          0x0080057d        0x0 C:\Users\roman_000\Desktop\webbot\lib2\webbotavrclib-2.11\libWebbot-ATmega640.a(core_interp.o)
 .data          0x0080057d        0x0 C:\Users\roman_000\Desktop\webbot\lib2\webbotavrclib-2.11\libWebbot-ATmega640.a(core_interpU.o)
 .data          0x0080057d        0x0 C:\Users\roman_000\Desktop\webbot\lib2\webbotavrclib-2.11\libWebbot-ATmega640.a(errors.o)
 .data          0x0080057d        0x0 C:\Users\roman_000\Desktop\webbot\lib2\webbotavrclib-2.11\libWebbot-ATmega640.a(iopin_is_output.o)
 .data          0x0080057d        0x0 C:\Users\roman_000\Desktop\webbot\lib2\webbotavrclib-2.11\libWebbot-ATmega640.a(iopin_make_input.o)
 .data          0x0080057d        0x0 C:\Users\roman_000\Desktop\webbot\lib2\webbotavrclib-2.11\libWebbot-ATmega640.a(iopin_make_output.o)
 .data          0x0080057d        0x0 C:\Users\roman_000\Desktop\webbot\lib2\webbotavrclib-2.11\libWebbot-ATmega640.a(led.o)
 .data          0x0080057d        0x0 C:\Users\roman_000\Desktop\webbot\lib2\webbotavrclib-2.11\libWebbot-ATmega640.a(main.o)
 .data          0x0080057d        0x2 C:\Users\roman_000\Desktop\webbot\lib2\webbotavrclib-2.11\libWebbot-ATmega640.a(rprintf.o)
 .data          0x0080057f        0x0 C:\Users\roman_000\Desktop\webbot\lib2\webbotavrclib-2.11\libWebbot-ATmega640.a(marqueeSendByte.o)
 .data          0x0080057f        0x0 C:\Users\roman_000\Desktop\webbot\lib2\webbotavrclib-2.11\libWebbot-ATmega640.a(segled.o)
 .data          0x0080057f        0x0 C:\Users\roman_000\Desktop\webbot\lib2\webbotavrclib-2.11\libWebbot-ATmega640.a(segled8.o)
 .data          0x0080057f        0x0 C:\Users\roman_000\Desktop\webbot\lib2\webbotavrclib-2.11\libWebbot-ATmega640.a(compareFromIOPin.o)
 .data          0x0080057f        0x0 C:\Users\roman_000\Desktop\webbot\lib2\webbotavrclib-2.11\libWebbot-ATmega640.a(compareSetOutputMode.o)
 .data          0x0080057f        0x0 C:\Users\roman_000\Desktop\webbot\lib2\webbotavrclib-2.11\libWebbot-ATmega640.a(compareSetThreshold.o)
 .data          0x0080057f        0x0 C:\Users\roman_000\Desktop\webbot\lib2\webbotavrclib-2.11\libWebbot-ATmega640.a(_uart_common.o)
 .data          0x0080057f        0x0 C:\Users\roman_000\Desktop\webbot\lib2\webbotavrclib-2.11\libWebbot-ATmega640.a(uart.o)
 .data          0x0080057f        0x0 C:\Users\roman_000\Desktop\webbot\lib2\webbotavrclib-2.11\libWebbot-ATmega640.a(uartCommonRx.o)
 .data          0x0080057f        0x0 C:\Users\roman_000\Desktop\webbot\lib2\webbotavrclib-2.11\libWebbot-ATmega640.a(uartCommonRxNoBuf.o)
 .data          0x0080057f        0x0 C:\Users\roman_000\Desktop\webbot\lib2\webbotavrclib-2.11\libWebbot-ATmega640.a(uartCommonTx.o)
 .data          0x0080057f        0x0 C:\Users\roman_000\Desktop\webbot\lib2\webbotavrclib-2.11\libWebbot-ATmega640.a(uartCommonTxNoBuf.o)
 .data          0x0080057f        0x0 C:\Users\roman_000\Desktop\webbot\lib2\webbotavrclib-2.11\libWebbot-ATmega640.a(uartPollByte.o)
 .data          0x0080057f        0x0 C:\Users\roman_000\Desktop\webbot\lib2\webbotavrclib-2.11\libWebbot-ATmega640.a(clockHasElapsed.o)
 .data          0x0080057f        0x0 C:\Users\roman_000\Desktop\webbot\lib2\webbotavrclib-2.11\libWebbot-ATmega640.a(clockHasElapsedGetOverflow.o)
 .data          0x0080057f        0x0 C:\Users\roman_000\Desktop\webbot\lib2\webbotavrclib-2.11\libWebbot-ATmega640.a(breathe.o)
 .data          0x0080057f        0x0 C:\Users\roman_000\Desktop\webbot\lib2\webbotavrclib-2.11\libWebbot-ATmega640.a(iopin.o)
 .data          0x0080057f        0x0 C:\Users\roman_000\Desktop\webbot\lib2\webbotavrclib-2.11\libWebbot-ATmega640.a(iopin_set.o)
 .data          0x0080057f        0x1 lib\libPost.a(opt_scheduler.o)
                0x0080057f                maxJobs
 .data          0x00800580        0x0 c:/winavr-20100110/bin/../lib/gcc/avr/4.3.3/../../../../avr/lib/avr5\libm.a(addsf3.o)
 .data          0x00800580        0x0 c:/winavr-20100110/bin/../lib/gcc/avr/4.3.3/../../../../avr/lib/avr5\libm.a(addsf3x.o)
 .data          0x00800580        0x0 c:/winavr-20100110/bin/../lib/gcc/avr/4.3.3/../../../../avr/lib/avr5\libm.a(fixsfsi.o)
 .data          0x00800580        0x0 c:/winavr-20100110/bin/../lib/gcc/avr/4.3.3/../../../../avr/lib/avr5\libm.a(fixunssfsi.o)
 .data          0x00800580        0x0 c:/winavr-20100110/bin/../lib/gcc/avr/4.3.3/../../../../avr/lib/avr5\libm.a(floatsisf.o)
 .data          0x00800580        0x0 c:/winavr-20100110/bin/../lib/gcc/avr/4.3.3/../../../../avr/lib/avr5\libm.a(fp_inf.o)
 .data          0x00800580        0x0 c:/winavr-20100110/bin/../lib/gcc/avr/4.3.3/../../../../avr/lib/avr5\libm.a(fp_nan.o)
 .data          0x00800580        0x0 c:/winavr-20100110/bin/../lib/gcc/avr/4.3.3/../../../../avr/lib/avr5\libm.a(fp_pscA.o)
 .data          0x00800580        0x0 c:/winavr-20100110/bin/../lib/gcc/avr/4.3.3/../../../../avr/lib/avr5\libm.a(fp_pscB.o)
 .data          0x00800580        0x0 c:/winavr-20100110/bin/../lib/gcc/avr/4.3.3/../../../../avr/lib/avr5\libm.a(fp_round.o)
 .data          0x00800580        0x0 c:/winavr-20100110/bin/../lib/gcc/avr/4.3.3/../../../../avr/lib/avr5\libm.a(fp_split3.o)
 .data          0x00800580        0x0 c:/winavr-20100110/bin/../lib/gcc/avr/4.3.3/../../../../avr/lib/avr5\libm.a(fp_zero.o)
 .data          0x00800580        0x0 c:/winavr-20100110/bin/../lib/gcc/avr/4.3.3/../../../../avr/lib/avr5\libm.a(mulsf3.o)
 .data          0x00800580        0x0 c:/winavr-20100110/bin/../lib/gcc/avr/4.3.3/../../../../avr/lib/avr5\libm.a(mulsf3x.o)
 .data          0x00800580        0x0 c:/winavr-20100110/bin/../lib/gcc/avr/4.3.3/../../../../avr/lib/avr5\libc.a(dtostrf.o)
 .data          0x00800580        0x6 c:/winavr-20100110/bin/../lib/gcc/avr/4.3.3/../../../../avr/lib/avr5\libc.a(malloc.o)
                0x00800582                __malloc_heap_start
                0x00800584                __malloc_heap_end
                0x00800580                __malloc_margin
 .data          0x00800586        0x0 c:/winavr-20100110/bin/../lib/gcc/avr/4.3.3/../../../../avr/lib/avr5\libc.a(exit.o)
 .data          0x00800586        0x0 c:/winavr-20100110/bin/../lib/gcc/avr/4.3.3/../../../../avr/lib/avr5\libc.a(strchr_P.o)
 .data          0x00800586        0x0 c:/winavr-20100110/bin/../lib/gcc/avr/4.3.3/../../../../avr/lib/avr5\libc.a(memcpy.o)
 .data          0x00800586        0x0 c:/winavr-20100110/bin/../lib/gcc/avr/4.3.3/../../../../avr/lib/avr5\libc.a(ltoa.o)
 .data          0x00800586        0x0 c:/winavr-20100110/bin/../lib/gcc/avr/4.3.3/../../../../avr/lib/avr5\libc.a(ultoa.o)
 .data          0x00800586        0x0 c:/winavr-20100110/bin/../lib/gcc/avr/4.3.3/../../../../avr/lib/avr5\libc.a(fprintf_p.o)
 .data          0x00800586        0x0 c:/winavr-20100110/bin/../lib/gcc/avr/4.3.3/../../../../avr/lib/avr5\libc.a(fputc.o)
 .data          0x00800586        0x0 c:/winavr-20100110/bin/../lib/gcc/avr/4.3.3/../../../../avr/lib/avr5\libc.a(iob.o)
 .data          0x00800586        0x0 c:/winavr-20100110/bin/../lib/gcc/avr/4.3.3/../../../../avr/lib/avr5\libc.a(ultoa_invert.o)
 .data          0x00800586        0x0 c:/winavr-20100110/bin/../lib/gcc/avr/4.3.3/../../../../avr/lib/avr5\libc.a(dtoa_prf.o)
 .data          0x00800586        0x0 c:/winavr-20100110/bin/../lib/gcc/avr/4.3.3/../../../../avr/lib/avr5\libc.a(ftoa_engine.o)
 .data          0x00800586        0x0 c:/winavr-20100110/bin/../lib/gcc/avr/4.3.3/../../../../avr/lib/avr5\libc.a(strrev.o)
 .data          0x00800586        0x0 c:/winavr-20100110/bin/../lib/gcc/avr/4.3.3/avr5\libgcc.a(_mulsi3.o)
 .data          0x00800586        0x0 c:/winavr-20100110/bin/../lib/gcc/avr/4.3.3/avr5\libgcc.a(_udivmodhi4.o)
 .data          0x00800586        0x0 c:/winavr-20100110/bin/../lib/gcc/avr/4.3.3/avr5\libgcc.a(_udivmodsi4.o)
 .data          0x00800586        0x0 c:/winavr-20100110/bin/../lib/gcc/avr/4.3.3/avr5\libgcc.a(_divmodsi4.o)
 .data          0x00800586        0x0 c:/winavr-20100110/bin/../lib/gcc/avr/4.3.3/avr5\libgcc.a(_prologue.o)
 .data          0x00800586        0x0 c:/winavr-20100110/bin/../lib/gcc/avr/4.3.3/avr5\libgcc.a(_epilogue.o)
 .data          0x00800586        0x0 c:/winavr-20100110/bin/../lib/gcc/avr/4.3.3/avr5\libgcc.a(_exit.o)
 .data          0x00800586        0x0 c:/winavr-20100110/bin/../lib/gcc/avr/4.3.3/avr5\libgcc.a(_copy_data.o)
 .data          0x00800586        0x0 c:/winavr-20100110/bin/../lib/gcc/avr/4.3.3/avr5\libgcc.a(_clear_bss.o)
 .data          0x00800586        0x0 c:/winavr-20100110/bin/../lib/gcc/avr/4.3.3/avr5\libgcc.a(_ctors.o)
 .data          0x00800586        0x0 c:/winavr-20100110/bin/../lib/gcc/avr/4.3.3/avr5\libgcc.a(_tablejump.o)
 *(.data*)
 *(.rodata)
 *(.rodata*)
 *(.gnu.linkonce.d*)
                0x00800586                . = ALIGN (0x2)
                0x00800586                _edata = .
                0x00800586                PROVIDE (__data_end, .)

.bss            0x00800586      0x2c2
                0x00800586                PROVIDE (__bss_start, .)
 *(.bss)
 .bss           0x00800586        0x0 c:/winavr-20100110/bin/../lib/gcc/avr/4.3.3/../../../../avr/lib/avr5/crtm640.o
 .bss           0x00800586        0x0 c:/winavr-20100110/bin/../lib/gcc/avr/4.3.3/../../../../avr/lib/avr5\libprintf_min.a(vfprintf_min.o)
 .bss           0x00800586      0x197 bug3.o
                0x00800719                last_loop_time
                0x00800718                r_curr_servo
                0x0080065a                command_in_process
                0x00800586                servos
                0x0080059d                command_receiving
                0x0080059c                VERBOSE
                0x00800717                r_curr_subcommand
 .bss           0x0080071d        0x5 lib/gen_clock.o
 .bss           0x00800722       0x82 lib/lib_timerdef.o
 .bss           0x008007a4        0x0 lib/lib_hardware.o
 .bss           0x008007a4       0x75 lib/lib_ctor.o
                0x008007cc                servo5
                0x008007a4                statusLed
                0x00800809                nullStream
                0x008007f0                uart1
                0x008007de                servo9
                0x008007da                servo8
                0x008007e2                servo10
                0x008007a8                button
                0x008007aa                marquee
                0x008007c4                servo3
                0x008007ee                servos2
                0x008007bc                servo
                0x008007e6                servo11
                0x008007d4                Servos1
                0x008007d0                servo6
                0x008007ea                servo12
                0x008007c8                servo4
                0x008007c0                servo2
                0x008007d6                servo7
 .bss           0x00800819        0x0 lib/lib_timers.o
 .bss           0x00800819        0x0 lib/lib_iopins.o
 .bss           0x00800819        0x0 C:\Users\roman_000\Desktop\webbot\lib2\webbotavrclib-2.11\libWebbot-ATmega640.a(servoPWM.o)
 .bss           0x00800819        0x0 C:\Users\roman_000\Desktop\webbot\lib2\webbotavrclib-2.11\libWebbot-ATmega640.a(servosConfig.o)
 .bss           0x00800819        0x0 C:\Users\roman_000\Desktop\webbot\lib2\webbotavrclib-2.11\libWebbot-ATmega640.a(StreamChar.o)
 .bss           0x00800819        0x0 C:\Users\roman_000\Desktop\webbot\lib2\webbotavrclib-2.11\libWebbot-ATmega640.a(StreamDouble.o)
 .bss           0x00800819        0x0 C:\Users\roman_000\Desktop\webbot\lib2\webbotavrclib-2.11\libWebbot-ATmega640.a(StreamSigned.o)
 .bss           0x00800819        0x0 C:\Users\roman_000\Desktop\webbot\lib2\webbotavrclib-2.11\libWebbot-ATmega640.a(StreamString.o)
 .bss           0x00800819        0x0 C:\Users\roman_000\Desktop\webbot\lib2\webbotavrclib-2.11\libWebbot-ATmega640.a(StreamUnsigned.o)
 .bss           0x00800819        0x0 C:\Users\roman_000\Desktop\webbot\lib2\webbotavrclib-2.11\libWebbot-ATmega640.a(actuators.o)
 .bss           0x00800819        0x0 C:\Users\roman_000\Desktop\webbot\lib2\webbotavrclib-2.11\libWebbot-ATmega640.a(core_interp.o)
 .bss           0x00800819        0x0 C:\Users\roman_000\Desktop\webbot\lib2\webbotavrclib-2.11\libWebbot-ATmega640.a(core_interpU.o)
 .bss           0x00800819        0x0 C:\Users\roman_000\Desktop\webbot\lib2\webbotavrclib-2.11\libWebbot-ATmega640.a(errors.o)
 .bss           0x00800819        0x0 C:\Users\roman_000\Desktop\webbot\lib2\webbotavrclib-2.11\libWebbot-ATmega640.a(iopin_is_output.o)
 .bss           0x00800819        0x0 C:\Users\roman_000\Desktop\webbot\lib2\webbotavrclib-2.11\libWebbot-ATmega640.a(iopin_make_input.o)
 .bss           0x00800819        0x0 C:\Users\roman_000\Desktop\webbot\lib2\webbotavrclib-2.11\libWebbot-ATmega640.a(iopin_make_output.o)
 .bss           0x00800819        0x0 C:\Users\roman_000\Desktop\webbot\lib2\webbotavrclib-2.11\libWebbot-ATmega640.a(led.o)
 .bss           0x00800819        0xc C:\Users\roman_000\Desktop\webbot\lib2\webbotavrclib-2.11\libWebbot-ATmega640.a(main.o)
 .bss           0x00800825        0x0 C:\Users\roman_000\Desktop\webbot\lib2\webbotavrclib-2.11\libWebbot-ATmega640.a(rprintf.o)
 .bss           0x00800825        0x0 C:\Users\roman_000\Desktop\webbot\lib2\webbotavrclib-2.11\libWebbot-ATmega640.a(marqueeSendByte.o)
 .bss           0x00800825        0x0 C:\Users\roman_000\Desktop\webbot\lib2\webbotavrclib-2.11\libWebbot-ATmega640.a(segled.o)
 .bss           0x00800825        0x0 C:\Users\roman_000\Desktop\webbot\lib2\webbotavrclib-2.11\libWebbot-ATmega640.a(segled8.o)
 .bss           0x00800825        0x0 C:\Users\roman_000\Desktop\webbot\lib2\webbotavrclib-2.11\libWebbot-ATmega640.a(compareFromIOPin.o)
 .bss           0x00800825        0x0 C:\Users\roman_000\Desktop\webbot\lib2\webbotavrclib-2.11\libWebbot-ATmega640.a(compareSetOutputMode.o)
 .bss           0x00800825        0x0 C:\Users\roman_000\Desktop\webbot\lib2\webbotavrclib-2.11\libWebbot-ATmega640.a(compareSetThreshold.o)
 .bss           0x00800825        0x0 C:\Users\roman_000\Desktop\webbot\lib2\webbotavrclib-2.11\libWebbot-ATmega640.a(_uart_common.o)
 .bss           0x00800825        0x0 C:\Users\roman_000\Desktop\webbot\lib2\webbotavrclib-2.11\libWebbot-ATmega640.a(uart.o)
 .bss           0x00800825        0x0 C:\Users\roman_000\Desktop\webbot\lib2\webbotavrclib-2.11\libWebbot-ATmega640.a(uartCommonRx.o)
 .bss           0x00800825        0x0 C:\Users\roman_000\Desktop\webbot\lib2\webbotavrclib-2.11\libWebbot-ATmega640.a(uartCommonRxNoBuf.o)
 .bss           0x00800825        0x0 C:\Users\roman_000\Desktop\webbot\lib2\webbotavrclib-2.11\libWebbot-ATmega640.a(uartCommonTx.o)
 .bss           0x00800825        0x0 C:\Users\roman_000\Desktop\webbot\lib2\webbotavrclib-2.11\libWebbot-ATmega640.a(uartCommonTxNoBuf.o)
 .bss           0x00800825        0x0 C:\Users\roman_000\Desktop\webbot\lib2\webbotavrclib-2.11\libWebbot-ATmega640.a(uartPollByte.o)
 .bss           0x00800825        0x0 C:\Users\roman_000\Desktop\webbot\lib2\webbotavrclib-2.11\libWebbot-ATmega640.a(clockHasElapsed.o)
 .bss           0x00800825        0x0 C:\Users\roman_000\Desktop\webbot\lib2\webbotavrclib-2.11\libWebbot-ATmega640.a(clockHasElapsedGetOverflow.o)
 .bss           0x00800825        0x0 C:\Users\roman_000\Desktop\webbot\lib2\webbotavrclib-2.11\libWebbot-ATmega640.a(breathe.o)
 .bss           0x00800825        0x0 C:\Users\roman_000\Desktop\webbot\lib2\webbotavrclib-2.11\libWebbot-ATmega640.a(iopin.o)
 .bss           0x00800825        0x0 C:\Users\roman_000\Desktop\webbot\lib2\webbotavrclib-2.11\libWebbot-ATmega640.a(iopin_set.o)
 .bss           0x00800825       0x11 lib\libPost.a(opt_scheduler.o)
 .bss           0x00800836        0x0 c:/winavr-20100110/bin/../lib/gcc/avr/4.3.3/../../../../avr/lib/avr5\libm.a(addsf3.o)
 .bss           0x00800836        0x0 c:/winavr-20100110/bin/../lib/gcc/avr/4.3.3/../../../../avr/lib/avr5\libm.a(addsf3x.o)
 .bss           0x00800836        0x0 c:/winavr-20100110/bin/../lib/gcc/avr/4.3.3/../../../../avr/lib/avr5\libm.a(fixsfsi.o)
 .bss           0x00800836        0x0 c:/winavr-20100110/bin/../lib/gcc/avr/4.3.3/../../../../avr/lib/avr5\libm.a(fixunssfsi.o)
 .bss           0x00800836        0x0 c:/winavr-20100110/bin/../lib/gcc/avr/4.3.3/../../../../avr/lib/avr5\libm.a(floatsisf.o)
 .bss           0x00800836        0x0 c:/winavr-20100110/bin/../lib/gcc/avr/4.3.3/../../../../avr/lib/avr5\libm.a(fp_inf.o)
 .bss           0x00800836        0x0 c:/winavr-20100110/bin/../lib/gcc/avr/4.3.3/../../../../avr/lib/avr5\libm.a(fp_nan.o)
 .bss           0x00800836        0x0 c:/winavr-20100110/bin/../lib/gcc/avr/4.3.3/../../../../avr/lib/avr5\libm.a(fp_pscA.o)
 .bss           0x00800836        0x0 c:/winavr-20100110/bin/../lib/gcc/avr/4.3.3/../../../../avr/lib/avr5\libm.a(fp_pscB.o)
 .bss           0x00800836        0x0 c:/winavr-20100110/bin/../lib/gcc/avr/4.3.3/../../../../avr/lib/avr5\libm.a(fp_round.o)
 .bss           0x00800836        0x0 c:/winavr-20100110/bin/../lib/gcc/avr/4.3.3/../../../../avr/lib/avr5\libm.a(fp_split3.o)
 .bss           0x00800836        0x0 c:/winavr-20100110/bin/../lib/gcc/avr/4.3.3/../../../../avr/lib/avr5\libm.a(fp_zero.o)
 .bss           0x00800836        0x0 c:/winavr-20100110/bin/../lib/gcc/avr/4.3.3/../../../../avr/lib/avr5\libm.a(mulsf3.o)
 .bss           0x00800836        0x0 c:/winavr-20100110/bin/../lib/gcc/avr/4.3.3/../../../../avr/lib/avr5\libm.a(mulsf3x.o)
 .bss           0x00800836        0x0 c:/winavr-20100110/bin/../lib/gcc/avr/4.3.3/../../../../avr/lib/avr5\libc.a(dtostrf.o)
 .bss           0x00800836        0x0 c:/winavr-20100110/bin/../lib/gcc/avr/4.3.3/../../../../avr/lib/avr5\libc.a(malloc.o)
 .bss           0x00800836        0x0 c:/winavr-20100110/bin/../lib/gcc/avr/4.3.3/../../../../avr/lib/avr5\libc.a(exit.o)
 .bss           0x00800836        0x0 c:/winavr-20100110/bin/../lib/gcc/avr/4.3.3/../../../../avr/lib/avr5\libc.a(strchr_P.o)
 .bss           0x00800836        0x0 c:/winavr-20100110/bin/../lib/gcc/avr/4.3.3/../../../../avr/lib/avr5\libc.a(memcpy.o)
 .bss           0x00800836        0x0 c:/winavr-20100110/bin/../lib/gcc/avr/4.3.3/../../../../avr/lib/avr5\libc.a(ltoa.o)
 .bss           0x00800836        0x0 c:/winavr-20100110/bin/../lib/gcc/avr/4.3.3/../../../../avr/lib/avr5\libc.a(ultoa.o)
 .bss           0x00800836        0x0 c:/winavr-20100110/bin/../lib/gcc/avr/4.3.3/../../../../avr/lib/avr5\libc.a(fprintf_p.o)
 .bss           0x00800836        0x0 c:/winavr-20100110/bin/../lib/gcc/avr/4.3.3/../../../../avr/lib/avr5\libc.a(fputc.o)
 .bss           0x00800836        0x0 c:/winavr-20100110/bin/../lib/gcc/avr/4.3.3/../../../../avr/lib/avr5\libc.a(iob.o)
 .bss           0x00800836        0x0 c:/winavr-20100110/bin/../lib/gcc/avr/4.3.3/../../../../avr/lib/avr5\libc.a(ultoa_invert.o)
 .bss           0x00800836        0x0 c:/winavr-20100110/bin/../lib/gcc/avr/4.3.3/../../../../avr/lib/avr5\libc.a(dtoa_prf.o)
 .bss           0x00800836        0x0 c:/winavr-20100110/bin/../lib/gcc/avr/4.3.3/../../../../avr/lib/avr5\libc.a(ftoa_engine.o)
 .bss           0x00800836        0x0 c:/winavr-20100110/bin/../lib/gcc/avr/4.3.3/../../../../avr/lib/avr5\libc.a(strrev.o)
 .bss           0x00800836        0x0 c:/winavr-20100110/bin/../lib/gcc/avr/4.3.3/avr5\libgcc.a(_mulsi3.o)
 .bss           0x00800836        0x0 c:/winavr-20100110/bin/../lib/gcc/avr/4.3.3/avr5\libgcc.a(_udivmodhi4.o)
 .bss           0x00800836        0x0 c:/winavr-20100110/bin/../lib/gcc/avr/4.3.3/avr5\libgcc.a(_udivmodsi4.o)
 .bss           0x00800836        0x0 c:/winavr-20100110/bin/../lib/gcc/avr/4.3.3/avr5\libgcc.a(_divmodsi4.o)
 .bss           0x00800836        0x0 c:/winavr-20100110/bin/../lib/gcc/avr/4.3.3/avr5\libgcc.a(_prologue.o)
 .bss           0x00800836        0x0 c:/winavr-20100110/bin/../lib/gcc/avr/4.3.3/avr5\libgcc.a(_epilogue.o)
 .bss           0x00800836        0x0 c:/winavr-20100110/bin/../lib/gcc/avr/4.3.3/avr5\libgcc.a(_exit.o)
 .bss           0x00800836        0x0 c:/winavr-20100110/bin/../lib/gcc/avr/4.3.3/avr5\libgcc.a(_copy_data.o)
 .bss           0x00800836        0x0 c:/winavr-20100110/bin/../lib/gcc/avr/4.3.3/avr5\libgcc.a(_clear_bss.o)
 .bss           0x00800836        0x0 c:/winavr-20100110/bin/../lib/gcc/avr/4.3.3/avr5\libgcc.a(_ctors.o)
 .bss           0x00800836        0x0 c:/winavr-20100110/bin/../lib/gcc/avr/4.3.3/avr5\libgcc.a(_tablejump.o)
 *(.bss*)
 *(COMMON)
 COMMON         0x00800836        0x5 C:\Users\roman_000\Desktop\webbot\lib2\webbotavrclib-2.11\libWebbot-ATmega640.a(errors.o)
                0x00800836                __error
 COMMON         0x0080083b        0x3 C:\Users\roman_000\Desktop\webbot\lib2\webbotavrclib-2.11\libWebbot-ATmega640.a(led.o)
                0x0080083b                statusLED
 COMMON         0x0080083e        0x4 c:/winavr-20100110/bin/../lib/gcc/avr/4.3.3/../../../../avr/lib/avr5\libc.a(malloc.o)
                0x0080083e                __brkval
                0x00800840                __flp
 COMMON         0x00800842        0x6 c:/winavr-20100110/bin/../lib/gcc/avr/4.3.3/../../../../avr/lib/avr5\libc.a(iob.o)
                0x00800842                __iob
                0x00800848                PROVIDE (__bss_end, .)
                0x000043da                __data_load_start = LOADADDR (.data)
                0x00004760                __data_load_end = (__data_load_start + SIZEOF (.data))

.noinit         0x00800848        0x0
                0x00800848                PROVIDE (__noinit_start, .)
 *(.noinit*)
                0x00800848                PROVIDE (__noinit_end, .)
                0x00800848                _end = .
                0x00800848                PROVIDE (__heap_start, .)

.eeprom         0x00810000        0x0
 *(.eeprom*)
                0x00810000                __eeprom_end = .

.fuse
 *(.fuse)
 *(.lfuse)
 *(.hfuse)
 *(.efuse)

.lock
 *(.lock*)

.signature
 *(.signature*)

.stab
 *(.stab)

.stabstr
 *(.stabstr)

.stab.excl
 *(.stab.excl)

.stab.exclstr
 *(.stab.exclstr)

.stab.index
 *(.stab.index)

.stab.indexstr
 *(.stab.indexstr)

.comment
 *(.comment)

.debug
 *(.debug)

.line
 *(.line)

.debug_srcinfo
 *(.debug_srcinfo)

.debug_sfnames
 *(.debug_sfnames)

.debug_aranges  0x00000000      0x520
 *(.debug_aranges)
 .debug_aranges
                0x00000000       0x20 bug3.o
 .debug_aranges
                0x00000020       0x20 lib/gen_clock.o
 .debug_aranges
                0x00000040       0x20 lib/lib_hardware.o
 .debug_aranges
                0x00000060       0x20 lib/lib_ctor.o
 .debug_aranges
                0x00000080       0x20 lib/lib_timers.o
 .debug_aranges
                0x000000a0       0x20 C:\Users\roman_000\Desktop\webbot\lib2\webbotavrclib-2.11\libWebbot-ATmega640.a(servoPWM.o)
 .debug_aranges
                0x000000c0       0x20 C:\Users\roman_000\Desktop\webbot\lib2\webbotavrclib-2.11\libWebbot-ATmega640.a(servosConfig.o)
 .debug_aranges
                0x000000e0       0x20 C:\Users\roman_000\Desktop\webbot\lib2\webbotavrclib-2.11\libWebbot-ATmega640.a(StreamChar.o)
 .debug_aranges
                0x00000100       0x20 C:\Users\roman_000\Desktop\webbot\lib2\webbotavrclib-2.11\libWebbot-ATmega640.a(StreamDouble.o)
 .debug_aranges
                0x00000120       0x20 C:\Users\roman_000\Desktop\webbot\lib2\webbotavrclib-2.11\libWebbot-ATmega640.a(StreamSigned.o)
 .debug_aranges
                0x00000140       0x20 C:\Users\roman_000\Desktop\webbot\lib2\webbotavrclib-2.11\libWebbot-ATmega640.a(StreamString.o)
 .debug_aranges
                0x00000160       0x20 C:\Users\roman_000\Desktop\webbot\lib2\webbotavrclib-2.11\libWebbot-ATmega640.a(StreamUnsigned.o)
 .debug_aranges
                0x00000180       0x20 C:\Users\roman_000\Desktop\webbot\lib2\webbotavrclib-2.11\libWebbot-ATmega640.a(actuators.o)
 .debug_aranges
                0x000001a0       0x20 C:\Users\roman_000\Desktop\webbot\lib2\webbotavrclib-2.11\libWebbot-ATmega640.a(core_interp.o)
 .debug_aranges
                0x000001c0       0x20 C:\Users\roman_000\Desktop\webbot\lib2\webbotavrclib-2.11\libWebbot-ATmega640.a(core_interpU.o)
 .debug_aranges
                0x000001e0       0x20 C:\Users\roman_000\Desktop\webbot\lib2\webbotavrclib-2.11\libWebbot-ATmega640.a(errors.o)
 .debug_aranges
                0x00000200       0x20 C:\Users\roman_000\Desktop\webbot\lib2\webbotavrclib-2.11\libWebbot-ATmega640.a(iopin_is_output.o)
 .debug_aranges
                0x00000220       0x20 C:\Users\roman_000\Desktop\webbot\lib2\webbotavrclib-2.11\libWebbot-ATmega640.a(iopin_make_input.o)
 .debug_aranges
                0x00000240       0x20 C:\Users\roman_000\Desktop\webbot\lib2\webbotavrclib-2.11\libWebbot-ATmega640.a(iopin_make_output.o)
 .debug_aranges
                0x00000260       0x20 C:\Users\roman_000\Desktop\webbot\lib2\webbotavrclib-2.11\libWebbot-ATmega640.a(led.o)
 .debug_aranges
                0x00000280       0x20 C:\Users\roman_000\Desktop\webbot\lib2\webbotavrclib-2.11\libWebbot-ATmega640.a(main.o)
 .debug_aranges
                0x000002a0       0x20 C:\Users\roman_000\Desktop\webbot\lib2\webbotavrclib-2.11\libWebbot-ATmega640.a(rprintf.o)
 .debug_aranges
                0x000002c0       0x20 C:\Users\roman_000\Desktop\webbot\lib2\webbotavrclib-2.11\libWebbot-ATmega640.a(marqueeSendByte.o)
 .debug_aranges
                0x000002e0       0x20 C:\Users\roman_000\Desktop\webbot\lib2\webbotavrclib-2.11\libWebbot-ATmega640.a(segled.o)
 .debug_aranges
                0x00000300       0x20 C:\Users\roman_000\Desktop\webbot\lib2\webbotavrclib-2.11\libWebbot-ATmega640.a(segled8.o)
 .debug_aranges
                0x00000320       0x20 C:\Users\roman_000\Desktop\webbot\lib2\webbotavrclib-2.11\libWebbot-ATmega640.a(compareFromIOPin.o)
 .debug_aranges
                0x00000340       0x20 C:\Users\roman_000\Desktop\webbot\lib2\webbotavrclib-2.11\libWebbot-ATmega640.a(compareSetOutputMode.o)
 .debug_aranges
                0x00000360       0x20 C:\Users\roman_000\Desktop\webbot\lib2\webbotavrclib-2.11\libWebbot-ATmega640.a(compareSetThreshold.o)
 .debug_aranges
                0x00000380       0x20 C:\Users\roman_000\Desktop\webbot\lib2\webbotavrclib-2.11\libWebbot-ATmega640.a(_uart_common.o)
 .debug_aranges
                0x000003a0       0x20 C:\Users\roman_000\Desktop\webbot\lib2\webbotavrclib-2.11\libWebbot-ATmega640.a(uart.o)
 .debug_aranges
                0x000003c0       0x20 C:\Users\roman_000\Desktop\webbot\lib2\webbotavrclib-2.11\libWebbot-ATmega640.a(uartCommonRx.o)
 .debug_aranges
                0x000003e0       0x20 C:\Users\roman_000\Desktop\webbot\lib2\webbotavrclib-2.11\libWebbot-ATmega640.a(uartCommonRxNoBuf.o)
 .debug_aranges
                0x00000400       0x20 C:\Users\roman_000\Desktop\webbot\lib2\webbotavrclib-2.11\libWebbot-ATmega640.a(uartCommonTx.o)
 .debug_aranges
                0x00000420       0x20 C:\Users\roman_000\Desktop\webbot\lib2\webbotavrclib-2.11\libWebbot-ATmega640.a(uartCommonTxNoBuf.o)
 .debug_aranges
                0x00000440       0x20 C:\Users\roman_000\Desktop\webbot\lib2\webbotavrclib-2.11\libWebbot-ATmega640.a(uartPollByte.o)
 .debug_aranges
                0x00000460       0x20 C:\Users\roman_000\Desktop\webbot\lib2\webbotavrclib-2.11\libWebbot-ATmega640.a(clockHasElapsed.o)
 .debug_aranges
                0x00000480       0x20 C:\Users\roman_000\Desktop\webbot\lib2\webbotavrclib-2.11\libWebbot-ATmega640.a(clockHasElapsedGetOverflow.o)
 .debug_aranges
                0x000004a0       0x20 C:\Users\roman_000\Desktop\webbot\lib2\webbotavrclib-2.11\libWebbot-ATmega640.a(breathe.o)
 .debug_aranges
                0x000004c0       0x20 C:\Users\roman_000\Desktop\webbot\lib2\webbotavrclib-2.11\libWebbot-ATmega640.a(iopin.o)
 .debug_aranges
                0x000004e0       0x20 C:\Users\roman_000\Desktop\webbot\lib2\webbotavrclib-2.11\libWebbot-ATmega640.a(iopin_set.o)
 .debug_aranges
                0x00000500       0x20 lib\libPost.a(opt_scheduler.o)

.debug_pubnames
                0x00000000      0xf8e
 *(.debug_pubnames)
 .debug_pubnames
                0x00000000      0x1f8 bug3.o
 .debug_pubnames
                0x000001f8       0x6f lib/gen_clock.o
 .debug_pubnames
                0x00000267       0xae lib/lib_timerdef.o
 .debug_pubnames
                0x00000315      0x1d3 lib/lib_hardware.o
 .debug_pubnames
                0x000004e8      0x1d6 lib/lib_ctor.o
 .debug_pubnames
                0x000006be       0x23 lib/lib_timers.o
 .debug_pubnames
                0x000006e1      0x106 lib/lib_iopins.o
 .debug_pubnames
                0x000007e7       0x23 C:\Users\roman_000\Desktop\webbot\lib2\webbotavrclib-2.11\libWebbot-ATmega640.a(servoPWM.o)
 .debug_pubnames
                0x0000080a       0x25 C:\Users\roman_000\Desktop\webbot\lib2\webbotavrclib-2.11\libWebbot-ATmega640.a(servosConfig.o)
 .debug_pubnames
                0x0000082f       0x24 C:\Users\roman_000\Desktop\webbot\lib2\webbotavrclib-2.11\libWebbot-ATmega640.a(StreamChar.o)
 .debug_pubnames
                0x00000853       0x24 C:\Users\roman_000\Desktop\webbot\lib2\webbotavrclib-2.11\libWebbot-ATmega640.a(StreamDouble.o)
 .debug_pubnames
                0x00000877       0x7e C:\Users\roman_000\Desktop\webbot\lib2\webbotavrclib-2.11\libWebbot-ATmega640.a(StreamSigned.o)
 .debug_pubnames
                0x000008f5       0x24 C:\Users\roman_000\Desktop\webbot\lib2\webbotavrclib-2.11\libWebbot-ATmega640.a(StreamString.o)
 .debug_pubnames
                0x00000919       0x7e C:\Users\roman_000\Desktop\webbot\lib2\webbotavrclib-2.11\libWebbot-ATmega640.a(StreamUnsigned.o)
 .debug_pubnames
                0x00000997       0x3c C:\Users\roman_000\Desktop\webbot\lib2\webbotavrclib-2.11\libWebbot-ATmega640.a(actuators.o)
 .debug_pubnames
                0x000009d3       0x22 C:\Users\roman_000\Desktop\webbot\lib2\webbotavrclib-2.11\libWebbot-ATmega640.a(core_interp.o)
 .debug_pubnames
                0x000009f5       0x23 C:\Users\roman_000\Desktop\webbot\lib2\webbotavrclib-2.11\libWebbot-ATmega640.a(core_interpU.o)
 .debug_pubnames
                0x00000a18       0x48 C:\Users\roman_000\Desktop\webbot\lib2\webbotavrclib-2.11\libWebbot-ATmega640.a(errors.o)
 .debug_pubnames
                0x00000a60       0x24 C:\Users\roman_000\Desktop\webbot\lib2\webbotavrclib-2.11\libWebbot-ATmega640.a(iopin_is_output.o)
 .debug_pubnames
                0x00000a84       0x25 C:\Users\roman_000\Desktop\webbot\lib2\webbotavrclib-2.11\libWebbot-ATmega640.a(iopin_make_input.o)
 .debug_pubnames
                0x00000aa9       0x26 C:\Users\roman_000\Desktop\webbot\lib2\webbotavrclib-2.11\libWebbot-ATmega640.a(iopin_make_output.o)
 .debug_pubnames
                0x00000acf       0x2c C:\Users\roman_000\Desktop\webbot\lib2\webbotavrclib-2.11\libWebbot-ATmega640.a(led.o)
 .debug_pubnames
                0x00000afb       0x1b C:\Users\roman_000\Desktop\webbot\lib2\webbotavrclib-2.11\libWebbot-ATmega640.a(main.o)
 .debug_pubnames
                0x00000b16       0x42 C:\Users\roman_000\Desktop\webbot\lib2\webbotavrclib-2.11\libWebbot-ATmega640.a(rprintf.o)
 .debug_pubnames
                0x00000b58       0x26 C:\Users\roman_000\Desktop\webbot\lib2\webbotavrclib-2.11\libWebbot-ATmega640.a(marqueeSendByte.o)
 .debug_pubnames
                0x00000b7e       0x35 C:\Users\roman_000\Desktop\webbot\lib2\webbotavrclib-2.11\libWebbot-ATmega640.a(segled.o)
 .debug_pubnames
                0x00000bb3       0x27 C:\Users\roman_000\Desktop\webbot\lib2\webbotavrclib-2.11\libWebbot-ATmega640.a(segled8.o)
 .debug_pubnames
                0x00000bda       0x27 C:\Users\roman_000\Desktop\webbot\lib2\webbotavrclib-2.11\libWebbot-ATmega640.a(compareFromIOPin.o)
 .debug_pubnames
                0x00000c01       0x2b C:\Users\roman_000\Desktop\webbot\lib2\webbotavrclib-2.11\libWebbot-ATmega640.a(compareSetOutputMode.o)
 .debug_pubnames
                0x00000c2c       0x2a C:\Users\roman_000\Desktop\webbot\lib2\webbotavrclib-2.11\libWebbot-ATmega640.a(compareSetThreshold.o)
 .debug_pubnames
                0x00000c56       0x35 C:\Users\roman_000\Desktop\webbot\lib2\webbotavrclib-2.11\libWebbot-ATmega640.a(_uart_common.o)
 .debug_pubnames
                0x00000c8b       0x5f C:\Users\roman_000\Desktop\webbot\lib2\webbotavrclib-2.11\libWebbot-ATmega640.a(uart.o)
 .debug_pubnames
                0x00000cea       0x3d C:\Users\roman_000\Desktop\webbot\lib2\webbotavrclib-2.11\libWebbot-ATmega640.a(uartCommonRx.o)
 .debug_pubnames
                0x00000d27       0x4a C:\Users\roman_000\Desktop\webbot\lib2\webbotavrclib-2.11\libWebbot-ATmega640.a(uartCommonRxNoBuf.o)
 .debug_pubnames
                0x00000d71       0x9b C:\Users\roman_000\Desktop\webbot\lib2\webbotavrclib-2.11\libWebbot-ATmega640.a(uartCommonTx.o)
 .debug_pubnames
                0x00000e0c       0x48 C:\Users\roman_000\Desktop\webbot\lib2\webbotavrclib-2.11\libWebbot-ATmega640.a(uartCommonTxNoBuf.o)
 .debug_pubnames
                0x00000e54       0x3e C:\Users\roman_000\Desktop\webbot\lib2\webbotavrclib-2.11\libWebbot-ATmega640.a(uartPollByte.o)
 .debug_pubnames
                0x00000e92       0x26 C:\Users\roman_000\Desktop\webbot\lib2\webbotavrclib-2.11\libWebbot-ATmega640.a(clockHasElapsed.o)
 .debug_pubnames
                0x00000eb8       0x31 C:\Users\roman_000\Desktop\webbot\lib2\webbotavrclib-2.11\libWebbot-ATmega640.a(clockHasElapsedGetOverflow.o)
 .debug_pubnames
                0x00000ee9       0x1e C:\Users\roman_000\Desktop\webbot\lib2\webbotavrclib-2.11\libWebbot-ATmega640.a(breathe.o)
 .debug_pubnames
                0x00000f07       0x2b C:\Users\roman_000\Desktop\webbot\lib2\webbotavrclib-2.11\libWebbot-ATmega640.a(iopin.o)
 .debug_pubnames
                0x00000f32       0x1e C:\Users\roman_000\Desktop\webbot\lib2\webbotavrclib-2.11\libWebbot-ATmega640.a(iopin_set.o)
 .debug_pubnames
                0x00000f50       0x3e lib\libPost.a(opt_scheduler.o)

.debug_info     0x00000000    0x122a7
 *(.debug_info)
 .debug_info    0x00000000     0x1f32 bug3.o
 .debug_info    0x00001f32      0x335 lib/gen_clock.o
 .debug_info    0x00002267      0x89b lib/lib_timerdef.o
 .debug_info    0x00002b02     0x1290 lib/lib_hardware.o
 .debug_info    0x00003d92     0x2aa3 lib/lib_ctor.o
 .debug_info    0x00006835      0x5ee lib/lib_timers.o
 .debug_info    0x00006e23      0x3c3 lib/lib_iopins.o
 .debug_info    0x000071e6      0xd7b C:\Users\roman_000\Desktop\webbot\lib2\webbotavrclib-2.11\libWebbot-ATmega640.a(servoPWM.o)
 .debug_info    0x00007f61      0xb58 C:\Users\roman_000\Desktop\webbot\lib2\webbotavrclib-2.11\libWebbot-ATmega640.a(servosConfig.o)
 .debug_info    0x00008ab9      0x900 C:\Users\roman_000\Desktop\webbot\lib2\webbotavrclib-2.11\libWebbot-ATmega640.a(StreamChar.o)
 .debug_info    0x000093b9      0x92f C:\Users\roman_000\Desktop\webbot\lib2\webbotavrclib-2.11\libWebbot-ATmega640.a(StreamDouble.o)
 .debug_info    0x00009ce8      0xa47 C:\Users\roman_000\Desktop\webbot\lib2\webbotavrclib-2.11\libWebbot-ATmega640.a(StreamSigned.o)
 .debug_info    0x0000a72f      0x90f C:\Users\roman_000\Desktop\webbot\lib2\webbotavrclib-2.11\libWebbot-ATmega640.a(StreamString.o)
 .debug_info    0x0000b03e      0xa47 C:\Users\roman_000\Desktop\webbot\lib2\webbotavrclib-2.11\libWebbot-ATmega640.a(StreamUnsigned.o)
 .debug_info    0x0000ba85      0x274 C:\Users\roman_000\Desktop\webbot\lib2\webbotavrclib-2.11\libWebbot-ATmega640.a(actuators.o)
 .debug_info    0x0000bcf9      0x106 C:\Users\roman_000\Desktop\webbot\lib2\webbotavrclib-2.11\libWebbot-ATmega640.a(core_interp.o)
 .debug_info    0x0000bdff      0x11c C:\Users\roman_000\Desktop\webbot\lib2\webbotavrclib-2.11\libWebbot-ATmega640.a(core_interpU.o)
 .debug_info    0x0000bf1b      0x43d C:\Users\roman_000\Desktop\webbot\lib2\webbotavrclib-2.11\libWebbot-ATmega640.a(errors.o)
 .debug_info    0x0000c358      0x212 C:\Users\roman_000\Desktop\webbot\lib2\webbotavrclib-2.11\libWebbot-ATmega640.a(iopin_is_output.o)
 .debug_info    0x0000c56a      0x2d4 C:\Users\roman_000\Desktop\webbot\lib2\webbotavrclib-2.11\libWebbot-ATmega640.a(iopin_make_input.o)
 .debug_info    0x0000c83e      0x2d4 C:\Users\roman_000\Desktop\webbot\lib2\webbotavrclib-2.11\libWebbot-ATmega640.a(iopin_make_output.o)
 .debug_info    0x0000cb12      0x1de C:\Users\roman_000\Desktop\webbot\lib2\webbotavrclib-2.11\libWebbot-ATmega640.a(led.o)
 .debug_info    0x0000ccf0       0xd7 C:\Users\roman_000\Desktop\webbot\lib2\webbotavrclib-2.11\libWebbot-ATmega640.a(main.o)
 .debug_info    0x0000cdc7      0x1c9 C:\Users\roman_000\Desktop\webbot\lib2\webbotavrclib-2.11\libWebbot-ATmega640.a(rprintf.o)
 .debug_info    0x0000cf90      0x60d C:\Users\roman_000\Desktop\webbot\lib2\webbotavrclib-2.11\libWebbot-ATmega640.a(marqueeSendByte.o)
 .debug_info    0x0000d59d      0x346 C:\Users\roman_000\Desktop\webbot\lib2\webbotavrclib-2.11\libWebbot-ATmega640.a(segled.o)
 .debug_info    0x0000d8e3      0x193 C:\Users\roman_000\Desktop\webbot\lib2\webbotavrclib-2.11\libWebbot-ATmega640.a(segled8.o)
 .debug_info    0x0000da76      0x5d4 C:\Users\roman_000\Desktop\webbot\lib2\webbotavrclib-2.11\libWebbot-ATmega640.a(compareFromIOPin.o)
 .debug_info    0x0000e04a      0x453 C:\Users\roman_000\Desktop\webbot\lib2\webbotavrclib-2.11\libWebbot-ATmega640.a(compareSetOutputMode.o)
 .debug_info    0x0000e49d      0x57a C:\Users\roman_000\Desktop\webbot\lib2\webbotavrclib-2.11\libWebbot-ATmega640.a(compareSetThreshold.o)
 .debug_info    0x0000ea17      0x64a C:\Users\roman_000\Desktop\webbot\lib2\webbotavrclib-2.11\libWebbot-ATmega640.a(_uart_common.o)
 .debug_info    0x0000f061      0x7c6 C:\Users\roman_000\Desktop\webbot\lib2\webbotavrclib-2.11\libWebbot-ATmega640.a(uart.o)
 .debug_info    0x0000f827      0x51a C:\Users\roman_000\Desktop\webbot\lib2\webbotavrclib-2.11\libWebbot-ATmega640.a(uartCommonRx.o)
 .debug_info    0x0000fd41      0x5a3 C:\Users\roman_000\Desktop\webbot\lib2\webbotavrclib-2.11\libWebbot-ATmega640.a(uartCommonRxNoBuf.o)
 .debug_info    0x000102e4      0x6fa C:\Users\roman_000\Desktop\webbot\lib2\webbotavrclib-2.11\libWebbot-ATmega640.a(uartCommonTx.o)
 .debug_info    0x000109de      0x62e C:\Users\roman_000\Desktop\webbot\lib2\webbotavrclib-2.11\libWebbot-ATmega640.a(uartCommonTxNoBuf.o)
 .debug_info    0x0001100c      0x5a2 C:\Users\roman_000\Desktop\webbot\lib2\webbotavrclib-2.11\libWebbot-ATmega640.a(uartPollByte.o)
 .debug_info    0x000115ae       0xce C:\Users\roman_000\Desktop\webbot\lib2\webbotavrclib-2.11\libWebbot-ATmega640.a(clockHasElapsed.o)
 .debug_info    0x0001167c      0x147 C:\Users\roman_000\Desktop\webbot\lib2\webbotavrclib-2.11\libWebbot-ATmega640.a(clockHasElapsedGetOverflow.o)
 .debug_info    0x000117c3      0x102 C:\Users\roman_000\Desktop\webbot\lib2\webbotavrclib-2.11\libWebbot-ATmega640.a(breathe.o)
 .debug_info    0x000118c5      0x400 C:\Users\roman_000\Desktop\webbot\lib2\webbotavrclib-2.11\libWebbot-ATmega640.a(iopin.o)
 .debug_info    0x00011cc5      0x179 C:\Users\roman_000\Desktop\webbot\lib2\webbotavrclib-2.11\libWebbot-ATmega640.a(iopin_set.o)
 .debug_info    0x00011e3e      0x469 lib\libPost.a(opt_scheduler.o)
 *(.gnu.linkonce.wi.*)

.debug_abbrev   0x00000000     0x4834
 *(.debug_abbrev)
 .debug_abbrev  0x00000000      0x4c7 bug3.o
 .debug_abbrev  0x000004c7      0x1a8 lib/gen_clock.o
 .debug_abbrev  0x0000066f      0x107 lib/lib_timerdef.o
 .debug_abbrev  0x00000776      0x296 lib/lib_hardware.o
 .debug_abbrev  0x00000a0c      0x579 lib/lib_ctor.o
 .debug_abbrev  0x00000f85      0x177 lib/lib_timers.o
 .debug_abbrev  0x000010fc       0xc8 lib/lib_iopins.o
 .debug_abbrev  0x000011c4      0x272 C:\Users\roman_000\Desktop\webbot\lib2\webbotavrclib-2.11\libWebbot-ATmega640.a(servoPWM.o)
 .debug_abbrev  0x00001436      0x23d C:\Users\roman_000\Desktop\webbot\lib2\webbotavrclib-2.11\libWebbot-ATmega640.a(servosConfig.o)
 .debug_abbrev  0x00001673      0x224 C:\Users\roman_000\Desktop\webbot\lib2\webbotavrclib-2.11\libWebbot-ATmega640.a(StreamChar.o)
 .debug_abbrev  0x00001897      0x24b C:\Users\roman_000\Desktop\webbot\lib2\webbotavrclib-2.11\libWebbot-ATmega640.a(StreamDouble.o)
 .debug_abbrev  0x00001ae2      0x24b C:\Users\roman_000\Desktop\webbot\lib2\webbotavrclib-2.11\libWebbot-ATmega640.a(StreamSigned.o)
 .debug_abbrev  0x00001d2d      0x233 C:\Users\roman_000\Desktop\webbot\lib2\webbotavrclib-2.11\libWebbot-ATmega640.a(StreamString.o)
 .debug_abbrev  0x00001f60      0x24b C:\Users\roman_000\Desktop\webbot\lib2\webbotavrclib-2.11\libWebbot-ATmega640.a(StreamUnsigned.o)
 .debug_abbrev  0x000021ab      0x10b C:\Users\roman_000\Desktop\webbot\lib2\webbotavrclib-2.11\libWebbot-ATmega640.a(actuators.o)
 .debug_abbrev  0x000022b6       0x73 C:\Users\roman_000\Desktop\webbot\lib2\webbotavrclib-2.11\libWebbot-ATmega640.a(core_interp.o)
 .debug_abbrev  0x00002329       0x73 C:\Users\roman_000\Desktop\webbot\lib2\webbotavrclib-2.11\libWebbot-ATmega640.a(core_interpU.o)
 .debug_abbrev  0x0000239c      0x1e1 C:\Users\roman_000\Desktop\webbot\lib2\webbotavrclib-2.11\libWebbot-ATmega640.a(errors.o)
 .debug_abbrev  0x0000257d      0x109 C:\Users\roman_000\Desktop\webbot\lib2\webbotavrclib-2.11\libWebbot-ATmega640.a(iopin_is_output.o)
 .debug_abbrev  0x00002686      0x16a C:\Users\roman_000\Desktop\webbot\lib2\webbotavrclib-2.11\libWebbot-ATmega640.a(iopin_make_input.o)
 .debug_abbrev  0x000027f0      0x16a C:\Users\roman_000\Desktop\webbot\lib2\webbotavrclib-2.11\libWebbot-ATmega640.a(iopin_make_output.o)
 .debug_abbrev  0x0000295a      0x110 C:\Users\roman_000\Desktop\webbot\lib2\webbotavrclib-2.11\libWebbot-ATmega640.a(led.o)
 .debug_abbrev  0x00002a6a       0x66 C:\Users\roman_000\Desktop\webbot\lib2\webbotavrclib-2.11\libWebbot-ATmega640.a(main.o)
 .debug_abbrev  0x00002ad0      0x161 C:\Users\roman_000\Desktop\webbot\lib2\webbotavrclib-2.11\libWebbot-ATmega640.a(rprintf.o)
 .debug_abbrev  0x00002c31      0x23e C:\Users\roman_000\Desktop\webbot\lib2\webbotavrclib-2.11\libWebbot-ATmega640.a(marqueeSendByte.o)
 .debug_abbrev  0x00002e6f      0x1cc C:\Users\roman_000\Desktop\webbot\lib2\webbotavrclib-2.11\libWebbot-ATmega640.a(segled.o)
 .debug_abbrev  0x0000303b       0xc0 C:\Users\roman_000\Desktop\webbot\lib2\webbotavrclib-2.11\libWebbot-ATmega640.a(segled8.o)
 .debug_abbrev  0x000030fb      0x1e8 C:\Users\roman_000\Desktop\webbot\lib2\webbotavrclib-2.11\libWebbot-ATmega640.a(compareFromIOPin.o)
 .debug_abbrev  0x000032e3      0x14e C:\Users\roman_000\Desktop\webbot\lib2\webbotavrclib-2.11\libWebbot-ATmega640.a(compareSetOutputMode.o)
 .debug_abbrev  0x00003431      0x178 C:\Users\roman_000\Desktop\webbot\lib2\webbotavrclib-2.11\libWebbot-ATmega640.a(compareSetThreshold.o)
 .debug_abbrev  0x000035a9      0x200 C:\Users\roman_000\Desktop\webbot\lib2\webbotavrclib-2.11\libWebbot-ATmega640.a(_uart_common.o)
 .debug_abbrev  0x000037a9      0x233 C:\Users\roman_000\Desktop\webbot\lib2\webbotavrclib-2.11\libWebbot-ATmega640.a(uart.o)
 .debug_abbrev  0x000039dc      0x176 C:\Users\roman_000\Desktop\webbot\lib2\webbotavrclib-2.11\libWebbot-ATmega640.a(uartCommonRx.o)
 .debug_abbrev  0x00003b52      0x1f7 C:\Users\roman_000\Desktop\webbot\lib2\webbotavrclib-2.11\libWebbot-ATmega640.a(uartCommonRxNoBuf.o)
 .debug_abbrev  0x00003d49      0x1d8 C:\Users\roman_000\Desktop\webbot\lib2\webbotavrclib-2.11\libWebbot-ATmega640.a(uartCommonTx.o)
 .debug_abbrev  0x00003f21      0x1c4 C:\Users\roman_000\Desktop\webbot\lib2\webbotavrclib-2.11\libWebbot-ATmega640.a(uartCommonTxNoBuf.o)
 .debug_abbrev  0x000040e5      0x16f C:\Users\roman_000\Desktop\webbot\lib2\webbotavrclib-2.11\libWebbot-ATmega640.a(uartPollByte.o)
 .debug_abbrev  0x00004254       0x66 C:\Users\roman_000\Desktop\webbot\lib2\webbotavrclib-2.11\libWebbot-ATmega640.a(clockHasElapsed.o)
 .debug_abbrev  0x000042ba       0xb0 C:\Users\roman_000\Desktop\webbot\lib2\webbotavrclib-2.11\libWebbot-ATmega640.a(clockHasElapsedGetOverflow.o)
 .debug_abbrev  0x0000436a       0xde C:\Users\roman_000\Desktop\webbot\lib2\webbotavrclib-2.11\libWebbot-ATmega640.a(breathe.o)
 .debug_abbrev  0x00004448      0x163 C:\Users\roman_000\Desktop\webbot\lib2\webbotavrclib-2.11\libWebbot-ATmega640.a(iopin.o)
 .debug_abbrev  0x000045ab       0xbb C:\Users\roman_000\Desktop\webbot\lib2\webbotavrclib-2.11\libWebbot-ATmega640.a(iopin_set.o)
 .debug_abbrev  0x00004666      0x1ce lib\libPost.a(opt_scheduler.o)

.debug_line     0x00000000     0x4809
 *(.debug_line)
 .debug_line    0x00000000      0x785 bug3.o
 .debug_line    0x00000785      0x20f lib/gen_clock.o
 .debug_line    0x00000994       0xc5 lib/lib_timerdef.o
 .debug_line    0x00000a59      0x2d2 lib/lib_hardware.o
 .debug_line    0x00000d2b      0x548 lib/lib_ctor.o
 .debug_line    0x00001273      0x21b lib/lib_timers.o
 .debug_line    0x0000148e       0xb3 lib/lib_iopins.o
 .debug_line    0x00001541      0x221 C:\Users\roman_000\Desktop\webbot\lib2\webbotavrclib-2.11\libWebbot-ATmega640.a(servoPWM.o)
 .debug_line    0x00001762      0x1e7 C:\Users\roman_000\Desktop\webbot\lib2\webbotavrclib-2.11\libWebbot-ATmega640.a(servosConfig.o)
 .debug_line    0x00001949      0x15a C:\Users\roman_000\Desktop\webbot\lib2\webbotavrclib-2.11\libWebbot-ATmega640.a(StreamChar.o)
 .debug_line    0x00001aa3      0x14c C:\Users\roman_000\Desktop\webbot\lib2\webbotavrclib-2.11\libWebbot-ATmega640.a(StreamDouble.o)
 .debug_line    0x00001bef      0x1d0 C:\Users\roman_000\Desktop\webbot\lib2\webbotavrclib-2.11\libWebbot-ATmega640.a(StreamSigned.o)
 .debug_line    0x00001dbf      0x154 C:\Users\roman_000\Desktop\webbot\lib2\webbotavrclib-2.11\libWebbot-ATmega640.a(StreamString.o)
 .debug_line    0x00001f13      0x1d2 C:\Users\roman_000\Desktop\webbot\lib2\webbotavrclib-2.11\libWebbot-ATmega640.a(StreamUnsigned.o)
 .debug_line    0x000020e5      0x13f C:\Users\roman_000\Desktop\webbot\lib2\webbotavrclib-2.11\libWebbot-ATmega640.a(actuators.o)
 .debug_line    0x00002224       0xa5 C:\Users\roman_000\Desktop\webbot\lib2\webbotavrclib-2.11\libWebbot-ATmega640.a(core_interp.o)
 .debug_line    0x000022c9       0xa6 C:\Users\roman_000\Desktop\webbot\lib2\webbotavrclib-2.11\libWebbot-ATmega640.a(core_interpU.o)
 .debug_line    0x0000236f      0x15e C:\Users\roman_000\Desktop\webbot\lib2\webbotavrclib-2.11\libWebbot-ATmega640.a(errors.o)
 .debug_line    0x000024cd       0xe3 C:\Users\roman_000\Desktop\webbot\lib2\webbotavrclib-2.11\libWebbot-ATmega640.a(iopin_is_output.o)
 .debug_line    0x000025b0      0x12a C:\Users\roman_000\Desktop\webbot\lib2\webbotavrclib-2.11\libWebbot-ATmega640.a(iopin_make_input.o)
 .debug_line    0x000026da      0x12b C:\Users\roman_000\Desktop\webbot\lib2\webbotavrclib-2.11\libWebbot-ATmega640.a(iopin_make_output.o)
 .debug_line    0x00002805       0xef C:\Users\roman_000\Desktop\webbot\lib2\webbotavrclib-2.11\libWebbot-ATmega640.a(led.o)
 .debug_line    0x000028f4      0x116 C:\Users\roman_000\Desktop\webbot\lib2\webbotavrclib-2.11\libWebbot-ATmega640.a(main.o)
 .debug_line    0x00002a0a      0x13d C:\Users\roman_000\Desktop\webbot\lib2\webbotavrclib-2.11\libWebbot-ATmega640.a(rprintf.o)
 .debug_line    0x00002b47      0x349 C:\Users\roman_000\Desktop\webbot\lib2\webbotavrclib-2.11\libWebbot-ATmega640.a(marqueeSendByte.o)
 .debug_line    0x00002e90      0x187 C:\Users\roman_000\Desktop\webbot\lib2\webbotavrclib-2.11\libWebbot-ATmega640.a(segled.o)
 .debug_line    0x00003017       0xf3 C:\Users\roman_000\Desktop\webbot\lib2\webbotavrclib-2.11\libWebbot-ATmega640.a(segled8.o)
 .debug_line    0x0000310a      0x137 C:\Users\roman_000\Desktop\webbot\lib2\webbotavrclib-2.11\libWebbot-ATmega640.a(compareFromIOPin.o)
 .debug_line    0x00003241       0xfe C:\Users\roman_000\Desktop\webbot\lib2\webbotavrclib-2.11\libWebbot-ATmega640.a(compareSetOutputMode.o)
 .debug_line    0x0000333f      0x133 C:\Users\roman_000\Desktop\webbot\lib2\webbotavrclib-2.11\libWebbot-ATmega640.a(compareSetThreshold.o)
 .debug_line    0x00003472      0x1af C:\Users\roman_000\Desktop\webbot\lib2\webbotavrclib-2.11\libWebbot-ATmega640.a(_uart_common.o)
 .debug_line    0x00003621      0x242 C:\Users\roman_000\Desktop\webbot\lib2\webbotavrclib-2.11\libWebbot-ATmega640.a(uart.o)
 .debug_line    0x00003863      0x142 C:\Users\roman_000\Desktop\webbot\lib2\webbotavrclib-2.11\libWebbot-ATmega640.a(uartCommonRx.o)
 .debug_line    0x000039a5      0x18f C:\Users\roman_000\Desktop\webbot\lib2\webbotavrclib-2.11\libWebbot-ATmega640.a(uartCommonRxNoBuf.o)
 .debug_line    0x00003b34      0x202 C:\Users\roman_000\Desktop\webbot\lib2\webbotavrclib-2.11\libWebbot-ATmega640.a(uartCommonTx.o)
 .debug_line    0x00003d36      0x1ad C:\Users\roman_000\Desktop\webbot\lib2\webbotavrclib-2.11\libWebbot-ATmega640.a(uartCommonTxNoBuf.o)
 .debug_line    0x00003ee3      0x14b C:\Users\roman_000\Desktop\webbot\lib2\webbotavrclib-2.11\libWebbot-ATmega640.a(uartPollByte.o)
 .debug_line    0x0000402e       0xc3 C:\Users\roman_000\Desktop\webbot\lib2\webbotavrclib-2.11\libWebbot-ATmega640.a(clockHasElapsed.o)
 .debug_line    0x000040f1       0xfe C:\Users\roman_000\Desktop\webbot\lib2\webbotavrclib-2.11\libWebbot-ATmega640.a(clockHasElapsedGetOverflow.o)
 .debug_line    0x000041ef      0x10f C:\Users\roman_000\Desktop\webbot\lib2\webbotavrclib-2.11\libWebbot-ATmega640.a(breathe.o)
 .debug_line    0x000042fe      0x19d C:\Users\roman_000\Desktop\webbot\lib2\webbotavrclib-2.11\libWebbot-ATmega640.a(iopin.o)
 .debug_line    0x0000449b       0xc5 C:\Users\roman_000\Desktop\webbot\lib2\webbotavrclib-2.11\libWebbot-ATmega640.a(iopin_set.o)
 .debug_line    0x00004560      0x2a9 lib\libPost.a(opt_scheduler.o)

.debug_frame    0x00000000      0xa50
 *(.debug_frame)
 .debug_frame   0x00000000      0x170 bug3.o
 .debug_frame   0x00000170       0x60 lib/gen_clock.o
 .debug_frame   0x000001d0       0x90 lib/lib_hardware.o
 .debug_frame   0x00000260       0xf0 lib/lib_ctor.o
 .debug_frame   0x00000350       0x20 lib/lib_timers.o
 .debug_frame   0x00000370       0x40 C:\Users\roman_000\Desktop\webbot\lib2\webbotavrclib-2.11\libWebbot-ATmega640.a(servoPWM.o)
 .debug_frame   0x000003b0       0x20 C:\Users\roman_000\Desktop\webbot\lib2\webbotavrclib-2.11\libWebbot-ATmega640.a(servosConfig.o)
 .debug_frame   0x000003d0       0x20 C:\Users\roman_000\Desktop\webbot\lib2\webbotavrclib-2.11\libWebbot-ATmega640.a(StreamChar.o)
 .debug_frame   0x000003f0       0x20 C:\Users\roman_000\Desktop\webbot\lib2\webbotavrclib-2.11\libWebbot-ATmega640.a(StreamDouble.o)
 .debug_frame   0x00000410       0x70 C:\Users\roman_000\Desktop\webbot\lib2\webbotavrclib-2.11\libWebbot-ATmega640.a(StreamSigned.o)
 .debug_frame   0x00000480       0x20 C:\Users\roman_000\Desktop\webbot\lib2\webbotavrclib-2.11\libWebbot-ATmega640.a(StreamString.o)
 .debug_frame   0x000004a0       0x70 C:\Users\roman_000\Desktop\webbot\lib2\webbotavrclib-2.11\libWebbot-ATmega640.a(StreamUnsigned.o)
 .debug_frame   0x00000510       0x30 C:\Users\roman_000\Desktop\webbot\lib2\webbotavrclib-2.11\libWebbot-ATmega640.a(actuators.o)
 .debug_frame   0x00000540       0x20 C:\Users\roman_000\Desktop\webbot\lib2\webbotavrclib-2.11\libWebbot-ATmega640.a(core_interp.o)
 .debug_frame   0x00000560       0x20 C:\Users\roman_000\Desktop\webbot\lib2\webbotavrclib-2.11\libWebbot-ATmega640.a(core_interpU.o)
 .debug_frame   0x00000580       0x40 C:\Users\roman_000\Desktop\webbot\lib2\webbotavrclib-2.11\libWebbot-ATmega640.a(errors.o)
 .debug_frame   0x000005c0       0x20 C:\Users\roman_000\Desktop\webbot\lib2\webbotavrclib-2.11\libWebbot-ATmega640.a(iopin_is_output.o)
 .debug_frame   0x000005e0       0x20 C:\Users\roman_000\Desktop\webbot\lib2\webbotavrclib-2.11\libWebbot-ATmega640.a(iopin_make_input.o)
 .debug_frame   0x00000600       0x20 C:\Users\roman_000\Desktop\webbot\lib2\webbotavrclib-2.11\libWebbot-ATmega640.a(iopin_make_output.o)
 .debug_frame   0x00000620       0x20 C:\Users\roman_000\Desktop\webbot\lib2\webbotavrclib-2.11\libWebbot-ATmega640.a(led.o)
 .debug_frame   0x00000640       0x20 C:\Users\roman_000\Desktop\webbot\lib2\webbotavrclib-2.11\libWebbot-ATmega640.a(main.o)
 .debug_frame   0x00000660       0x50 C:\Users\roman_000\Desktop\webbot\lib2\webbotavrclib-2.11\libWebbot-ATmega640.a(rprintf.o)
 .debug_frame   0x000006b0       0x30 C:\Users\roman_000\Desktop\webbot\lib2\webbotavrclib-2.11\libWebbot-ATmega640.a(marqueeSendByte.o)
 .debug_frame   0x000006e0       0x30 C:\Users\roman_000\Desktop\webbot\lib2\webbotavrclib-2.11\libWebbot-ATmega640.a(segled.o)
 .debug_frame   0x00000710       0x20 C:\Users\roman_000\Desktop\webbot\lib2\webbotavrclib-2.11\libWebbot-ATmega640.a(segled8.o)
 .debug_frame   0x00000730       0x20 C:\Users\roman_000\Desktop\webbot\lib2\webbotavrclib-2.11\libWebbot-ATmega640.a(compareFromIOPin.o)
 .debug_frame   0x00000750       0x20 C:\Users\roman_000\Desktop\webbot\lib2\webbotavrclib-2.11\libWebbot-ATmega640.a(compareSetOutputMode.o)
 .debug_frame   0x00000770       0x20 C:\Users\roman_000\Desktop\webbot\lib2\webbotavrclib-2.11\libWebbot-ATmega640.a(compareSetThreshold.o)
 .debug_frame   0x00000790       0x30 C:\Users\roman_000\Desktop\webbot\lib2\webbotavrclib-2.11\libWebbot-ATmega640.a(_uart_common.o)
 .debug_frame   0x000007c0       0x70 C:\Users\roman_000\Desktop\webbot\lib2\webbotavrclib-2.11\libWebbot-ATmega640.a(uart.o)
 .debug_frame   0x00000830       0x30 C:\Users\roman_000\Desktop\webbot\lib2\webbotavrclib-2.11\libWebbot-ATmega640.a(uartCommonRx.o)
 .debug_frame   0x00000860       0x30 C:\Users\roman_000\Desktop\webbot\lib2\webbotavrclib-2.11\libWebbot-ATmega640.a(uartCommonRxNoBuf.o)
 .debug_frame   0x00000890       0x70 C:\Users\roman_000\Desktop\webbot\lib2\webbotavrclib-2.11\libWebbot-ATmega640.a(uartCommonTx.o)
 .debug_frame   0x00000900       0x30 C:\Users\roman_000\Desktop\webbot\lib2\webbotavrclib-2.11\libWebbot-ATmega640.a(uartCommonTxNoBuf.o)
 .debug_frame   0x00000930       0x30 C:\Users\roman_000\Desktop\webbot\lib2\webbotavrclib-2.11\libWebbot-ATmega640.a(uartPollByte.o)
 .debug_frame   0x00000960       0x20 C:\Users\roman_000\Desktop\webbot\lib2\webbotavrclib-2.11\libWebbot-ATmega640.a(clockHasElapsed.o)
 .debug_frame   0x00000980       0x20 C:\Users\roman_000\Desktop\webbot\lib2\webbotavrclib-2.11\libWebbot-ATmega640.a(clockHasElapsedGetOverflow.o)
 .debug_frame   0x000009a0       0x20 C:\Users\roman_000\Desktop\webbot\lib2\webbotavrclib-2.11\libWebbot-ATmega640.a(breathe.o)
 .debug_frame   0x000009c0       0x30 C:\Users\roman_000\Desktop\webbot\lib2\webbotavrclib-2.11\libWebbot-ATmega640.a(iopin.o)
 .debug_frame   0x000009f0       0x20 C:\Users\roman_000\Desktop\webbot\lib2\webbotavrclib-2.11\libWebbot-ATmega640.a(iopin_set.o)
 .debug_frame   0x00000a10       0x40 lib\libPost.a(opt_scheduler.o)

.debug_str      0x00000000     0x245d
 *(.debug_str)
 .debug_str     0x00000000      0xf29 bug3.o
                               0x105e (size before relaxing)
 .debug_str     0x00000f29      0x107 lib/gen_clock.o
                                0x1f5 (size before relaxing)
 .debug_str     0x00001030      0x4c7 lib/lib_timerdef.o
                                0x737 (size before relaxing)
 .debug_str     0x000014f7      0x278 lib/lib_hardware.o
                                0x8eb (size before relaxing)
 .debug_str     0x0000176f      0x2e2 lib/lib_ctor.o
                               0x1285 (size before relaxing)
 .debug_str     0x00001a51       0x3d lib/lib_timers.o
                                0x4bd (size before relaxing)
 .debug_str     0x00001a8e       0x42 lib/lib_iopins.o
                                0x122 (size before relaxing)
 .debug_str     0x00001ad0       0xd7 C:\Users\roman_000\Desktop\webbot\lib2\webbotavrclib-2.11\libWebbot-ATmega640.a(servoPWM.o)
                                0x6cd (size before relaxing)
 .debug_str     0x00001ba7       0x3d C:\Users\roman_000\Desktop\webbot\lib2\webbotavrclib-2.11\libWebbot-ATmega640.a(servosConfig.o)
                                0x573 (size before relaxing)
 .debug_str     0x00001be4       0x16 C:\Users\roman_000\Desktop\webbot\lib2\webbotavrclib-2.11\libWebbot-ATmega640.a(StreamChar.o)
                                0x57f (size before relaxing)
 .debug_str     0x00001bfa       0x1f C:\Users\roman_000\Desktop\webbot\lib2\webbotavrclib-2.11\libWebbot-ATmega640.a(StreamDouble.o)
                                0x588 (size before relaxing)
 .debug_str     0x00001c19       0x1d C:\Users\roman_000\Desktop\webbot\lib2\webbotavrclib-2.11\libWebbot-ATmega640.a(StreamSigned.o)
                                0x586 (size before relaxing)