Archive member included because of file (symbol)

c:/winavr-20100110/bin/../lib/gcc/avr/4.3.3/../../../../avr/lib/avr5\libprintf_min.a(vfprintf_min.o)
                              (vfprintf)
C:\Users\roman_000\Desktop\webbot\lib2\webbotavrclib-2.11\libWebbot-ATmega640.a(servoPWM.o)
                              lib/lib_hardware.o (servoPWMInit)
C:\Users\roman_000\Desktop\webbot\lib2\webbotavrclib-2.11\libWebbot-ATmega640.a(servosConfig.o)
                              C:\Users\roman_000\Desktop\webbot\lib2\webbotavrclib-2.11\libWebbot-ATmega640.a(servoPWM.o) (servoSetConfig)
C:\Users\roman_000\Desktop\webbot\lib2\webbotavrclib-2.11\libWebbot-ATmega640.a(StreamChar.o)
                              bug4.o (Stream::print(char))
C:\Users\roman_000\Desktop\webbot\lib2\webbotavrclib-2.11\libWebbot-ATmega640.a(StreamDouble.o)
                              bug4.o (Stream::print(double, unsigned char))
C:\Users\roman_000\Desktop\webbot\lib2\webbotavrclib-2.11\libWebbot-ATmega640.a(StreamSigned.o)
                              bug4.o (Stream::print(int))
C:\Users\roman_000\Desktop\webbot\lib2\webbotavrclib-2.11\libWebbot-ATmega640.a(StreamString.o)
                              bug4.o (Stream::print(char const*))
C:\Users\roman_000\Desktop\webbot\lib2\webbotavrclib-2.11\libWebbot-ATmega640.a(StreamUnsigned.o)
                              bug4.o (Stream::print(unsigned long))
C:\Users\roman_000\Desktop\webbot\lib2\webbotavrclib-2.11\libWebbot-ATmega640.a(actuators.o)
                              bug4.o (__act_setSpeed)
C:\Users\roman_000\Desktop\webbot\lib2\webbotavrclib-2.11\libWebbot-ATmega640.a(core_interp.o)
                              bug4.o (interpolate)
C:\Users\roman_000\Desktop\webbot\lib2\webbotavrclib-2.11\libWebbot-ATmega640.a(core_interpU.o)
                              C:\Users\roman_000\Desktop\webbot\lib2\webbotavrclib-2.11\libWebbot-ATmega640.a(servoPWM.o) (interpolateU)
C:\Users\roman_000\Desktop\webbot\lib2\webbotavrclib-2.11\libWebbot-ATmega640.a(errors.o)
                              lib/gen_clock.o (__error)
C:\Users\roman_000\Desktop\webbot\lib2\webbotavrclib-2.11\libWebbot-ATmega640.a(iopin_is_output.o)
                              lib/lib_ctor.o (pin_is_output)
C:\Users\roman_000\Desktop\webbot\lib2\webbotavrclib-2.11\libWebbot-ATmega640.a(iopin_make_input.o)
                              lib/lib_hardware.o (pin_make_input)
C:\Users\roman_000\Desktop\webbot\lib2\webbotavrclib-2.11\libWebbot-ATmega640.a(iopin_make_output.o)
                              C:\Users\roman_000\Desktop\webbot\lib2\webbotavrclib-2.11\libWebbot-ATmega640.a(servoPWM.o) (pin_make_output)
C:\Users\roman_000\Desktop\webbot\lib2\webbotavrclib-2.11\libWebbot-ATmega640.a(led.o)
                              lib/lib_hardware.o (LED_set)
C:\Users\roman_000\Desktop\webbot\lib2\webbotavrclib-2.11\libWebbot-ATmega640.a(main.o)
                              c:/winavr-20100110/bin/../lib/gcc/avr/4.3.3/../../../../avr/lib/avr5/crtm640.o (main)
C:\Users\roman_000\Desktop\webbot\lib2\webbotavrclib-2.11\libWebbot-ATmega640.a(rprintf.o)
                              lib/lib_hardware.o (rprintfInit)
C:\Users\roman_000\Desktop\webbot\lib2\webbotavrclib-2.11\libWebbot-ATmega640.a(marqueeSendByte.o)
                              lib/lib_hardware.o (marqueeSendByte)
C:\Users\roman_000\Desktop\webbot\lib2\webbotavrclib-2.11\libWebbot-ATmega640.a(segled.o)
                              lib/lib_hardware.o (segled_put_char)
C:\Users\roman_000\Desktop\webbot\lib2\webbotavrclib-2.11\libWebbot-ATmega640.a(segled8.o)
                              C:\Users\roman_000\Desktop\webbot\lib2\webbotavrclib-2.11\libWebbot-ATmega640.a(segled.o) (segled8_get_mask)
C:\Users\roman_000\Desktop\webbot\lib2\webbotavrclib-2.11\libWebbot-ATmega640.a(compareFromIOPin.o)
                              C:\Users\roman_000\Desktop\webbot\lib2\webbotavrclib-2.11\libWebbot-ATmega640.a(servoPWM.o) (compareFromIOPin)
C:\Users\roman_000\Desktop\webbot\lib2\webbotavrclib-2.11\libWebbot-ATmega640.a(compareSetOutputMode.o)
                              C:\Users\roman_000\Desktop\webbot\lib2\webbotavrclib-2.11\libWebbot-ATmega640.a(servoPWM.o) (compareSetOutputMode)
C:\Users\roman_000\Desktop\webbot\lib2\webbotavrclib-2.11\libWebbot-ATmega640.a(compareSetThreshold.o)
                              C:\Users\roman_000\Desktop\webbot\lib2\webbotavrclib-2.11\libWebbot-ATmega640.a(servoPWM.o) (compareSetThreshold)
C:\Users\roman_000\Desktop\webbot\lib2\webbotavrclib-2.11\libWebbot-ATmega640.a(_uart_common.o)
                              lib/lib_hardware.o (_uartInit)
C:\Users\roman_000\Desktop\webbot\lib2\webbotavrclib-2.11\libWebbot-ATmega640.a(uart.o)
                              lib/lib_hardware.o (c_hw_uart)
C:\Users\roman_000\Desktop\webbot\lib2\webbotavrclib-2.11\libWebbot-ATmega640.a(uartCommonRx.o)
                              lib/lib_hardware.o (__uartReceiveService)
C:\Users\roman_000\Desktop\webbot\lib2\webbotavrclib-2.11\libWebbot-ATmega640.a(uartCommonRxBuf.o)
[...]
Memory Configuration

Name             Origin             Length             Attributes
text             0x00000000         0x00020000         xr
data             0x00800060         0x0000ffa0         rw !x
eeprom           0x00810000         0x00010000         rw !x
fuse             0x00820000         0x00000400         rw !x
lock             0x00830000         0x00000400         rw !x
signature        0x00840000         0x00000400         rw !x
*default*        0x00000000         0xffffffff

Linker script and memory map

Address of section .data set to 0x800200
LOAD c:/winavr-20100110/bin/../lib/gcc/avr/4.3.3/../../../../avr/lib/avr5/crtm640.o
LOAD c:/winavr-20100110/bin/../lib/gcc/avr/4.3.3/../../../../avr/lib/avr5\libprintf_min.a
LOAD bug4.o
LOAD lib/gen_clock.o
LOAD lib/lib_timerdef.o
LOAD lib/lib_hardware.o
LOAD lib/lib_ctor.o
LOAD lib/lib_timers.o
LOAD lib/lib_iopins.o
LOAD C:\Users\roman_000\Desktop\webbot\lib2\webbotavrclib-2.11\libWebbot-ATmega640.a
LOAD lib\libPost.a
LOAD c:/winavr-20100110/bin/../lib/gcc/avr/4.3.3/../../../../avr/lib/avr5\libm.a
LOAD c:/winavr-20100110/bin/../lib/gcc/avr/4.3.3/../../../../avr/lib/avr5\libc.a
LOAD c:/winavr-20100110/bin/../lib/gcc/avr/4.3.3/avr5\libgcc.a
LOAD c:/winavr-20100110/bin/../lib/gcc/avr/4.3.3/../../../../avr/lib/avr5\libc.a
LOAD c:/winavr-20100110/bin/../lib/gcc/avr/4.3.3/avr5\libgcc.a

.hash
 *(.hash)

.dynsym
 *(.dynsym)

.dynstr
 *(.dynstr)

.gnu.version
 *(.gnu.version)

.gnu.version_d
 *(.gnu.version_d)

.gnu.version_r
 *(.gnu.version_r)

.rel.init
 *(.rel.init)

.rela.init
 *(.rela.init)

.rel.text
 *(.rel.text)
 *(.rel.text.*)
 *(.rel.gnu.linkonce.t*)

.rela.text
 *(.rela.text)
 *(.rela.text.*)
 *(.rela.gnu.linkonce.t*)

.rel.fini
 *(.rel.fini)

.rela.fini
 *(.rela.fini)

.rel.rodata
 *(.rel.rodata)
 *(.rel.rodata.*)
 *(.rel.gnu.linkonce.r*)

.rela.rodata
 *(.rela.rodata)
 *(.rela.rodata.*)
 *(.rela.gnu.linkonce.r*)

.rel.data
 *(.rel.data)
 *(.rel.data.*)
 *(.rel.gnu.linkonce.d*)

.rela.data
 *(.rela.data)
 *(.rela.data.*)
 *(.rela.gnu.linkonce.d*)

.rel.ctors
 *(.rel.ctors)

.rela.ctors
 *(.rela.ctors)

.rel.dtors
 *(.rel.dtors)

.rela.dtors
 *(.rela.dtors)

.rel.got
 *(.rel.got)

.rela.got
 *(.rela.got)

.rel.bss
 *(.rel.bss)

.rela.bss
 *(.rela.bss)

.rel.plt
 *(.rel.plt)

.rela.plt
 *(.rela.plt)

.text           0x00000000     0x4486
 *(.vectors)
 .vectors       0x00000000       0xe4 c:/winavr-20100110/bin/../lib/gcc/avr/4.3.3/../../../../avr/lib/avr5/crtm640.o
                0x00000000                __vectors
                0x00000000                __vector_default
 *(.vectors)
 *(.progmem.gcc*)
 *(.progmem*)
 .progmem.data  0x000000e4       0x17 c:/winavr-20100110/bin/../lib/gcc/avr/4.3.3/../../../../avr/lib/avr5\libprintf_min.a(vfprintf_min.o)
 .progmem.data  0x000000fb      0x25a lib/lib_timerdef.o
                0x000000fb                __timer0Compare
                0x0000014b                __timer2Compare
                0x000001fb                pgm_Timers
                0x0000011b                __timer1Compare
                0x0000016b                __timer3Compare
                0x0000019b                __timer4Compare
                0x000001cb                __timer5Compare
 .progmem.data  0x00000355       0x1a lib/lib_hardware.o
 .progmem.data  0x0000036f       0x83 lib/lib_iopins.o
                0x0000038a                _C5
                0x00000393                _D5
                0x000003bd                _L3
                0x000003a8                _G5
                0x00000372                _B5
                0x00000390                _D3
                0x000003ba                _L1
                0x000003ab                _H3
                0x00000381                _C2
                0x000003b4                _H6
                0x0000039c                _E3
                0x00000378                _B7
                0x000003c6                AVcc_MV
                0x00000384                _C3
                0x000003a2                _E5
                0x00000387                _C4
                0x00000396                _D6
                0x000003c0                _L4
                0x00000375                _B6
                0x000003b1                _H5
                0x0000038d                _D2
                0x000003b7                _L0
                0x00000399                _D7
                0x000003c3                _L5
                0x0000039f                _E4
                0x000003ae                _H4
                0x0000037e                _C1
                0x000003a5                _E7
                0x0000037b                _C0
                0x0000036f                _B4
 .progmem.data  0x000003f2        0x4 C:\Users\roman_000\Desktop\webbot\lib2\webbotavrclib-2.11\libWebbot-ATmega640.a(servoPWM.o)
 .progmem.data  0x000003f6       0x1b C:\Users\roman_000\Desktop\webbot\lib2\webbotavrclib-2.11\libWebbot-ATmega640.a(errors.o)
 .progmem.data  0x00000411       0x24 C:\Users\roman_000\Desktop\webbot\lib2\webbotavrclib-2.11\libWebbot-ATmega640.a(segled8.o)
 .progmem.data  0x00000435        0xc C:\Users\roman_000\Desktop\webbot\lib2\webbotavrclib-2.11\libWebbot-ATmega640.a(uart.o)
                0x00000435                c_hw_uart
 .progmem.data  0x00000441       0xfa c:/winavr-20100110/bin/../lib/gcc/avr/4.3.3/../../../../avr/lib/avr5\libc.a(ftoa_engine.o)
                0x0000053c                . = ALIGN (0x2)
 *fill*         0x0000053b        0x1 00
                0x0000053c                __trampolines_start = .
 *(.trampolines)
 .trampolines   0x0000053c        0x0 linker stubs
 *(.trampolines*)
                0x0000053c                __trampolines_end = .
 *(.jumptables)
 *(.jumptables*)
 *(.lowtext)
 *(.lowtext*)
                0x0000053c                __ctors_start = .
 *(.ctors)
 .ctors         0x0000053c        0x4 lib/lib_ctor.o
                0x00000540                __ctors_end = .
                0x00000540                __dtors_start = .
 *(.dtors)
                0x00000540                __dtors_end = .
 SORT(*)(.ctors)
 SORT(*)(.dtors)
 *(.init0)
 .init0         0x00000540        0x0 c:/winavr-20100110/bin/../lib/gcc/avr/4.3.3/../../../../avr/lib/avr5/crtm640.o
                0x00000540                __init
 *(.init0)
 *(.init1)
 *(.init1)
 *(.init2)
 .init2         0x00000540        0xc c:/winavr-20100110/bin/../lib/gcc/avr/4.3.3/../../../../avr/lib/avr5/crtm640.o
 *(.init2)
 *(.init3)
 *(.init3)
 *(.init4)
 .init4         0x0000054c       0x16 c:/winavr-20100110/bin/../lib/gcc/avr/4.3.3/avr5\libgcc.a(_copy_data.o)
                0x0000054c                __do_copy_data
 .init4         0x00000562       0x10 c:/winavr-20100110/bin/../lib/gcc/avr/4.3.3/avr5\libgcc.a(_clear_bss.o)
                0x00000562                __do_clear_bss
 *(.init4)
 *(.init5)
 *(.init5)
 *(.init6)
 .init6         0x00000572       0x16 c:/winavr-20100110/bin/../lib/gcc/avr/4.3.3/avr5\libgcc.a(_ctors.o)
                0x00000572                __do_global_ctors
 *(.init6)
 *(.init7)
 *(.init7)
 *(.init8)
 *(.init8)
 *(.init9)
 .init9         0x00000588        0x8 c:/winavr-20100110/bin/../lib/gcc/avr/4.3.3/../../../../avr/lib/avr5/crtm640.o
 *(.init9)
 *(.text)
 .text          0x00000590        0x4 c:/winavr-20100110/bin/../lib/gcc/avr/4.3.3/../../../../avr/lib/avr5/crtm640.o
                0x00000590                __vector_28
                0x00000590                __vector_1
                0x00000590                __vector_32
                0x00000590                __vector_34
                0x00000590                __vector_24
                0x00000590                __vector_12
                0x00000590                __vector_55
                0x00000590                __vector_46
                0x00000590                __bad_interrupt
                0x00000590                __vector_6
                0x00000590                __vector_31
                0x00000590                __vector_35
                0x00000590                __vector_39
                0x00000590                __vector_3
                0x00000590                __vector_23
                0x00000590                __vector_30
                0x00000590                __vector_45
                0x00000590                __vector_25
                0x00000590                __vector_11
                0x00000590                __vector_54
                0x00000590                __vector_13
                0x00000590                __vector_17
                0x00000590                __vector_19
                0x00000590                __vector_56
                0x00000590                __vector_7
                0x00000590                __vector_49
                0x00000590                __vector_41
                0x00000590                __vector_43
                0x00000590                __vector_27
                0x00000590                __vector_5
                0x00000590                __vector_33
                0x00000590                __vector_47
                0x00000590                __vector_52
                0x00000590                __vector_37
                0x00000590                __vector_4
                0x00000590                __vector_44
                0x00000590                __vector_51
                0x00000590                __vector_9
                0x00000590                __vector_2
                0x00000590                __vector_15
                0x00000590                __vector_29
                0x00000590                __vector_40
                0x00000590                __vector_8
                0x00000590                __vector_26
                0x00000590                __vector_48
                0x00000590                __vector_14
                0x00000590                __vector_53
                0x00000590                __vector_10
                0x00000590                __vector_50
                0x00000590                __vector_16
                0x00000590                __vector_18
                0x00000590                __vector_20
                0x00000590                __vector_42
 .text          0x00000594        0x0 c:/winavr-20100110/bin/../lib/gcc/avr/4.3.3/../../../../avr/lib/avr5\libprintf_min.a(vfprintf_min.o)
 .text          0x00000594      0xf70 bug4.o
                0x0000070c                appInitSoftware
                0x00000a62                print_command(command*, unsigned long)
                0x0000089a                Stream::operator<<(signed char)
                0x00000788                Stream::operator<<(char)
                0x000007f2                Stream::operator<<(int)
                0x00000846                Actuator::setSpeed(signed char)
                0x00000822                Uart::isRxBufferEmpty() const
                0x00000970                appInitHardware
                0x000007b0                Stream::operator<<(double)
                0x0000073a                UartHW::read()
                0x000005e8                Actuator::getSpeed() const
                0x00000a22                Stream::operator<<(unsigned long)
                0x000008c2                Stream::operator<<(char const*)
                0x00000872                Stream::operator<<(unsigned char)
                0x00000bfc                appControl
                0x000008f2                to_int(char)
                0x0000060c                initialize_command(command*)
 .text          0x00001504      0x1ac lib/gen_clock.o
                0x000015dc                __clockInit
                0x0000155a                clockSnapshotToTicks
                0x00001504                clockGetSnapshot
                0x000015ea                __vector_21
                0x000015a2                clockGetus
 .text          0x000016b0        0x0 lib/lib_timerdef.o
 .text          0x000016b0      0x13e lib/lib_hardware.o
                0x0000178a                __vector_38
                0x000016e0                initHardware
                0x000017d6                uart1GetByte
                0x000016be                registerLED
                0x000017e0                uart1SendByte
                0x00001734                __vector_36
                0x000016f2                sysInitHardware
 .text          0x000017ee      0x2c6 lib/lib_ctor.o
                0x00001a42                StatusLed::set(signed char) const
                0x00001846                _cpp_Init_()
                0x0000183a                NullStream::read()
                0x00001834                NullStream::write(unsigned char)
                0x00001864                __cxa_pure_virtual
                0x000017ee                Stream::_put(char, __file*)
                0x00001840                Marquee::read()
                0x00001a70                Marquee::write(unsigned char)
                0x00001a64                Led::set(signed char) const
                0x00001a9a                Uart::read()
                0x00001814                Stream::_get(__file*)
                0x00001aa6                Uart::write(unsigned char)
 .text          0x00001ab4      0x120 lib/lib_timers.o
                0x00001ab4                __initTimers
 .text          0x00001bd4        0x0 lib/lib_iopins.o
 .text          0x00001bd4      0x138 C:\Users\roman_000\Desktop\webbot\lib2\webbotavrclib-2.11\libWebbot-ATmega640.a(servoPWM.o)
                0x00001bd4                servoPWMInit
 .text          0x00001d0c      0x102 C:\Users\roman_000\Desktop\webbot\lib2\webbotavrclib-2.11\libWebbot-ATmega640.a(servosConfig.o)
                0x00001d0c                servoSetConfig
 .text          0x00001e0e       0x36 C:\Users\roman_000\Desktop\webbot\lib2\webbotavrclib-2.11\libWebbot-ATmega640.a(StreamChar.o)
                0x00001e0e                Stream::print(char)
 .text          0x00001e44       0x58 C:\Users\roman_000\Desktop\webbot\lib2\webbotavrclib-2.11\libWebbot-ATmega640.a(StreamDouble.o)
                0x00001e44                Stream::print(double, unsigned char)
 .text          0x00001e9c       0xb4 C:\Users\roman_000\Desktop\webbot\lib2\webbotavrclib-2.11\libWebbot-ATmega640.a(StreamSigned.o)
                0x00001e9c                Stream::print(long, unsigned char)
                0x00001ef2                Stream::print(int, unsigned char)
                0x00001f02                Stream::print(int)
                0x00001eea                Stream::print(long)
                0x00001f28                Stream::print(signed char, unsigned char)
                0x00001f14                Stream::print(signed char)
 .text          0x00001f50       0x2c C:\Users\roman_000\Desktop\webbot\lib2\webbotavrclib-2.11\libWebbot-ATmega640.a(StreamString.o)
                0x00001f50                Stream::print(char const*)
 .text          0x00001f7c       0xa4 C:\Users\roman_000\Desktop\webbot\lib2\webbotavrclib-2.11\libWebbot-ATmega640.a(StreamUnsigned.o)
                0x00001fca                Stream::print(unsigned long)
                0x00001f7c                Stream::print(unsigned long, unsigned char)
                0x00001fec                Stream::print(unsigned char)
                0x00001ffc                Stream::print(unsigned char, unsigned char)
                0x00001fd2                Stream::print(unsigned int, unsigned char)
                0x00001fde                Stream::print(unsigned int)
 .text          0x00002020       0x76 C:\Users\roman_000\Desktop\webbot\lib2\webbotavrclib-2.11\libWebbot-ATmega640.a(actuators.o)
                0x00002020                __act_setSpeed
                0x00002060                __act_setConnected
 .text          0x00002096       0x8e C:\Users\roman_000\Desktop\webbot\lib2\webbotavrclib-2.11\libWebbot-ATmega640.a(core_interp.o)
                0x00002096                interpolate
 .text          0x00002124       0x82 C:\Users\roman_000\Desktop\webbot\lib2\webbotavrclib-2.11\libWebbot-ATmega640.a(core_interpU.o)
                0x00002124                interpolateU
 .text          0x000021a6       0xd6 C:\Users\roman_000\Desktop\webbot\lib2\webbotavrclib-2.11\libWebbot-ATmega640.a(errors.o)
                0x000021ac                setErrorLog
                0x000021b6                setError
                0x000021a6                getError
 .text          0x0000227c       0x2a C:\Users\roman_000\Desktop\webbot\lib2\webbotavrclib-2.11\libWebbot-ATmega640.a(iopin_is_output.o)
                0x0000227c                pin_is_output
 .text          0x000022a6       0x4e C:\Users\roman_000\Desktop\webbot\lib2\webbotavrclib-2.11\libWebbot-ATmega640.a(iopin_make_input.o)
                0x000022a6                pin_make_input
 .text          0x000022f4       0x4e C:\Users\roman_000\Desktop\webbot\lib2\webbotavrclib-2.11\libWebbot-ATmega640.a(iopin_make_output.o)
                0x000022f4                pin_make_output
 .text          0x00002342       0x44 C:\Users\roman_000\Desktop\webbot\lib2\webbotavrclib-2.11\libWebbot-ATmega640.a(led.o)
                0x00002342                LED_set
 .text          0x00002386       0xd2 C:\Users\roman_000\Desktop\webbot\lib2\webbotavrclib-2.11\libWebbot-ATmega640.a(main.o)
                0x00002386                main
 .text          0x00002458       0x4a C:\Users\roman_000\Desktop\webbot\lib2\webbotavrclib-2.11\libWebbot-ATmega640.a(rprintf.o)
                0x0000245c                rprintfInit
                0x00002476                rprintfChar
                0x0000249a                rprintfCRLF
 .text          0x000024a2      0x2ba C:\Users\roman_000\Desktop\webbot\lib2\webbotavrclib-2.11\libWebbot-ATmega640.a(marqueeSendByte.o)
                0x000024a2                marqueeSendByte
 .text          0x0000275c      0x10c C:\Users\roman_000\Desktop\webbot\lib2\webbotavrclib-2.11\libWebbot-ATmega640.a(segled.o)
                0x0000275c                segled_put_char
                0x000027f2                segled_set
 .text          0x00002868       0x76 C:\Users\roman_000\Desktop\webbot\lib2\webbotavrclib-2.11\libWebbot-ATmega640.a(segled8.o)
                0x00002868                segled8_get_mask
 .text          0x000028de       0x98 C:\Users\roman_000\Desktop\webbot\lib2\webbotavrclib-2.11\libWebbot-ATmega640.a(compareFromIOPin.o)
                0x000028de                compareFromIOPin
 .text          0x00002976       0x44 C:\Users\roman_000\Desktop\webbot\lib2\webbotavrclib-2.11\libWebbot-ATmega640.a(compareSetOutputMode.o)
                0x00002976                compareSetOutputMode
 .text          0x000029ba       0x6a C:\Users\roman_000\Desktop\webbot\lib2\webbotavrclib-2.11\libWebbot-ATmega640.a(compareSetThreshold.o)
                0x000029ba                compareSetThreshold
 .text          0x00002a24       0xa4 C:\Users\roman_000\Desktop\webbot\lib2\webbotavrclib-2.11\libWebbot-ATmega640.a(_uart_common.o)
                0x00002a24                _uartSetBaudRate
                0x00002a3c                _uartInit
 .text          0x00002ac8      0x1dc C:\Users\roman_000\Desktop\webbot\lib2\webbotavrclib-2.11\libWebbot-ATmega640.a(uart.o)
                0x00002ac8                __uartHWSetBaudRate
                0x00002c34                __uartHWStartXmit
                0x00002c6c                __uartHWInit
 .text          0x00002ca4       0x40 C:\Users\roman_000\Desktop\webbot\lib2\webbotavrclib-2.11\libWebbot-ATmega640.a(uartCommonRx.o)
                0x00002cd8                __uartGetByte
                0x00002ca4                __uartReceiveService
 .text          0x00002ce4       0x58 C:\Users\roman_000\Desktop\webbot\lib2\webbotavrclib-2.11\libWebbot-ATmega640.a(uartCommonRxBuf.o)
                0x00002d18                __uartReceiveBuffered
                0x00002ce4                __uartGetByteBuffered
 .text          0x00002d3c       0xe6 C:\Users\roman_000\Desktop\webbot\lib2\webbotavrclib-2.11\libWebbot-ATmega640.a(uartCommonTx.o)
                0x00002e02                _uartSendByte
                0x00002dc6                _uartSendBuffer
                0x00002d8e                _uartTransmitBlockEnd
                0x00002e16                __uartTransmitService
                0x00002d3c                _uartStartXmit
                0x00002d56                _uartTransmitBlockStart
 .text          0x00002e22       0xa6 C:\Users\roman_000\Desktop\webbot\lib2\webbotavrclib-2.11\libWebbot-ATmega640.a(uartCommonTxBuf.o)
                0x00002e22                __uartSendNextBuffered
                0x00002e74                __uartSendBuffered
 .text          0x00002ec8       0x44 C:\Users\roman_000\Desktop\webbot\lib2\webbotavrclib-2.11\libWebbot-ATmega640.a(uartPollByte.o)
                0x00002ee4                uartPollByte
                0x00002ec8                uartReceivePollingMode
 .text          0x00002f0c       0x3e C:\Users\roman_000\Desktop\webbot\lib2\webbotavrclib-2.11\libWebbot-ATmega640.a(uartReceiveBufferIsEmpty.o)
                0x00002f0c                __uartReceiveBufferIsEmpty
 .text          0x00002f4a       0x80 C:\Users\roman_000\Desktop\webbot\lib2\webbotavrclib-2.11\libWebbot-ATmega640.a(bufferGet.o)
                0x00002f4a                bufferGet
 .text          0x00002fca       0x10 C:\Users\roman_000\Desktop\webbot\lib2\webbotavrclib-2.11\libWebbot-ATmega640.a(bufferIsFull.o)
                0x00002fca                bufferIsFull
 .text          0x00002fda       0x4c C:\Users\roman_000\Desktop\webbot\lib2\webbotavrclib-2.11\libWebbot-ATmega640.a(bufferPut.o)
                0x00002fda                bufferPut
 .text          0x00003026       0x12 C:\Users\roman_000\Desktop\webbot\lib2\webbotavrclib-2.11\libWebbot-ATmega640.a(clockHasElapsed.o)
                0x00003026                clockHasElapsed
 .text          0x00003038       0x84 C:\Users\roman_000\Desktop\webbot\lib2\webbotavrclib-2.11\libWebbot-ATmega640.a(clockHasElapsedGetOverflow.o)
                0x00003038                clockHasElapsedGetOverflow
 .text          0x000030bc       0x16 C:\Users\roman_000\Desktop\webbot\lib2\webbotavrclib-2.11\libWebbot-ATmega640.a(breathe.o)
                0x000030bc                breathe
 .text          0x000030d2       0x92 C:\Users\roman_000\Desktop\webbot\lib2\webbotavrclib-2.11\libWebbot-ATmega640.a(iopin.o)
                0x0000311c                pin_high
                0x000030d2                pin_low
 .text          0x00003164       0x10 C:\Users\roman_000\Desktop\webbot\lib2\webbotavrclib-2.11\libWebbot-ATmega640.a(iopin_set.o)
                0x00003164                pin_set
 .text          0x00003174       0x22 C:\Users\roman_000\Desktop\webbot\lib2\webbotavrclib-2.11\libWebbot-ATmega640.a(bufferFreeSpace.o)
                0x00003174                bufferFreeSpace
 .text          0x00003196      0x338 lib\libPost.a(opt_scheduler.o)
                0x00003354                __vector_22
                0x0000339c                scheduleJob
 .text          0x000034ce        0x0 c:/winavr-20100110/bin/../lib/gcc/avr/4.3.3/../../../../avr/lib/avr5\libm.a(addsf3.o)
 .text          0x000034ce        0x0 c:/winavr-20100110/bin/../lib/gcc/avr/4.3.3/../../../../avr/lib/avr5\libm.a(addsf3x.o)
 .text          0x000034ce        0x0 c:/winavr-20100110/bin/../lib/gcc/avr/4.3.3/../../../../avr/lib/avr5\libm.a(fixsfsi.o)
 .text          0x000034ce        0x0 c:/winavr-20100110/bin/../lib/gcc/avr/4.3.3/../../../../avr/lib/avr5\libm.a(fixunssfsi.o)
 .text          0x000034ce        0x0 c:/winavr-20100110/bin/../lib/gcc/avr/4.3.3/../../../../avr/lib/avr5\libm.a(floatsisf.o)
 .text          0x000034ce        0x0 c:/winavr-20100110/bin/../lib/gcc/avr/4.3.3/../../../../avr/lib/avr5\libm.a(fp_inf.o)
 .text          0x000034ce        0x0 c:/winavr-20100110/bin/../lib/gcc/avr/4.3.3/../../../../avr/lib/avr5\libm.a(fp_nan.o)
 .text          0x000034ce        0x0 c:/winavr-20100110/bin/../lib/gcc/avr/4.3.3/../../../../avr/lib/avr5\libm.a(fp_pscA.o)
 .text          0x000034ce        0x0 c:/winavr-20100110/bin/../lib/gcc/avr/4.3.3/../../../../avr/lib/avr5\libm.a(fp_pscB.o)
 .text          0x000034ce        0x0 c:/winavr-20100110/bin/../lib/gcc/avr/4.3.3/../../../../avr/lib/avr5\libm.a(fp_round.o)
 .text          0x000034ce        0x0 c:/winavr-20100110/bin/../lib/gcc/avr/4.3.3/../../../../avr/lib/avr5\libm.a(fp_split3.o)
 .text          0x000034ce        0x0 c:/winavr-20100110/bin/../lib/gcc/avr/4.3.3/../../../../avr/lib/avr5\libm.a(fp_zero.o)
 .text          0x000034ce        0x0 c:/winavr-20100110/bin/../lib/gcc/avr/4.3.3/../../../../avr/lib/avr5\libm.a(mulsf3.o)
 .text          0x000034ce        0x0 c:/winavr-20100110/bin/../lib/gcc/avr/4.3.3/../../../../avr/lib/avr5\libm.a(mulsf3x.o)
 .text          0x000034ce        0x0 c:/winavr-20100110/bin/../lib/gcc/avr/4.3.3/../../../../avr/lib/avr5\libc.a(dtostrf.o)
 .text          0x000034ce        0x0 c:/winavr-20100110/bin/../lib/gcc/avr/4.3.3/../../../../avr/lib/avr5\libc.a(malloc.o)
 .text          0x000034ce        0x0 c:/winavr-20100110/bin/../lib/gcc/avr/4.3.3/../../../../avr/lib/avr5\libc.a(exit.o)
 .text          0x000034ce        0x0 c:/winavr-20100110/bin/../lib/gcc/avr/4.3.3/../../../../avr/lib/avr5\libc.a(strchr_P.o)
 .text          0x000034ce        0x0 c:/winavr-20100110/bin/../lib/gcc/avr/4.3.3/../../../../avr/lib/avr5\libc.a(memcpy.o)
 .text          0x000034ce        0x0 c:/winavr-20100110/bin/../lib/gcc/avr/4.3.3/../../../../avr/lib/avr5\libc.a(ltoa.o)
 .text          0x000034ce        0x0 c:/winavr-20100110/bin/../lib/gcc/avr/4.3.3/../../../../avr/lib/avr5\libc.a(ultoa.o)
 .text          0x000034ce        0x0 c:/winavr-20100110/bin/../lib/gcc/avr/4.3.3/../../../../avr/lib/avr5\libc.a(fprintf_p.o)
 .text          0x000034ce        0x0 c:/winavr-20100110/bin/../lib/gcc/avr/4.3.3/../../../../avr/lib/avr5\libc.a(fputc.o)
 .text          0x000034ce        0x0 c:/winavr-20100110/bin/../lib/gcc/avr/4.3.3/../../../../avr/lib/avr5\libc.a(iob.o)
 .text          0x000034ce        0x0 c:/winavr-20100110/bin/../lib/gcc/avr/4.3.3/../../../../avr/lib/avr5\libc.a(ultoa_invert.o)
 .text          0x000034ce        0x0 c:/winavr-20100110/bin/../lib/gcc/avr/4.3.3/../../../../avr/lib/avr5\libc.a(dtoa_prf.o)
 .text          0x000034ce        0x0 c:/winavr-20100110/bin/../lib/gcc/avr/4.3.3/../../../../avr/lib/avr5\libc.a(ftoa_engine.o)
 .text          0x000034ce        0x0 c:/winavr-20100110/bin/../lib/gcc/avr/4.3.3/../../../../avr/lib/avr5\libc.a(strrev.o)
 .text          0x000034ce        0x0 c:/winavr-20100110/bin/../lib/gcc/avr/4.3.3/avr5\libgcc.a(_mulsi3.o)
 .text          0x000034ce        0x0 c:/winavr-20100110/bin/../lib/gcc/avr/4.3.3/avr5\libgcc.a(_udivmodhi4.o)
 .text          0x000034ce        0x0 c:/winavr-20100110/bin/../lib/gcc/avr/4.3.3/avr5\libgcc.a(_udivmodsi4.o)
 .text          0x000034ce        0x0 c:/winavr-20100110/bin/../lib/gcc/avr/4.3.3/avr5\libgcc.a(_divmodsi4.o)
 .text          0x000034ce        0x0 c:/winavr-20100110/bin/../lib/gcc/avr/4.3.3/avr5\libgcc.a(_prologue.o)
 .text          0x000034ce        0x0 c:/winavr-20100110/bin/../lib/gcc/avr/4.3.3/avr5\libgcc.a(_epilogue.o)
 .text          0x000034ce        0x0 c:/winavr-20100110/bin/../lib/gcc/avr/4.3.3/avr5\libgcc.a(_exit.o)
 .text          0x000034ce        0x0 c:/winavr-20100110/bin/../lib/gcc/avr/4.3.3/avr5\libgcc.a(_copy_data.o)
 .text          0x000034ce        0x0 c:/winavr-20100110/bin/../lib/gcc/avr/4.3.3/avr5\libgcc.a(_clear_bss.o)
 .text          0x000034ce        0x0 c:/winavr-20100110/bin/../lib/gcc/avr/4.3.3/avr5\libgcc.a(_ctors.o)
 .text          0x000034ce        0x0 c:/winavr-20100110/bin/../lib/gcc/avr/4.3.3/avr5\libgcc.a(_tablejump.o)
                0x000034ce                . = ALIGN (0x2)
 *(.text.*)
 .text.avr-libc
                0x000034ce      0x23e c:/winavr-20100110/bin/../lib/gcc/avr/4.3.3/../../../../avr/lib/avr5\libprintf_min.a(vfprintf_min.o)
                0x000034ce                vfprintf
 .text.avr-libc.fplib
                0x0000370c        0xa c:/winavr-20100110/bin/../lib/gcc/avr/4.3.3/../../../../avr/lib/avr5\libm.a(addsf3.o)
                0x0000370c                __subsf3
                0x0000370e                __addsf3
 .text.avr-libc.fplib
                0x00003716       0xc0 c:/winavr-20100110/bin/../lib/gcc/avr/4.3.3/../../../../avr/lib/avr5\libm.a(addsf3x.o)
                0x00003730                __addsf3x
 .text.avr-libc.fplib
                0x000037d6        0xa c:/winavr-20100110/bin/../lib/gcc/avr/4.3.3/../../../../avr/lib/avr5\libm.a(fixsfsi.o)
                0x000037d6                __fixsfsi
 .text.avr-libc.fplib
                0x000037e0       0x58 c:/winavr-20100110/bin/../lib/gcc/avr/4.3.3/../../../../avr/lib/avr5\libm.a(fixunssfsi.o)
                0x000037e0                __fixunssfsi
 .text.avr-libc.fplib
                0x00003838       0x7a c:/winavr-20100110/bin/../lib/gcc/avr/4.3.3/../../../../avr/lib/avr5\libm.a(floatsisf.o)
                0x0000383c                __floatsisf
                0x00003838                __floatunsisf
 .text.avr-libc.fplib
                0x000038b2        0xc c:/winavr-20100110/bin/../lib/gcc/avr/4.3.3/../../../../avr/lib/avr5\libm.a(fp_inf.o)
                0x000038b2                __fp_inf
 .text.avr-libc.fplib
                0x000038be        0x6 c:/winavr-20100110/bin/../lib/gcc/avr/4.3.3/../../../../avr/lib/avr5\libm.a(fp_nan.o)
                0x000038be                __fp_nan
 .text.avr-libc.fplib
                0x000038c4        0xe c:/winavr-20100110/bin/../lib/gcc/avr/4.3.3/../../../../avr/lib/avr5\libm.a(fp_pscA.o)
                0x000038c4                __fp_pscA
 .text.avr-libc.fplib
                0x000038d2        0xe c:/winavr-20100110/bin/../lib/gcc/avr/4.3.3/../../../../avr/lib/avr5\libm.a(fp_pscB.o)
                0x000038d2                __fp_pscB
 .text.avr-libc.fplib
                0x000038e0       0x22 c:/winavr-20100110/bin/../lib/gcc/avr/4.3.3/../../../../avr/lib/avr5\libm.a(fp_round.o)
                0x000038e0                __fp_round
 .text.avr-libc.fplib
                0x00003902       0x44 c:/winavr-20100110/bin/../lib/gcc/avr/4.3.3/../../../../avr/lib/avr5\libm.a(fp_split3.o)
                0x00003902                __fp_split3
                0x00003912                __fp_splitA
 .text.avr-libc.fplib
                0x00003946        0xe c:/winavr-20100110/bin/../lib/gcc/avr/4.3.3/../../../../avr/lib/avr5\libm.a(fp_zero.o)
                0x00003946                __fp_zero
                0x00003948                __fp_szero
 .text.avr-libc.fplib
                0x00003954        0x4 c:/winavr-20100110/bin/../lib/gcc/avr/4.3.3/../../../../avr/lib/avr5\libm.a(mulsf3.o)
                0x00003954                __mulsf3
 .text.avr-libc.fplib
                0x00003958       0xc2 c:/winavr-20100110/bin/../lib/gcc/avr/4.3.3/../../../../avr/lib/avr5\libm.a(mulsf3x.o)
                0x00003970                __mulsf3_pse
                0x0000396c                __mulsf3x
 .text.avr-libc
                0x00003a1a       0x42 c:/winavr-20100110/bin/../lib/gcc/avr/4.3.3/../../../../avr/lib/avr5\libc.a(dtostrf.o)
                0x00003a1a                dtostrf
 .text.avr-libc
                0x00003a5c      0x20a c:/winavr-20100110/bin/../lib/gcc/avr/4.3.3/../../../../avr/lib/avr5\libc.a(malloc.o)
                0x00003a5c                malloc
                0x00003bb6                free
 .text.avr-libc
                0x00003c66        0x6 c:/winavr-20100110/bin/../lib/gcc/avr/4.3.3/../../../../avr/lib/avr5\libc.a(exit.o)
                0x00003c66                exit
 .text.avr-libc
                0x00003c6c       0x16 c:/winavr-20100110/bin/../lib/gcc/avr/4.3.3/../../../../avr/lib/avr5\libc.a(strchr_P.o)
                0x00003c6c                strchr_P
 .text.avr-libc
                0x00003c82       0x12 c:/winavr-20100110/bin/../lib/gcc/avr/4.3.3/../../../../avr/lib/avr5\libc.a(memcpy.o)
                0x00003c82                memcpy
 .text.avr-libc
                0x00003c94       0x68 c:/winavr-20100110/bin/../lib/gcc/avr/4.3.3/../../../../avr/lib/avr5\libc.a(ltoa.o)
                0x00003c94                ltoa
 .text.avr-libc
                0x00003cfc       0x4a c:/winavr-20100110/bin/../lib/gcc/avr/4.3.3/../../../../avr/lib/avr5\libc.a(ultoa.o)
                0x00003cfc                ultoa
 .text.avr-libc
                0x00003d46       0x3a c:/winavr-20100110/bin/../lib/gcc/avr/4.3.3/../../../../avr/lib/avr5\libc.a(fprintf_p.o)
                0x00003d46                fprintf_P
 .text.avr-libc
                0x00003d80       0x58 c:/winavr-20100110/bin/../lib/gcc/avr/4.3.3/../../../../avr/lib/avr5\libc.a(fputc.o)
                0x00003d80                fputc
 .text.avr-libc
                0x00003dd8       0xbc c:/winavr-20100110/bin/../lib/gcc/avr/4.3.3/../../../../avr/lib/avr5\libc.a(ultoa_invert.o)
                0x00003dd8                __ultoa_invert
 .text.avr-libc
                0x00003e94      0x2c4 c:/winavr-20100110/bin/../lib/gcc/avr/4.3.3/../../../../avr/lib/avr5\libc.a(dtoa_prf.o)
                0x00003e94                dtoa_prf
 .text.avr-libc
                0x00004158      0x1b0 c:/winavr-20100110/bin/../lib/gcc/avr/4.3.3/../../../../avr/lib/avr5\libc.a(ftoa_engine.o)
                0x00004158                __ftoa_engine
 .text.avr-libc
                0x00004308       0x20 c:/winavr-20100110/bin/../lib/gcc/avr/4.3.3/../../../../avr/lib/avr5\libc.a(strrev.o)
                0x00004308                strrev
 .text.libgcc   0x00004328       0x3e c:/winavr-20100110/bin/../lib/gcc/avr/4.3.3/avr5\libgcc.a(_mulsi3.o)
                0x00004328                __mulsi3
 .text.libgcc   0x00004366       0x28 c:/winavr-20100110/bin/../lib/gcc/avr/4.3.3/avr5\libgcc.a(_udivmodhi4.o)
                0x00004366                __udivmodhi4
 .text.libgcc   0x0000438e       0x44 c:/winavr-20100110/bin/../lib/gcc/avr/4.3.3/avr5\libgcc.a(_udivmodsi4.o)
                0x0000438e                __udivmodsi4
 .text.libgcc   0x000043d2       0x36 c:/winavr-20100110/bin/../lib/gcc/avr/4.3.3/avr5\libgcc.a(_divmodsi4.o)
                0x000043d2                __divmodsi4
 .text.libgcc   0x00004408       0x38 c:/winavr-20100110/bin/../lib/gcc/avr/4.3.3/avr5\libgcc.a(_prologue.o)
                0x00004408                __prologue_saves__
 .text.libgcc   0x00004440       0x36 c:/winavr-20100110/bin/../lib/gcc/avr/4.3.3/avr5\libgcc.a(_epilogue.o)
                0x00004440                __epilogue_restores__
 .text.libgcc   0x00004476        0x0 c:/winavr-20100110/bin/../lib/gcc/avr/4.3.3/avr5\libgcc.a(_exit.o)
 .text.libgcc   0x00004476        0x0 c:/winavr-20100110/bin/../lib/gcc/avr/4.3.3/avr5\libgcc.a(_copy_data.o)
 .text.libgcc   0x00004476        0x0 c:/winavr-20100110/bin/../lib/gcc/avr/4.3.3/avr5\libgcc.a(_clear_bss.o)
 .text.libgcc   0x00004476        0x0 c:/winavr-20100110/bin/../lib/gcc/avr/4.3.3/avr5\libgcc.a(_ctors.o)
 .text.libgcc   0x00004476        0xc c:/winavr-20100110/bin/../lib/gcc/avr/4.3.3/avr5\libgcc.a(_tablejump.o)
                0x0000447a                __tablejump__
                0x00004476                __tablejump2__
                0x00004482                . = ALIGN (0x2)
 *(.fini9)
 .fini9         0x00004482        0x0 c:/winavr-20100110/bin/../lib/gcc/avr/4.3.3/avr5\libgcc.a(_exit.o)
                0x00004482                _exit
 *(.fini9)
 *(.fini8)
 *(.fini8)
 *(.fini7)
 *(.fini7)
 *(.fini6)
 *(.fini6)
 *(.fini5)
 *(.fini5)
 *(.fini4)
 *(.fini4)
 *(.fini3)
 *(.fini3)
 *(.fini2)
 *(.fini2)
 *(.fini1)
 *(.fini1)
 *(.fini0)
 .fini0         0x00004482        0x4 c:/winavr-20100110/bin/../lib/gcc/avr/4.3.3/avr5\libgcc.a(_exit.o)
 *(.fini0)
                0x00004486                _etext = .

.data           0x00800200      0x36c load address 0x00004486
                0x00800200                PROVIDE (__data_start, .)
 *(.data)
 .data          0x00800200        0x0 c:/winavr-20100110/bin/../lib/gcc/avr/4.3.3/../../../../avr/lib/avr5/crtm640.o
 .data          0x00800200        0x0 c:/winavr-20100110/bin/../lib/gcc/avr/4.3.3/../../../../avr/lib/avr5\libprintf_min.a(vfprintf_min.o)
 .data          0x00800200      0x191 bug4.o
 .data          0x00800391        0x0 lib/gen_clock.o
 .data          0x00800391        0x1 lib/lib_timerdef.o
                0x00800391                NUMBER_OF_TIMERS
 .data          0x00800392      0x19c lib/lib_hardware.o
                0x0080040c                _servo2_
                0x008004de                _servo11_
                0x00800438                _servo4_
                0x0080050a                _servos2_
                0x00800486                _servo7_
                0x0080039a                __C_uart1
                0x008003ce                _led_display_
                0x008004b2                _servo9_
                0x00800464                _servo6_
                0x008003f6                _servo_
                0x008003cc                _button_
                0x0080044e                _servo5_
                0x008003df                _marquee_
                0x00800392                cpu_speed
                0x00800422                _servo3_
                0x008004c8                _servo10_
                0x008003cb                NUM_ADC_CHANNELS
                0x00800398                cpu_speed_div_1000000
                0x0080049c                _servo8_
                0x00800396                cpu_speed_div_1000
                0x008004f4                _servo12_
                0x0080047a                _Servos1_
 .data          0x0080052e       0x34 lib/lib_ctor.o
                0x0080053a                vtable for Marquee
                0x0080054a                vtable for UartHW
                0x00800534                vtable for Led
                0x0080055a                vtable for NullStream
                0x00800552                vtable for Uart
                0x00800542                vtable for Stream
                0x0080052e                vtable for StatusLed
 .data          0x00800562        0x0 lib/lib_timers.o
 .data          0x00800562        0x0 lib/lib_iopins.o
 .data          0x00800562        0x0 C:\Users\roman_000\Desktop\webbot\lib2\webbotavrclib-2.11\libWebbot-ATmega640.a(servoPWM.o)
 .data          0x00800562        0x0 C:\Users\roman_000\Desktop\webbot\lib2\webbotavrclib-2.11\libWebbot-ATmega640.a(servosConfig.o)
 .data          0x00800562        0x0 C:\Users\roman_000\Desktop\webbot\lib2\webbotavrclib-2.11\libWebbot-ATmega640.a(StreamChar.o)
 .data          0x00800562        0x0 C:\Users\roman_000\Desktop\webbot\lib2\webbotavrclib-2.11\libWebbot-ATmega640.a(StreamDouble.o)
 .data          0x00800562        0x0 C:\Users\roman_000\Desktop\webbot\lib2\webbotavrclib-2.11\libWebbot-ATmega640.a(StreamSigned.o)
 .data          0x00800562        0x0 C:\Users\roman_000\Desktop\webbot\lib2\webbotavrclib-2.11\libWebbot-ATmega640.a(StreamString.o)
 .data          0x00800562        0x0 C:\Users\roman_000\Desktop\webbot\lib2\webbotavrclib-2.11\libWebbot-ATmega640.a(StreamUnsigned.o)
 .data          0x00800562        0x0 C:\Users\roman_000\Desktop\webbot\lib2\webbotavrclib-2.11\libWebbot-ATmega640.a(actuators.o)
 .data          0x00800562        0x0 C:\Users\roman_000\Desktop\webbot\lib2\webbotavrclib-2.11\libWebbot-ATmega640.a(core_interp.o)
 .data          0x00800562        0x0 C:\Users\roman_000\Desktop\webbot\lib2\webbotavrclib-2.11\libWebbot-ATmega640.a(core_interpU.o)
 .data          0x00800562        0x0 C:\Users\roman_000\Desktop\webbot\lib2\webbotavrclib-2.11\libWebbot-ATmega640.a(errors.o)
 .data          0x00800562        0x0 C:\Users\roman_000\Desktop\webbot\lib2\webbotavrclib-2.11\libWebbot-ATmega640.a(iopin_is_output.o)
 .data          0x00800562        0x0 C:\Users\roman_000\Desktop\webbot\lib2\webbotavrclib-2.11\libWebbot-ATmega640.a(iopin_make_input.o)
 .data          0x00800562        0x0 C:\Users\roman_000\Desktop\webbot\lib2\webbotavrclib-2.11\libWebbot-ATmega640.a(iopin_make_output.o)
 .data          0x00800562        0x0 C:\Users\roman_000\Desktop\webbot\lib2\webbotavrclib-2.11\libWebbot-ATmega640.a(led.o)
 .data          0x00800562        0x0 C:\Users\roman_000\Desktop\webbot\lib2\webbotavrclib-2.11\libWebbot-ATmega640.a(main.o)
 .data          0x00800562        0x2 C:\Users\roman_000\Desktop\webbot\lib2\webbotavrclib-2.11\libWebbot-ATmega640.a(rprintf.o)
 .data          0x00800564        0x0 C:\Users\roman_000\Desktop\webbot\lib2\webbotavrclib-2.11\libWebbot-ATmega640.a(marqueeSendByte.o)
 .data          0x00800564        0x0 C:\Users\roman_000\Desktop\webbot\lib2\webbotavrclib-2.11\libWebbot-ATmega640.a(segled.o)
 .data          0x00800564        0x0 C:\Users\roman_000\Desktop\webbot\lib2\webbotavrclib-2.11\libWebbot-ATmega640.a(segled8.o)
 .data          0x00800564        0x0 C:\Users\roman_000\Desktop\webbot\lib2\webbotavrclib-2.11\libWebbot-ATmega640.a(compareFromIOPin.o)
 .data          0x00800564        0x0 C:\Users\roman_000\Desktop\webbot\lib2\webbotavrclib-2.11\libWebbot-ATmega640.a(compareSetOutputMode.o)
 .data          0x00800564        0x0 C:\Users\roman_000\Desktop\webbot\lib2\webbotavrclib-2.11\libWebbot-ATmega640.a(compareSetThreshold.o)
 .data          0x00800564        0x0 C:\Users\roman_000\Desktop\webbot\lib2\webbotavrclib-2.11\libWebbot-ATmega640.a(_uart_common.o)
 .data          0x00800564        0x0 C:\Users\roman_000\Desktop\webbot\lib2\webbotavrclib-2.11\libWebbot-ATmega640.a(uart.o)
 .data          0x00800564        0x0 C:\Users\roman_000\Desktop\webbot\lib2\webbotavrclib-2.11\libWebbot-ATmega640.a(uartCommonRx.o)
 .data          0x00800564        0x0 C:\Users\roman_000\Desktop\webbot\lib2\webbotavrclib-2.11\libWebbot-ATmega640.a(uartCommonRxBuf.o)
 .data          0x00800564        0x0 C:\Users\roman_000\Desktop\webbot\lib2\webbotavrclib-2.11\libWebbot-ATmega640.a(uartCommonTx.o)
 .data          0x00800564        0x0 C:\Users\roman_000\Desktop\webbot\lib2\webbotavrclib-2.11\libWebbot-ATmega640.a(uartCommonTxBuf.o)
 .data          0x00800564        0x0 C:\Users\roman_000\Desktop\webbot\lib2\webbotavrclib-2.11\libWebbot-ATmega640.a(uartPollByte.o)
 .data          0x00800564        0x0 C:\Users\roman_000\Desktop\webbot\lib2\webbotavrclib-2.11\libWebbot-ATmega640.a(uartReceiveBufferIsEmpty.o)
 .data          0x00800564        0x0 C:\Users\roman_000\Desktop\webbot\lib2\webbotavrclib-2.11\libWebbot-ATmega640.a(bufferGet.o)
 .data          0x00800564        0x0 C:\Users\roman_000\Desktop\webbot\lib2\webbotavrclib-2.11\libWebbot-ATmega640.a(bufferIsFull.o)
 .data          0x00800564        0x0 C:\Users\roman_000\Desktop\webbot\lib2\webbotavrclib-2.11\libWebbot-ATmega640.a(bufferPut.o)
 .data          0x00800564        0x0 C:\Users\roman_000\Desktop\webbot\lib2\webbotavrclib-2.11\libWebbot-ATmega640.a(clockHasElapsed.o)
 .data          0x00800564        0x0 C:\Users\roman_000\Desktop\webbot\lib2\webbotavrclib-2.11\libWebbot-ATmega640.a(clockHasElapsedGetOverflow.o)
 .data          0x00800564        0x0 C:\Users\roman_000\Desktop\webbot\lib2\webbotavrclib-2.11\libWebbot-ATmega640.a(breathe.o)
 .data          0x00800564        0x0 C:\Users\roman_000\Desktop\webbot\lib2\webbotavrclib-2.11\libWebbot-ATmega640.a(iopin.o)
 .data          0x00800564        0x0 C:\Users\roman_000\Desktop\webbot\lib2\webbotavrclib-2.11\libWebbot-ATmega640.a(iopin_set.o)
 .data          0x00800564        0x0 C:\Users\roman_000\Desktop\webbot\lib2\webbotavrclib-2.11\libWebbot-ATmega640.a(bufferFreeSpace.o)
 .data          0x00800564        0x1 lib\libPost.a(opt_scheduler.o)
                0x00800564                maxJobs
 .data          0x00800565        0x0 c:/winavr-20100110/bin/../lib/gcc/avr/4.3.3/../../../../avr/lib/avr5\libm.a(addsf3.o)
 .data          0x00800565        0x0 c:/winavr-20100110/bin/../lib/gcc/avr/4.3.3/../../../../avr/lib/avr5\libm.a(addsf3x.o)
 .data          0x00800565        0x0 c:/winavr-20100110/bin/../lib/gcc/avr/4.3.3/../../../../avr/lib/avr5\libm.a(fixsfsi.o)
 .data          0x00800565        0x0 c:/winavr-20100110/bin/../lib/gcc/avr/4.3.3/../../../../avr/lib/avr5\libm.a(fixunssfsi.o)
 .data          0x00800565        0x0 c:/winavr-20100110/bin/../lib/gcc/avr/4.3.3/../../../../avr/lib/avr5\libm.a(floatsisf.o)
 .data          0x00800565        0x0 c:/winavr-20100110/bin/../lib/gcc/avr/4.3.3/../../../../avr/lib/avr5\libm.a(fp_inf.o)
 .data          0x00800565        0x0 c:/winavr-20100110/bin/../lib/gcc/avr/4.3.3/../../../../avr/lib/avr5\libm.a(fp_nan.o)
 .data          0x00800565        0x0 c:/winavr-20100110/bin/../lib/gcc/avr/4.3.3/../../../../avr/lib/avr5\libm.a(fp_pscA.o)
 .data          0x00800565        0x0 c:/winavr-20100110/bin/../lib/gcc/avr/4.3.3/../../../../avr/lib/avr5\libm.a(fp_pscB.o)
 .data          0x00800565        0x0 c:/winavr-20100110/bin/../lib/gcc/avr/4.3.3/../../../../avr/lib/avr5\libm.a(fp_round.o)
 .data          0x00800565        0x0 c:/winavr-20100110/bin/../lib/gcc/avr/4.3.3/../../../../avr/lib/avr5\libm.a(fp_split3.o)
 .data          0x00800565        0x0 c:/winavr-20100110/bin/../lib/gcc/avr/4.3.3/../../../../avr/lib/avr5\libm.a(fp_zero.o)
 .data          0x00800565        0x0 c:/winavr-20100110/bin/../lib/gcc/avr/4.3.3/../../../../avr/lib/avr5\libm.a(mulsf3.o)
 .data          0x00800565        0x0 c:/winavr-20100110/bin/../lib/gcc/avr/4.3.3/../../../../avr/lib/avr5\libm.a(mulsf3x.o)
 .data          0x00800565        0x0 c:/winavr-20100110/bin/../lib/gcc/avr/4.3.3/../../../../avr/lib/avr5\libc.a(dtostrf.o)
 .data          0x00800565        0x6 c:/winavr-20100110/bin/../lib/gcc/avr/4.3.3/../../../../avr/lib/avr5\libc.a(malloc.o)
                0x00800567                __malloc_heap_start
                0x00800569                __malloc_heap_end
                0x00800565                __malloc_margin
 .data          0x0080056b        0x0 c:/winavr-20100110/bin/../lib/gcc/avr/4.3.3/../../../../avr/lib/avr5\libc.a(exit.o)
 .data          0x0080056b        0x0 c:/winavr-20100110/bin/../lib/gcc/avr/4.3.3/../../../../avr/lib/avr5\libc.a(strchr_P.o)
 .data          0x0080056b        0x0 c:/winavr-20100110/bin/../lib/gcc/avr/4.3.3/../../../../avr/lib/avr5\libc.a(memcpy.o)
 .data          0x0080056b        0x0 c:/winavr-20100110/bin/../lib/gcc/avr/4.3.3/../../../../avr/lib/avr5\libc.a(ltoa.o)
 .data          0x0080056b        0x0 c:/winavr-20100110/bin/../lib/gcc/avr/4.3.3/../../../../avr/lib/avr5\libc.a(ultoa.o)
 .data          0x0080056b        0x0 c:/winavr-20100110/bin/../lib/gcc/avr/4.3.3/../../../../avr/lib/avr5\libc.a(fprintf_p.o)
 .data          0x0080056b        0x0 c:/winavr-20100110/bin/../lib/gcc/avr/4.3.3/../../../../avr/lib/avr5\libc.a(fputc.o)
 .data          0x0080056b        0x0 c:/winavr-20100110/bin/../lib/gcc/avr/4.3.3/../../../../avr/lib/avr5\libc.a(iob.o)
 .data          0x0080056b        0x0 c:/winavr-20100110/bin/../lib/gcc/avr/4.3.3/../../../../avr/lib/avr5\libc.a(ultoa_invert.o)
 .data          0x0080056b        0x0 c:/winavr-20100110/bin/../lib/gcc/avr/4.3.3/../../../../avr/lib/avr5\libc.a(dtoa_prf.o)
 .data          0x0080056b        0x0 c:/winavr-20100110/bin/../lib/gcc/avr/4.3.3/../../../../avr/lib/avr5\libc.a(ftoa_engine.o)
 .data          0x0080056b        0x0 c:/winavr-20100110/bin/../lib/gcc/avr/4.3.3/../../../../avr/lib/avr5\libc.a(strrev.o)
 .data          0x0080056b        0x0 c:/winavr-20100110/bin/../lib/gcc/avr/4.3.3/avr5\libgcc.a(_mulsi3.o)
 .data          0x0080056b        0x0 c:/winavr-20100110/bin/../lib/gcc/avr/4.3.3/avr5\libgcc.a(_udivmodhi4.o)
 .data          0x0080056b        0x0 c:/winavr-20100110/bin/../lib/gcc/avr/4.3.3/avr5\libgcc.a(_udivmodsi4.o)
 .data          0x0080056b        0x0 c:/winavr-20100110/bin/../lib/gcc/avr/4.3.3/avr5\libgcc.a(_divmodsi4.o)
 .data          0x0080056b        0x0 c:/winavr-20100110/bin/../lib/gcc/avr/4.3.3/avr5\libgcc.a(_prologue.o)
 .data          0x0080056b        0x0 c:/winavr-20100110/bin/../lib/gcc/avr/4.3.3/avr5\libgcc.a(_epilogue.o)
 .data          0x0080056b        0x0 c:/winavr-20100110/bin/../lib/gcc/avr/4.3.3/avr5\libgcc.a(_exit.o)
 .data          0x0080056b        0x0 c:/winavr-20100110/bin/../lib/gcc/avr/4.3.3/avr5\libgcc.a(_copy_data.o)
 .data          0x0080056b        0x0 c:/winavr-20100110/bin/../lib/gcc/avr/4.3.3/avr5\libgcc.a(_clear_bss.o)
 .data          0x0080056b        0x0 c:/winavr-20100110/bin/../lib/gcc/avr/4.3.3/avr5\libgcc.a(_ctors.o)
 .data          0x0080056b        0x0 c:/winavr-20100110/bin/../lib/gcc/avr/4.3.3/avr5\libgcc.a(_tablejump.o)
 *(.data*)
 *(.rodata)
 *(.rodata*)
 *(.gnu.linkonce.d*)
                0x0080056c                . = ALIGN (0x2)
 *fill*         0x0080056b        0x1 00
                0x0080056c                _edata = .
                0x0080056c                PROVIDE (__data_end, .)

.bss            0x0080056c      0xa92
                0x0080056c                PROVIDE (__bss_start, .)
 *(.bss)
 .bss           0x0080056c        0x0 c:/winavr-20100110/bin/../lib/gcc/avr/4.3.3/../../../../avr/lib/avr5/crtm640.o
 .bss           0x0080056c        0x0 c:/winavr-20100110/bin/../lib/gcc/avr/4.3.3/../../../../avr/lib/avr5\libprintf_min.a(vfprintf_min.o)
 .bss           0x0080056c      0x197 bug4.o
                0x008006ff                last_loop_time
                0x008006fe                r_curr_servo
                0x00800640                command_in_process
                0x0080056c                servos
                0x00800583                command_receiving
                0x00800582                VERBOSE
                0x008006fd                r_curr_subcommand
 .bss           0x00800703        0x5 lib/gen_clock.o
 .bss           0x00800708       0x82 lib/lib_timerdef.o
 .bss           0x0080078a      0x7d0 lib/lib_hardware.o
 .bss           0x00800f5a       0x75 lib/lib_ctor.o
                0x00800f82                servo5
                0x00800f5a                statusLed
                0x00800fbf                nullStream
                0x00800fa6                uart1
                0x00800f94                servo9
                0x00800f90                servo8
                0x00800f98                servo10
                0x00800f5e                button
                0x00800f60                marquee
                0x00800f7a                servo3
                0x00800fa4                servos2
                0x00800f72                servo
                0x00800f9c                servo11
                0x00800f8a                Servos1
                0x00800f86                servo6
                0x00800fa0                servo12
                0x00800f7e                servo4
                0x00800f76                servo2
                0x00800f8c                servo7
 .bss           0x00800fcf        0x0 lib/lib_timers.o
 .bss           0x00800fcf        0x0 lib/lib_iopins.o
 .bss           0x00800fcf        0x0 C:\Users\roman_000\Desktop\webbot\lib2\webbotavrclib-2.11\libWebbot-ATmega640.a(servoPWM.o)
 .bss           0x00800fcf        0x0 C:\Users\roman_000\Desktop\webbot\lib2\webbotavrclib-2.11\libWebbot-ATmega640.a(servosConfig.o)
 .bss           0x00800fcf        0x0 C:\Users\roman_000\Desktop\webbot\lib2\webbotavrclib-2.11\libWebbot-ATmega640.a(StreamChar.o)
 .bss           0x00800fcf        0x0 C:\Users\roman_000\Desktop\webbot\lib2\webbotavrclib-2.11\libWebbot-ATmega640.a(StreamDouble.o)
 .bss           0x00800fcf        0x0 C:\Users\roman_000\Desktop\webbot\lib2\webbotavrclib-2.11\libWebbot-ATmega640.a(StreamSigned.o)
 .bss           0x00800fcf        0x0 C:\Users\roman_000\Desktop\webbot\lib2\webbotavrclib-2.11\libWebbot-ATmega640.a(StreamString.o)
 .bss           0x00800fcf        0x0 C:\Users\roman_000\Desktop\webbot\lib2\webbotavrclib-2.11\libWebbot-ATmega640.a(StreamUnsigned.o)
 .bss           0x00800fcf        0x0 C:\Users\roman_000\Desktop\webbot\lib2\webbotavrclib-2.11\libWebbot-ATmega640.a(actuators.o)
 .bss           0x00800fcf        0x0 C:\Users\roman_000\Desktop\webbot\lib2\webbotavrclib-2.11\libWebbot-ATmega640.a(core_interp.o)
 .bss           0x00800fcf        0x0 C:\Users\roman_000\Desktop\webbot\lib2\webbotavrclib-2.11\libWebbot-ATmega640.a(core_interpU.o)
 .bss           0x00800fcf        0x0 C:\Users\roman_000\Desktop\webbot\lib2\webbotavrclib-2.11\libWebbot-ATmega640.a(errors.o)
 .bss           0x00800fcf        0x0 C:\Users\roman_000\Desktop\webbot\lib2\webbotavrclib-2.11\libWebbot-ATmega640.a(iopin_is_output.o)
 .bss           0x00800fcf        0x0 C:\Users\roman_000\Desktop\webbot\lib2\webbotavrclib-2.11\libWebbot-ATmega640.a(iopin_make_input.o)
 .bss           0x00800fcf        0x0 C:\Users\roman_000\Desktop\webbot\lib2\webbotavrclib-2.11\libWebbot-ATmega640.a(iopin_make_output.o)
 .bss           0x00800fcf        0x0 C:\Users\roman_000\Desktop\webbot\lib2\webbotavrclib-2.11\libWebbot-ATmega640.a(led.o)
 .bss           0x00800fcf        0xc C:\Users\roman_000\Desktop\webbot\lib2\webbotavrclib-2.11\libWebbot-ATmega640.a(main.o)
 .bss           0x00800fdb        0x0 C:\Users\roman_000\Desktop\webbot\lib2\webbotavrclib-2.11\libWebbot-ATmega640.a(rprintf.o)
 .bss           0x00800fdb        0x0 C:\Users\roman_000\Desktop\webbot\lib2\webbotavrclib-2.11\libWebbot-ATmega640.a(marqueeSendByte.o)
 .bss           0x00800fdb        0x0 C:\Users\roman_000\Desktop\webbot\lib2\webbotavrclib-2.11\libWebbot-ATmega640.a(segled.o)
 .bss           0x00800fdb        0x0 C:\Users\roman_000\Desktop\webbot\lib2\webbotavrclib-2.11\libWebbot-ATmega640.a(segled8.o)
 .bss           0x00800fdb        0x0 C:\Users\roman_000\Desktop\webbot\lib2\webbotavrclib-2.11\libWebbot-ATmega640.a(compareFromIOPin.o)
 .bss           0x00800fdb        0x0 C:\Users\roman_000\Desktop\webbot\lib2\webbotavrclib-2.11\libWebbot-ATmega640.a(compareSetOutputMode.o)
 .bss           0x00800fdb        0x0 C:\Users\roman_000\Desktop\webbot\lib2\webbotavrclib-2.11\libWebbot-ATmega640.a(compareSetThreshold.o)
 .bss           0x00800fdb        0x0 C:\Users\roman_000\Desktop\webbot\lib2\webbotavrclib-2.11\libWebbot-ATmega640.a(_uart_common.o)
 .bss           0x00800fdb        0x0 C:\Users\roman_000\Desktop\webbot\lib2\webbotavrclib-2.11\libWebbot-ATmega640.a(uart.o)
 .bss           0x00800fdb        0x0 C:\Users\roman_000\Desktop\webbot\lib2\webbotavrclib-2.11\libWebbot-ATmega640.a(uartCommonRx.o)
 .bss           0x00800fdb        0x0 C:\Users\roman_000\Desktop\webbot\lib2\webbotavrclib-2.11\libWebbot-ATmega640.a(uartCommonRxBuf.o)
 .bss           0x00800fdb        0x0 C:\Users\roman_000\Desktop\webbot\lib2\webbotavrclib-2.11\libWebbot-ATmega640.a(uartCommonTx.o)
 .bss           0x00800fdb        0x0 C:\Users\roman_000\Desktop\webbot\lib2\webbotavrclib-2.11\libWebbot-ATmega640.a(uartCommonTxBuf.o)
 .bss           0x00800fdb        0x0 C:\Users\roman_000\Desktop\webbot\lib2\webbotavrclib-2.11\libWebbot-ATmega640.a(uartPollByte.o)
 .bss           0x00800fdb        0x0 C:\Users\roman_000\Desktop\webbot\lib2\webbotavrclib-2.11\libWebbot-ATmega640.a(uartReceiveBufferIsEmpty.o)
 .bss           0x00800fdb        0x0 C:\Users\roman_000\Desktop\webbot\lib2\webbotavrclib-2.11\libWebbot-ATmega640.a(bufferGet.o)
 .bss           0x00800fdb        0x0 C:\Users\roman_000\Desktop\webbot\lib2\webbotavrclib-2.11\libWebbot-ATmega640.a(bufferIsFull.o)
 .bss           0x00800fdb        0x0 C:\Users\roman_000\Desktop\webbot\lib2\webbotavrclib-2.11\libWebbot-ATmega640.a(bufferPut.o)
 .bss           0x00800fdb        0x0 C:\Users\roman_000\Desktop\webbot\lib2\webbotavrclib-2.11\libWebbot-ATmega640.a(clockHasElapsed.o)
 .bss           0x00800fdb        0x0 C:\Users\roman_000\Desktop\webbot\lib2\webbotavrclib-2.11\libWebbot-ATmega640.a(clockHasElapsedGetOverflow.o)
 .bss           0x00800fdb        0x0 C:\Users\roman_000\Desktop\webbot\lib2\webbotavrclib-2.11\libWebbot-ATmega640.a(breathe.o)
 .bss           0x00800fdb        0x0 C:\Users\roman_000\Desktop\webbot\lib2\webbotavrclib-2.11\libWebbot-ATmega640.a(iopin.o)
 .bss           0x00800fdb        0x0 C:\Users\roman_000\Desktop\webbot\lib2\webbotavrclib-2.11\libWebbot-ATmega640.a(iopin_set.o)
 .bss           0x00800fdb        0x0 C:\Users\roman_000\Desktop\webbot\lib2\webbotavrclib-2.11\libWebbot-ATmega640.a(bufferFreeSpace.o)
 .bss           0x00800fdb       0x11 lib\libPost.a(opt_scheduler.o)
 .bss           0x00800fec        0x0 c:/winavr-20100110/bin/../lib/gcc/avr/4.3.3/../../../../avr/lib/avr5\libm.a(addsf3.o)
 .bss           0x00800fec        0x0 c:/winavr-20100110/bin/../lib/gcc/avr/4.3.3/../../../../avr/lib/avr5\libm.a(addsf3x.o)
 .bss           0x00800fec        0x0 c:/winavr-20100110/bin/../lib/gcc/avr/4.3.3/../../../../avr/lib/avr5\libm.a(fixsfsi.o)
 .bss           0x00800fec        0x0 c:/winavr-20100110/bin/../lib/gcc/avr/4.3.3/../../../../avr/lib/avr5\libm.a(fixunssfsi.o)
 .bss           0x00800fec        0x0 c:/winavr-20100110/bin/../lib/gcc/avr/4.3.3/../../../../avr/lib/avr5\libm.a(floatsisf.o)
 .bss           0x00800fec        0x0 c:/winavr-20100110/bin/../lib/gcc/avr/4.3.3/../../../../avr/lib/avr5\libm.a(fp_inf.o)
 .bss           0x00800fec        0x0 c:/winavr-20100110/bin/../lib/gcc/avr/4.3.3/../../../../avr/lib/avr5\libm.a(fp_nan.o)
 .bss           0x00800fec        0x0 c:/winavr-20100110/bin/../lib/gcc/avr/4.3.3/../../../../avr/lib/avr5\libm.a(fp_pscA.o)
 .bss           0x00800fec        0x0 c:/winavr-20100110/bin/../lib/gcc/avr/4.3.3/../../../../avr/lib/avr5\libm.a(fp_pscB.o)
 .bss           0x00800fec        0x0 c:/winavr-20100110/bin/../lib/gcc/avr/4.3.3/../../../../avr/lib/avr5\libm.a(fp_round.o)
 .bss           0x00800fec        0x0 c:/winavr-20100110/bin/../lib/gcc/avr/4.3.3/../../../../avr/lib/avr5\libm.a(fp_split3.o)
 .bss           0x00800fec        0x0 c:/winavr-20100110/bin/../lib/gcc/avr/4.3.3/../../../../avr/lib/avr5\libm.a(fp_zero.o)
 .bss           0x00800fec        0x0 c:/winavr-20100110/bin/../lib/gcc/avr/4.3.3/../../../../avr/lib/avr5\libm.a(mulsf3.o)
 .bss           0x00800fec        0x0 c:/winavr-20100110/bin/../lib/gcc/avr/4.3.3/../../../../avr/lib/avr5\libm.a(mulsf3x.o)
 .bss           0x00800fec        0x0 c:/winavr-20100110/bin/../lib/gcc/avr/4.3.3/../../../../avr/lib/avr5\libc.a(dtostrf.o)
 .bss           0x00800fec        0x0 c:/winavr-20100110/bin/../lib/gcc/avr/4.3.3/../../../../avr/lib/avr5\libc.a(malloc.o)
 .bss           0x00800fec        0x0 c:/winavr-20100110/bin/../lib/gcc/avr/4.3.3/../../../../avr/lib/avr5\libc.a(exit.o)
 .bss           0x00800fec        0x0 c:/winavr-20100110/bin/../lib/gcc/avr/4.3.3/../../../../avr/lib/avr5\libc.a(strchr_P.o)
 .bss           0x00800fec        0x0 c:/winavr-20100110/bin/../lib/gcc/avr/4.3.3/../../../../avr/lib/avr5\libc.a(memcpy.o)
 .bss           0x00800fec        0x0 c:/winavr-20100110/bin/../lib/gcc/avr/4.3.3/../../../../avr/lib/avr5\libc.a(ltoa.o)
 .bss           0x00800fec        0x0 c:/winavr-20100110/bin/../lib/gcc/avr/4.3.3/../../../../avr/lib/avr5\libc.a(ultoa.o)
 .bss           0x00800fec        0x0 c:/winavr-20100110/bin/../lib/gcc/avr/4.3.3/../../../../avr/lib/avr5\libc.a(fprintf_p.o)
 .bss           0x00800fec        0x0 c:/winavr-20100110/bin/../lib/gcc/avr/4.3.3/../../../../avr/lib/avr5\libc.a(fputc.o)
 .bss           0x00800fec        0x0 c:/winavr-20100110/bin/../lib/gcc/avr/4.3.3/../../../../avr/lib/avr5\libc.a(iob.o)
 .bss           0x00800fec        0x0 c:/winavr-20100110/bin/../lib/gcc/avr/4.3.3/../../../../avr/lib/avr5\libc.a(ultoa_invert.o)
 .bss           0x00800fec        0x0 c:/winavr-20100110/bin/../lib/gcc/avr/4.3.3/../../../../avr/lib/avr5\libc.a(dtoa_prf.o)
 .bss           0x00800fec        0x0 c:/winavr-20100110/bin/../lib/gcc/avr/4.3.3/../../../../avr/lib/avr5\libc.a(ftoa_engine.o)
 .bss           0x00800fec        0x0 c:/winavr-20100110/bin/../lib/gcc/avr/4.3.3/../../../../avr/lib/avr5\libc.a(strrev.o)
 .bss           0x00800fec        0x0 c:/winavr-20100110/bin/../lib/gcc/avr/4.3.3/avr5\libgcc.a(_mulsi3.o)
 .bss           0x00800fec        0x0 c:/winavr-20100110/bin/../lib/gcc/avr/4.3.3/avr5\libgcc.a(_udivmodhi4.o)
 .bss           0x00800fec        0x0 c:/winavr-20100110/bin/../lib/gcc/avr/4.3.3/avr5\libgcc.a(_udivmodsi4.o)
 .bss           0x00800fec        0x0 c:/winavr-20100110/bin/../lib/gcc/avr/4.3.3/avr5\libgcc.a(_divmodsi4.o)
 .bss           0x00800fec        0x0 c:/winavr-20100110/bin/../lib/gcc/avr/4.3.3/avr5\libgcc.a(_prologue.o)
 .bss           0x00800fec        0x0 c:/winavr-20100110/bin/../lib/gcc/avr/4.3.3/avr5\libgcc.a(_epilogue.o)
 .bss           0x00800fec        0x0 c:/winavr-20100110/bin/../lib/gcc/avr/4.3.3/avr5\libgcc.a(_exit.o)
 .bss           0x00800fec        0x0 c:/winavr-20100110/bin/../lib/gcc/avr/4.3.3/avr5\libgcc.a(_copy_data.o)
 .bss           0x00800fec        0x0 c:/winavr-20100110/bin/../lib/gcc/avr/4.3.3/avr5\libgcc.a(_clear_bss.o)
 .bss           0x00800fec        0x0 c:/winavr-20100110/bin/../lib/gcc/avr/4.3.3/avr5\libgcc.a(_ctors.o)
 .bss           0x00800fec        0x0 c:/winavr-20100110/bin/../lib/gcc/avr/4.3.3/avr5\libgcc.a(_tablejump.o)
 *(.bss*)
 *(COMMON)
 COMMON         0x00800fec        0x5 C:\Users\roman_000\Desktop\webbot\lib2\webbotavrclib-2.11\libWebbot-ATmega640.a(errors.o)
                0x00800fec                __error
 COMMON         0x00800ff1        0x3 C:\Users\roman_000\Desktop\webbot\lib2\webbotavrclib-2.11\libWebbot-ATmega640.a(led.o)
                0x00800ff1                statusLED
 COMMON         0x00800ff4        0x4 c:/winavr-20100110/bin/../lib/gcc/avr/4.3.3/../../../../avr/lib/avr5\libc.a(malloc.o)
                0x00800ff4                __brkval
                0x00800ff6                __flp
 COMMON         0x00800ff8        0x6 c:/winavr-20100110/bin/../lib/gcc/avr/4.3.3/../../../../avr/lib/avr5\libc.a(iob.o)
                0x00800ff8                __iob
                0x00800ffe                PROVIDE (__bss_end, .)
                0x00004486                __data_load_start = LOADADDR (.data)
                0x000047f2                __data_load_end = (__data_load_start + SIZEOF (.data))

.noinit         0x00800ffe        0x0
                0x00800ffe                PROVIDE (__noinit_start, .)
 *(.noinit*)
                0x00800ffe                PROVIDE (__noinit_end, .)
                0x00800ffe                _end = .
                0x00800ffe                PROVIDE (__heap_start, .)

.eeprom         0x00810000        0x0
 *(.eeprom*)
                0x00810000                __eeprom_end = .

.fuse
 *(.fuse)
 *(.lfuse)
 *(.hfuse)
 *(.efuse)

.lock
 *(.lock*)

.signature
 *(.signature*)

.stab
 *(.stab)

.stabstr
 *(.stabstr)

.stab.excl
 *(.stab.excl)

.stab.exclstr
 *(.stab.exclstr)

.stab.index
 *(.stab.index)

.stab.indexstr
 *(.stab.indexstr)

.comment
 *(.comment)

.debug
 *(.debug)

.line
 *(.line)

.debug_srcinfo
 *(.debug_srcinfo)

.debug_sfnames
 *(.debug_sfnames)

.debug_aranges  0x00000000      0x5c0
 *(.debug_aranges)
 .debug_aranges
                0x00000000       0x20 bug4.o
 .debug_aranges
                0x00000020       0x20 lib/gen_clock.o
 .debug_aranges
                0x00000040       0x20 lib/lib_hardware.o
 .debug_aranges
                0x00000060       0x20 lib/lib_ctor.o
 .debug_aranges
                0x00000080       0x20 lib/lib_timers.o
 .debug_aranges
                0x000000a0       0x20 C:\Users\roman_000\Desktop\webbot\lib2\webbotavrclib-2.11\libWebbot-ATmega640.a(servoPWM.o)
 .debug_aranges
                0x000000c0       0x20 C:\Users\roman_000\Desktop\webbot\lib2\webbotavrclib-2.11\libWebbot-ATmega640.a(servosConfig.o)
 .debug_aranges
                0x000000e0       0x20 C:\Users\roman_000\Desktop\webbot\lib2\webbotavrclib-2.11\libWebbot-ATmega640.a(StreamChar.o)
 .debug_aranges
                0x00000100       0x20 C:\Users\roman_000\Desktop\webbot\lib2\webbotavrclib-2.11\libWebbot-ATmega640.a(StreamDouble.o)
 .debug_aranges
                0x00000120       0x20 C:\Users\roman_000\Desktop\webbot\lib2\webbotavrclib-2.11\libWebbot-ATmega640.a(StreamSigned.o)
 .debug_aranges
                0x00000140       0x20 C:\Users\roman_000\Desktop\webbot\lib2\webbotavrclib-2.11\libWebbot-ATmega640.a(StreamString.o)
 .debug_aranges
                0x00000160       0x20 C:\Users\roman_000\Desktop\webbot\lib2\webbotavrclib-2.11\libWebbot-ATmega640.a(StreamUnsigned.o)
 .debug_aranges
                0x00000180       0x20 C:\Users\roman_000\Desktop\webbot\lib2\webbotavrclib-2.11\libWebbot-ATmega640.a(actuators.o)
 .debug_aranges
                0x000001a0       0x20 C:\Users\roman_000\Desktop\webbot\lib2\webbotavrclib-2.11\libWebbot-ATmega640.a(core_interp.o)
 .debug_aranges
                0x000001c0       0x20 C:\Users\roman_000\Desktop\webbot\lib2\webbotavrclib-2.11\libWebbot-ATmega640.a(core_interpU.o)
 .debug_aranges
                0x000001e0       0x20 C:\Users\roman_000\Desktop\webbot\lib2\webbotavrclib-2.11\libWebbot-ATmega640.a(errors.o)
 .debug_aranges
                0x00000200       0x20 C:\Users\roman_000\Desktop\webbot\lib2\webbotavrclib-2.11\libWebbot-ATmega640.a(iopin_is_output.o)
 .debug_aranges
                0x00000220       0x20 C:\Users\roman_000\Desktop\webbot\lib2\webbotavrclib-2.11\libWebbot-ATmega640.a(iopin_make_input.o)
 .debug_aranges
                0x00000240       0x20 C:\Users\roman_000\Desktop\webbot\lib2\webbotavrclib-2.11\libWebbot-ATmega640.a(iopin_make_output.o)
 .debug_aranges
                0x00000260       0x20 C:\Users\roman_000\Desktop\webbot\lib2\webbotavrclib-2.11\libWebbot-ATmega640.a(led.o)
 .debug_aranges
                0x00000280       0x20 C:\Users\roman_000\Desktop\webbot\lib2\webbotavrclib-2.11\libWebbot-ATmega640.a(main.o)
 .debug_aranges
                0x000002a0       0x20 C:\Users\roman_000\Desktop\webbot\lib2\webbotavrclib-2.11\libWebbot-ATmega640.a(rprintf.o)
 .debug_aranges
                0x000002c0       0x20 C:\Users\roman_000\Desktop\webbot\lib2\webbotavrclib-2.11\libWebbot-ATmega640.a(marqueeSendByte.o)
 .debug_aranges
                0x000002e0       0x20 C:\Users\roman_000\Desktop\webbot\lib2\webbotavrclib-2.11\libWebbot-ATmega640.a(segled.o)
 .debug_aranges
                0x00000300       0x20 C:\Users\roman_000\Desktop\webbot\lib2\webbotavrclib-2.11\libWebbot-ATmega640.a(segled8.o)
 .debug_aranges
                0x00000320       0x20 C:\Users\roman_000\Desktop\webbot\lib2\webbotavrclib-2.11\libWebbot-ATmega640.a(compareFromIOPin.o)
 .debug_aranges
                0x00000340       0x20 C:\Users\roman_000\Desktop\webbot\lib2\webbotavrclib-2.11\libWebbot-ATmega640.a(compareSetOutputMode.o)
 .debug_aranges
                0x00000360       0x20 C:\Users\roman_000\Desktop\webbot\lib2\webbotavrclib-2.11\libWebbot-ATmega640.a(compareSetThreshold.o)
 .debug_aranges
                0x00000380       0x20 C:\Users\roman_000\Desktop\webbot\lib2\webbotavrclib-2.11\libWebbot-ATmega640.a(_uart_common.o)
 .debug_aranges
                0x000003a0       0x20 C:\Users\roman_000\Desktop\webbot\lib2\webbotavrclib-2.11\libWebbot-ATmega640.a(uart.o)
 .debug_aranges
                0x000003c0       0x20 C:\Users\roman_000\Desktop\webbot\lib2\webbotavrclib-2.11\libWebbot-ATmega640.a(uartCommonRx.o)
 .debug_aranges
                0x000003e0       0x20 C:\Users\roman_000\Desktop\webbot\lib2\webbotavrclib-2.11\libWebbot-ATmega640.a(uartCommonRxBuf.o)
 .debug_aranges
                0x00000400       0x20 C:\Users\roman_000\Desktop\webbot\lib2\webbotavrclib-2.11\libWebbot-ATmega640.a(uartCommonTx.o)
 .debug_aranges
                0x00000420       0x20 C:\Users\roman_000\Desktop\webbot\lib2\webbotavrclib-2.11\libWebbot-ATmega640.a(uartCommonTxBuf.o)
 .debug_aranges
                0x00000440       0x20 C:\Users\roman_000\Desktop\webbot\lib2\webbotavrclib-2.11\libWebbot-ATmega640.a(uartPollByte.o)
 .debug_aranges
                0x00000460       0x20 C:\Users\roman_000\Desktop\webbot\lib2\webbotavrclib-2.11\libWebbot-ATmega640.a(uartReceiveBufferIsEmpty.o)
 .debug_aranges
                0x00000480       0x20 C:\Users\roman_000\Desktop\webbot\lib2\webbotavrclib-2.11\libWebbot-ATmega640.a(bufferGet.o)
 .debug_aranges
                0x000004a0       0x20 C:\Users\roman_000\Desktop\webbot\lib2\webbotavrclib-2.11\libWebbot-ATmega640.a(bufferIsFull.o)
 .debug_aranges
                0x000004c0       0x20 C:\Users\roman_000\Desktop\webbot\lib2\webbotavrclib-2.11\libWebbot-ATmega640.a(bufferPut.o)
 .debug_aranges
                0x000004e0       0x20 C:\Users\roman_000\Desktop\webbot\lib2\webbotavrclib-2.11\libWebbot-ATmega640.a(clockHasElapsed.o)
 .debug_aranges
                0x00000500       0x20 C:\Users\roman_000\Desktop\webbot\lib2\webbotavrclib-2.11\libWebbot-ATmega640.a(clockHasElapsedGetOverflow.o)
 .debug_aranges
                0x00000520       0x20 C:\Users\roman_000\Desktop\webbot\lib2\webbotavrclib-2.11\libWebbot-ATmega640.a(breathe.o)
 .debug_aranges
                0x00000540       0x20 C:\Users\roman_000\Desktop\webbot\lib2\webbotavrclib-2.11\libWebbot-ATmega640.a(iopin.o)
 .debug_aranges
                0x00000560       0x20 C:\Users\roman_000\Desktop\webbot\lib2\webbotavrclib-2.11\libWebbot-ATmega640.a(iopin_set.o)
 .debug_aranges
                0x00000580       0x20 C:\Users\roman_000\Desktop\webbot\lib2\webbotavrclib-2.11\libWebbot-ATmega640.a(bufferFreeSpace.o)
 .debug_aranges
                0x000005a0       0x20 lib\libPost.a(opt_scheduler.o)

.debug_pubnames
                0x00000000     0x103d
 *(.debug_pubnames)
 .debug_pubnames
                0x00000000      0x1f5 bug4.o
 .debug_pubnames
                0x000001f5       0x6f lib/gen_clock.o
 .debug_pubnames
                0x00000264       0xae lib/lib_timerdef.o
 .debug_pubnames
                0x00000312      0x1d3 lib/lib_hardware.o
 .debug_pubnames
                0x000004e5      0x1d6 lib/lib_ctor.o
 .debug_pubnames
                0x000006bb       0x23 lib/lib_timers.o
 .debug_pubnames
                0x000006de      0x106 lib/lib_iopins.o
 .debug_pubnames
                0x000007e4       0x23 C:\Users\roman_000\Desktop\webbot\lib2\webbotavrclib-2.11\libWebbot-ATmega640.a(servoPWM.o)
 .debug_pubnames
                0x00000807       0x25 C:\Users\roman_000\Desktop\webbot\lib2\webbotavrclib-2.11\libWebbot-ATmega640.a(servosConfig.o)
 .debug_pubnames
                0x0000082c       0x24 C:\Users\roman_000\Desktop\webbot\lib2\webbotavrclib-2.11\libWebbot-ATmega640.a(StreamChar.o)
 .debug_pubnames
                0x00000850       0x24 C:\Users\roman_000\Desktop\webbot\lib2\webbotavrclib-2.11\libWebbot-ATmega640.a(StreamDouble.o)
 .debug_pubnames
                0x00000874       0x7e C:\Users\roman_000\Desktop\webbot\lib2\webbotavrclib-2.11\libWebbot-ATmega640.a(StreamSigned.o)
 .debug_pubnames
                0x000008f2       0x24 C:\Users\roman_000\Desktop\webbot\lib2\webbotavrclib-2.11\libWebbot-ATmega640.a(StreamString.o)
 .debug_pubnames
                0x00000916       0x7e C:\Users\roman_000\Desktop\webbot\lib2\webbotavrclib-2.11\libWebbot-ATmega640.a(StreamUnsigned.o)
 .debug_pubnames
                0x00000994       0x3c C:\Users\roman_000\Desktop\webbot\lib2\webbotavrclib-2.11\libWebbot-ATmega640.a(actuators.o)
 .debug_pubnames
                0x000009d0       0x22 C:\Users\roman_000\Desktop\webbot\lib2\webbotavrclib-2.11\libWebbot-ATmega640.a(core_interp.o)
 .debug_pubnames
                0x000009f2       0x23 C:\Users\roman_000\Desktop\webbot\lib2\webbotavrclib-2.11\libWebbot-ATmega640.a(core_interpU.o)
 .debug_pubnames
                0x00000a15       0x48 C:\Users\roman_000\Desktop\webbot\lib2\webbotavrclib-2.11\libWebbot-ATmega640.a(errors.o)
 .debug_pubnames
                0x00000a5d       0x24 C:\Users\roman_000\Desktop\webbot\lib2\webbotavrclib-2.11\libWebbot-ATmega640.a(iopin_is_output.o)
 .debug_pubnames
                0x00000a81       0x25 C:\Users\roman_000\Desktop\webbot\lib2\webbotavrclib-2.11\libWebbot-ATmega640.a(iopin_make_input.o)
 .debug_pubnames
                0x00000aa6       0x26 C:\Users\roman_000\Desktop\webbot\lib2\webbotavrclib-2.11\libWebbot-ATmega640.a(iopin_make_output.o)
 .debug_pubnames
                0x00000acc       0x2c C:\Users\roman_000\Desktop\webbot\lib2\webbotavrclib-2.11\libWebbot-ATmega640.a(led.o)
 .debug_pubnames
                0x00000af8       0x1b C:\Users\roman_000\Desktop\webbot\lib2\webbotavrclib-2.11\libWebbot-ATmega640.a(main.o)
 .debug_pubnames
                0x00000b13       0x42 C:\Users\roman_000\Desktop\webbot\lib2\webbotavrclib-2.11\libWebbot-ATmega640.a(rprintf.o)
 .debug_pubnames
                0x00000b55       0x26 C:\Users\roman_000\Desktop\webbot\lib2\webbotavrclib-2.11\libWebbot-ATmega640.a(marqueeSendByte.o)
 .debug_pubnames
                0x00000b7b       0x35 C:\Users\roman_000\Desktop\webbot\lib2\webbotavrclib-2.11\libWebbot-ATmega640.a(segled.o)
 .debug_pubnames
                0x00000bb0       0x27 C:\Users\roman_000\Desktop\webbot\lib2\webbotavrclib-2.11\libWebbot-ATmega640.a(segled8.o)
 .debug_pubnames
                0x00000bd7       0x27 C:\Users\roman_000\Desktop\webbot\lib2\webbotavrclib-2.11\libWebbot-ATmega640.a(compareFromIOPin.o)
 .debug_pubnames
                0x00000bfe       0x2b C:\Users\roman_000\Desktop\webbot\lib2\webbotavrclib-2.11\libWebbot-ATmega640.a(compareSetOutputMode.o)
 .debug_pubnames
                0x00000c29       0x2a C:\Users\roman_000\Desktop\webbot\lib2\webbotavrclib-2.11\libWebbot-ATmega640.a(compareSetThreshold.o)
 .debug_pubnames
                0x00000c53       0x35 C:\Users\roman_000\Desktop\webbot\lib2\webbotavrclib-2.11\libWebbot-ATmega640.a(_uart_common.o)
 .debug_pubnames
                0x00000c88       0x5f C:\Users\roman_000\Desktop\webbot\lib2\webbotavrclib-2.11\libWebbot-ATmega640.a(uart.o)
 .debug_pubnames
                0x00000ce7       0x3d C:\Users\roman_000\Desktop\webbot\lib2\webbotavrclib-2.11\libWebbot-ATmega640.a(uartCommonRx.o)
 .debug_pubnames
                0x00000d24       0x46 C:\Users\roman_000\Desktop\webbot\lib2\webbotavrclib-2.11\libWebbot-ATmega640.a(uartCommonRxBuf.o)
 .debug_pubnames
                0x00000d6a       0x9b C:\Users\roman_000\Desktop\webbot\lib2\webbotavrclib-2.11\libWebbot-ATmega640.a(uartCommonTx.o)
 .debug_pubnames
                0x00000e05       0x44 C:\Users\roman_000\Desktop\webbot\lib2\webbotavrclib-2.11\libWebbot-ATmega640.a(uartCommonTxBuf.o)
 .debug_pubnames
                0x00000e49       0x3e C:\Users\roman_000\Desktop\webbot\lib2\webbotavrclib-2.11\libWebbot-ATmega640.a(uartPollByte.o)
 .debug_pubnames
                0x00000e87       0x31 C:\Users\roman_000\Desktop\webbot\lib2\webbotavrclib-2.11\libWebbot-ATmega640.a(uartReceiveBufferIsEmpty.o)
 .debug_pubnames
                0x00000eb8       0x20 C:\Users\roman_000\Desktop\webbot\lib2\webbotavrclib-2.11\libWebbot-ATmega640.a(bufferGet.o)
 .debug_pubnames
                0x00000ed8       0x23 C:\Users\roman_000\Desktop\webbot\lib2\webbotavrclib-2.11\libWebbot-ATmega640.a(bufferIsFull.o)
 .debug_pubnames
                0x00000efb       0x20 C:\Users\roman_000\Desktop\webbot\lib2\webbotavrclib-2.11\libWebbot-ATmega640.a(bufferPut.o)
 .debug_pubnames
                0x00000f1b       0x26 C:\Users\roman_000\Desktop\webbot\lib2\webbotavrclib-2.11\libWebbot-ATmega640.a(clockHasElapsed.o)
 .debug_pubnames
                0x00000f41       0x31 C:\Users\roman_000\Desktop\webbot\lib2\webbotavrclib-2.11\libWebbot-ATmega640.a(clockHasElapsedGetOverflow.o)
 .debug_pubnames
                0x00000f72       0x1e C:\Users\roman_000\Desktop\webbot\lib2\webbotavrclib-2.11\libWebbot-ATmega640.a(breathe.o)
 .debug_pubnames
                0x00000f90       0x2b C:\Users\roman_000\Desktop\webbot\lib2\webbotavrclib-2.11\libWebbot-ATmega640.a(iopin.o)
 .debug_pubnames
                0x00000fbb       0x1e C:\Users\roman_000\Desktop\webbot\lib2\webbotavrclib-2.11\libWebbot-ATmega640.a(iopin_set.o)
 .debug_pubnames
                0x00000fd9       0x26 C:\Users\roman_000\Desktop\webbot\lib2\webbotavrclib-2.11\libWebbot-ATmega640.a(bufferFreeSpace.o)
 .debug_pubnames
                0x00000fff       0x3e lib\libPost.a(opt_scheduler.o)

.debug_info     0x00000000    0x12f2f
 *(.debug_info)
 .debug_info    0x00000000     0x1e70 bug4.o
 .debug_info    0x00001e70      0x335 lib/gen_clock.o
 .debug_info    0x000021a5      0x89b lib/lib_timerdef.o
 .debug_info    0x00002a40     0x12e5 lib/lib_hardware.o
 .debug_info    0x00003d25     0x2aa3 lib/lib_ctor.o
 .debug_info    0x000067c8      0x5ee lib/lib_timers.o
 .debug_info    0x00006db6      0x3c3 lib/lib_iopins.o
 .debug_info    0x00007179      0xd7b C:\Users\roman_000\Desktop\webbot\lib2\webbotavrclib-2.11\libWebbot-ATmega640.a(servoPWM.o)
 .debug_info    0x00007ef4      0xb58 C:\Users\roman_000\Desktop\webbot\lib2\webbotavrclib-2.11\libWebbot-ATmega640.a(servosConfig.o)
 .debug_info    0x00008a4c      0x900 C:\Users\roman_000\Desktop\webbot\lib2\webbotavrclib-2.11\libWebbot-ATmega640.a(StreamChar.o)
 .debug_info    0x0000934c      0x92f C:\Users\roman_000\Desktop\webbot\lib2\webbotavrclib-2.11\libWebbot-ATmega640.a(StreamDouble.o)
 .debug_info    0x00009c7b      0xa47 C:\Users\roman_000\Desktop\webbot\lib2\webbotavrclib-2.11\libWebbot-ATmega640.a(StreamSigned.o)
 .debug_info    0x0000a6c2      0x90f C:\Users\roman_000\Desktop\webbot\lib2\webbotavrclib-2.11\libWebbot-ATmega640.a(StreamString.o)
 .debug_info    0x0000afd1      0xa47 C:\Users\roman_000\Desktop\webbot\lib2\webbotavrclib-2.11\libWebbot-ATmega640.a(StreamUnsigned.o)
 .debug_info    0x0000ba18      0x274 C:\Users\roman_000\Desktop\webbot\lib2\webbotavrclib-2.11\libWebbot-ATmega640.a(actuators.o)
 .debug_info    0x0000bc8c      0x106 C:\Users\roman_000\Desktop\webbot\lib2\webbotavrclib-2.11\libWebbot-ATmega640.a(core_interp.o)
 .debug_info    0x0000bd92      0x11c C:\Users\roman_000\Desktop\webbot\lib2\webbotavrclib-2.11\libWebbot-ATmega640.a(core_interpU.o)
 .debug_info    0x0000beae      0x43d C:\Users\roman_000\Desktop\webbot\lib2\webbotavrclib-2.11\libWebbot-ATmega640.a(errors.o)
 .debug_info    0x0000c2eb      0x212 C:\Users\roman_000\Desktop\webbot\lib2\webbotavrclib-2.11\libWebbot-ATmega640.a(iopin_is_output.o)
 .debug_info    0x0000c4fd      0x2d4 C:\Users\roman_000\Desktop\webbot\lib2\webbotavrclib-2.11\libWebbot-ATmega640.a(iopin_make_input.o)
 .debug_info    0x0000c7d1      0x2d4 C:\Users\roman_000\Desktop\webbot\lib2\webbotavrclib-2.11\libWebbot-ATmega640.a(iopin_make_output.o)
 .debug_info    0x0000caa5      0x1de C:\Users\roman_000\Desktop\webbot\lib2\webbotavrclib-2.11\libWebbot-ATmega640.a(led.o)
 .debug_info    0x0000cc83       0xd7 C:\Users\roman_000\Desktop\webbot\lib2\webbotavrclib-2.11\libWebbot-ATmega640.a(main.o)
 .debug_info    0x0000cd5a      0x1c9 C:\Users\roman_000\Desktop\webbot\lib2\webbotavrclib-2.11\libWebbot-ATmega640.a(rprintf.o)
 .debug_info    0x0000cf23      0x60d C:\Users\roman_000\Desktop\webbot\lib2\webbotavrclib-2.11\libWebbot-ATmega640.a(marqueeSendByte.o)
 .debug_info    0x0000d530      0x346 C:\Users\roman_000\Desktop\webbot\lib2\webbotavrclib-2.11\libWebbot-ATmega640.a(segled.o)
 .debug_info    0x0000d876      0x193 C:\Users\roman_000\Desktop\webbot\lib2\webbotavrclib-2.11\libWebbot-ATmega640.a(segled8.o)
 .debug_info    0x0000da09      0x5d4 C:\Users\roman_000\Desktop\webbot\lib2\webbotavrclib-2.11\libWebbot-ATmega640.a(compareFromIOPin.o)
 .debug_info    0x0000dfdd      0x453 C:\Users\roman_000\Desktop\webbot\lib2\webbotavrclib-2.11\libWebbot-ATmega640.a(compareSetOutputMode.o)
 .debug_info    0x0000e430      0x57a C:\Users\roman_000\Desktop\webbot\lib2\webbotavrclib-2.11\libWebbot-ATmega640.a(compareSetThreshold.o)
 .debug_info    0x0000e9aa      0x64a C:\Users\roman_000\Desktop\webbot\lib2\webbotavrclib-2.11\libWebbot-ATmega640.a(_uart_common.o)
 .debug_info    0x0000eff4      0x7c6 C:\Users\roman_000\Desktop\webbot\lib2\webbotavrclib-2.11\libWebbot-ATmega640.a(uart.o)
 .debug_info    0x0000f7ba      0x51a C:\Users\roman_000\Desktop\webbot\lib2\webbotavrclib-2.11\libWebbot-ATmega640.a(uartCommonRx.o)
 .debug_info    0x0000fcd4      0x565 C:\Users\roman_000\Desktop\webbot\lib2\webbotavrclib-2.11\libWebbot-ATmega640.a(uartCommonRxBuf.o)
 .debug_info    0x00010239      0x6fa C:\Users\roman_000\Desktop\webbot\lib2\webbotavrclib-2.11\libWebbot-ATmega640.a(uartCommonTx.o)
 .debug_info    0x00010933      0x60e C:\Users\roman_000\Desktop\webbot\lib2\webbotavrclib-2.11\libWebbot-ATmega640.a(uartCommonTxBuf.o)
 .debug_info    0x00010f41      0x5a2 C:\Users\roman_000\Desktop\webbot\lib2\webbotavrclib-2.11\libWebbot-ATmega640.a(uartPollByte.o)
 .debug_info    0x000114e3      0x5da C:\Users\roman_000\Desktop\webbot\lib2\webbotavrclib-2.11\libWebbot-ATmega640.a(uartReceiveBufferIsEmpty.o)
 .debug_info    0x00011abd      0x209 C:\Users\roman_000\Desktop\webbot\lib2\webbotavrclib-2.11\libWebbot-ATmega640.a(bufferGet.o)
 .debug_info    0x00011cc6      0x17a C:\Users\roman_000\Desktop\webbot\lib2\webbotavrclib-2.11\libWebbot-ATmega640.a(bufferIsFull.o)
 .debug_info    0x00011e40      0x20c C:\Users\roman_000\Desktop\webbot\lib2\webbotavrclib-2.11\libWebbot-ATmega640.a(bufferPut.o)
 .debug_info    0x0001204c       0xce C:\Users\roman_000\Desktop\webbot\lib2\webbotavrclib-2.11\libWebbot-ATmega640.a(clockHasElapsed.o)
 .debug_info    0x0001211a      0x147 C:\Users\roman_000\Desktop\webbot\lib2\webbotavrclib-2.11\libWebbot-ATmega640.a(clockHasElapsedGetOverflow.o)
 .debug_info    0x00012261      0x102 C:\Users\roman_000\Desktop\webbot\lib2\webbotavrclib-2.11\libWebbot-ATmega640.a(breathe.o)
 .debug_info    0x00012363      0x400 C:\Users\roman_000\Desktop\webbot\lib2\webbotavrclib-2.11\libWebbot-ATmega640.a(iopin.o)
 .debug_info    0x00012763      0x179 C:\Users\roman_000\Desktop\webbot\lib2\webbotavrclib-2.11\libWebbot-ATmega640.a(iopin_set.o)
 .debug_info    0x000128dc      0x1ea C:\Users\roman_000\Desktop\webbot\lib2\webbotavrclib-2.11\libWebbot-ATmega640.a(bufferFreeSpace.o)
 .debug_info    0x00012ac6      0x469 lib\libPost.a(opt_scheduler.o)
 *(.gnu.linkonce.wi.*)

.debug_abbrev   0x00000000     0x4e9b
 *(.debug_abbrev)
 .debug_abbrev  0x00000000      0x492 bug4.o
 .debug_abbrev  0x00000492      0x1a8 lib/gen_clock.o
 .debug_abbrev  0x0000063a      0x107 lib/lib_timerdef.o
 .debug_abbrev  0x00000741      0x29f lib/lib_hardware.o
 .debug_abbrev  0x000009e0      0x579 lib/lib_ctor.o
 .debug_abbrev  0x00000f59      0x177 lib/lib_timers.o
 .debug_abbrev  0x000010d0       0xc8 lib/lib_iopins.o
 .debug_abbrev  0x00001198      0x272 C:\Users\roman_000\Desktop\webbot\lib2\webbotavrclib-2.11\libWebbot-ATmega640.a(servoPWM.o)
 .debug_abbrev  0x0000140a      0x23d C:\Users\roman_000\Desktop\webbot\lib2\webbotavrclib-2.11\libWebbot-ATmega640.a(servosConfig.o)
 .debug_abbrev  0x00001647      0x224 C:\Users\roman_000\Desktop\webbot\lib2\webbotavrclib-2.11\libWebbot-ATmega640.a(StreamChar.o)
 .debug_abbrev  0x0000186b      0x24b C:\Users\roman_000\Desktop\webbot\lib2\webbotavrclib-2.11\libWebbot-ATmega640.a(StreamDouble.o)
 .debug_abbrev  0x00001ab6      0x24b C:\Users\roman_000\Desktop\webbot\lib2\webbotavrclib-2.11\libWebbot-ATmega640.a(StreamSigned.o)
 .debug_abbrev  0x00001d01      0x233 C:\Users\roman_000\Desktop\webbot\lib2\webbotavrclib-2.11\libWebbot-ATmega640.a(StreamString.o)
 .debug_abbrev  0x00001f34      0x24b C:\Users\roman_000\Desktop\webbot\lib2\webbotavrclib-2.11\libWebbot-ATmega640.a(StreamUnsigned.o)
 .debug_abbrev  0x0000217f      0x10b C:\Users\roman_000\Desktop\webbot\lib2\webbotavrclib-2.11\libWebbot-ATmega640.a(actuators.o)
 .debug_abbrev  0x0000228a       0x73 C:\Users\roman_000\Desktop\webbot\lib2\webbotavrclib-2.11\libWebbot-ATmega640.a(core_interp.o)
 .debug_abbrev  0x000022fd       0x73 C:\Users\roman_000\Desktop\webbot\lib2\webbotavrclib-2.11\libWebbot-ATmega640.a(core_interpU.o)
 .debug_abbrev  0x00002370      0x1e1 C:\Users\roman_000\Desktop\webbot\lib2\webbotavrclib-2.11\libWebbot-ATmega640.a(errors.o)
 .debug_abbrev  0x00002551      0x109 C:\Users\roman_000\Desktop\webbot\lib2\webbotavrclib-2.11\libWebbot-ATmega640.a(iopin_is_output.o)
 .debug_abbrev  0x0000265a      0x16a C:\Users\roman_000\Desktop\webbot\lib2\webbotavrclib-2.11\libWebbot-ATmega640.a(iopin_make_input.o)
 .debug_abbrev  0x000027c4      0x16a C:\Users\roman_000\Desktop\webbot\lib2\webbotavrclib-2.11\libWebbot-ATmega640.a(iopin_make_output.o)
 .debug_abbrev  0x0000292e      0x110 C:\Users\roman_000\Desktop\webbot\lib2\webbotavrclib-2.11\libWebbot-ATmega640.a(led.o)
 .debug_abbrev  0x00002a3e       0x66 C:\Users\roman_000\Desktop\webbot\lib2\webbotavrclib-2.11\libWebbot-ATmega640.a(main.o)
 .debug_abbrev  0x00002aa4      0x161 C:\Users\roman_000\Desktop\webbot\lib2\webbotavrclib-2.11\libWebbot-ATmega640.a(rprintf.o)
 .debug_abbrev  0x00002c05      0x23e C:\Users\roman_000\Desktop\webbot\lib2\webbotavrclib-2.11\libWebbot-ATmega640.a(marqueeSendByte.o)
 .debug_abbrev  0x00002e43      0x1cc C:\Users\roman_000\Desktop\webbot\lib2\webbotavrclib-2.11\libWebbot-ATmega640.a(segled.o)
 .debug_abbrev  0x0000300f       0xc0 C:\Users\roman_000\Desktop\webbot\lib2\webbotavrclib-2.11\libWebbot-ATmega640.a(segled8.o)
 .debug_abbrev  0x000030cf      0x1e8 C:\Users\roman_000\Desktop\webbot\lib2\webbotavrclib-2.11\libWebbot-ATmega640.a(compareFromIOPin.o)
 .debug_abbrev  0x000032b7      0x14e C:\Users\roman_000\Desktop\webbot\lib2\webbotavrclib-2.11\libWebbot-ATmega640.a(compareSetOutputMode.o)
 .debug_abbrev  0x00003405      0x178 C:\Users\roman_000\Desktop\webbot\lib2\webbotavrclib-2.11\libWebbot-ATmega640.a(compareSetThreshold.o)
 .debug_abbrev  0x0000357d      0x200 C:\Users\roman_000\Desktop\webbot\lib2\webbotavrclib-2.11\libWebbot-ATmega640.a(_uart_common.o)
 .debug_abbrev  0x0000377d      0x233 C:\Users\roman_000\Desktop\webbot\lib2\webbotavrclib-2.11\libWebbot-ATmega640.a(uart.o)
 .debug_abbrev  0x000039b0      0x176 C:\Users\roman_000\Desktop\webbot\lib2\webbotavrclib-2.11\libWebbot-ATmega640.a(uartCommonRx.o)
 .debug_abbrev  0x00003b26      0x1ab C:\Users\roman_000\Desktop\webbot\lib2\webbotavrclib-2.11\libWebbot-ATmega640.a(uartCommonRxBuf.o)
 .debug_abbrev  0x00003cd1      0x1d8 C:\Users\roman_000\Desktop\webbot\lib2\webbotavrclib-2.11\libWebbot-ATmega640.a(uartCommonTx.o)
 .debug_abbrev  0x00003ea9      0x1f7 C:\Users\roman_000\Desktop\webbot\lib2\webbotavrclib-2.11\libWebbot-ATmega640.a(uartCommonTxBuf.o)
 .debug_abbrev  0x000040a0      0x16f C:\Users\roman_000\Desktop\webbot\lib2\webbotavrclib-2.11\libWebbot-ATmega640.a(uartPollByte.o)
 .debug_abbrev  0x0000420f      0x20d C:\Users\roman_000\Desktop\webbot\lib2\webbotavrclib-2.11\libWebbot-ATmega640.a(uartReceiveBufferIsEmpty.o)
 .debug_abbrev  0x0000441c      0x155 C:\Users\roman_000\Desktop\webbot\lib2\webbotavrclib-2.11\libWebbot-ATmega640.a(bufferGet.o)
 .debug_abbrev  0x00004571       0xbe C:\Users\roman_000\Desktop\webbot\lib2\webbotavrclib-2.11\libWebbot-ATmega640.a(bufferIsFull.o)
 .debug_abbrev  0x0000462f      0x146 C:\Users\roman_000\Desktop\webbot\lib2\webbotavrclib-2.11\libWebbot-ATmega640.a(bufferPut.o)
 .debug_abbrev  0x00004775       0x66 C:\Users\roman_000\Desktop\webbot\lib2\webbotavrclib-2.11\libWebbot-ATmega640.a(clockHasElapsed.o)
 .debug_abbrev  0x000047db       0xb0 C:\Users\roman_000\Desktop\webbot\lib2\webbotavrclib-2.11\libWebbot-ATmega640.a(clockHasElapsedGetOverflow.o)
 .debug_abbrev  0x0000488b       0xde C:\Users\roman_000\Desktop\webbot\lib2\webbotavrclib-2.11\libWebbot-ATmega640.a(breathe.o)
 .debug_abbrev  0x00004969      0x163 C:\Users\roman_000\Desktop\webbot\lib2\webbotavrclib-2.11\libWebbot-ATmega640.a(iopin.o)
 .debug_abbrev  0x00004acc       0xbb C:\Users\roman_000\Desktop\webbot\lib2\webbotavrclib-2.11\libWebbot-ATmega640.a(iopin_set.o)
 .debug_abbrev  0x00004b87      0x146 C:\Users\roman_000\Desktop\webbot\lib2\webbotavrclib-2.11\libWebbot-ATmega640.a(bufferFreeSpace.o)
 .debug_abbrev  0x00004ccd      0x1ce lib\libPost.a(opt_scheduler.o)

.debug_line     0x00000000     0x4e67
 *(.debug_line)
 .debug_line    0x00000000      0x75c bug4.o
 .debug_line    0x0000075c      0x20f lib/gen_clock.o
 .debug_line    0x0000096b       0xc5 lib/lib_timerdef.o
 .debug_line    0x00000a30      0x2d0 lib/lib_hardware.o
 .debug_line    0x00000d00      0x548 lib/lib_ctor.o
 .debug_line    0x00001248      0x21b lib/lib_timers.o
 .debug_line    0x00001463       0xb3 lib/lib_iopins.o
 .debug_line    0x00001516      0x221 C:\Users\roman_000\Desktop\webbot\lib2\webbotavrclib-2.11\libWebbot-ATmega640.a(servoPWM.o)
 .debug_line    0x00001737      0x1e7 C:\Users\roman_000\Desktop\webbot\lib2\webbotavrclib-2.11\libWebbot-ATmega640.a(servosConfig.o)
 .debug_line    0x0000191e      0x15a C:\Users\roman_000\Desktop\webbot\lib2\webbotavrclib-2.11\libWebbot-ATmega640.a(StreamChar.o)
 .debug_line    0x00001a78      0x14c C:\Users\roman_000\Desktop\webbot\lib2\webbotavrclib-2.11\libWebbot-ATmega640.a(StreamDouble.o)
 .debug_line    0x00001bc4      0x1d0 C:\Users\roman_000\Desktop\webbot\lib2\webbotavrclib-2.11\libWebbot-ATmega640.a(StreamSigned.o)
 .debug_line    0x00001d94      0x154 C:\Users\roman_000\Desktop\webbot\lib2\webbotavrclib-2.11\libWebbot-ATmega640.a(StreamString.o)
 .debug_line    0x00001ee8      0x1d2 C:\Users\roman_000\Desktop\webbot\lib2\webbotavrclib-2.11\libWebbot-ATmega640.a(StreamUnsigned.o)
 .debug_line    0x000020ba      0x13f C:\Users\roman_000\Desktop\webbot\lib2\webbotavrclib-2.11\libWebbot-ATmega640.a(actuators.o)
 .debug_line    0x000021f9       0xa5 C:\Users\roman_000\Desktop\webbot\lib2\webbotavrclib-2.11\libWebbot-ATmega640.a(core_interp.o)
 .debug_line    0x0000229e       0xa6 C:\Users\roman_000\Desktop\webbot\lib2\webbotavrclib-2.11\libWebbot-ATmega640.a(core_interpU.o)
 .debug_line    0x00002344      0x15e C:\Users\roman_000\Desktop\webbot\lib2\webbotavrclib-2.11\libWebbot-ATmega640.a(errors.o)
 .debug_line    0x000024a2       0xe3 C:\Users\roman_000\Desktop\webbot\lib2\webbotavrclib-2.11\libWebbot-ATmega640.a(iopin_is_output.o)
 .debug_line    0x00002585      0x12a C:\Users\roman_000\Desktop\webbot\lib2\webbotavrclib-2.11\libWebbot-ATmega640.a(iopin_make_input.o)
 .debug_line    0x000026af      0x12b C:\Users\roman_000\Desktop\webbot\lib2\webbotavrclib-2.11\libWebbot-ATmega640.a(iopin_make_output.o)
 .debug_line    0x000027da       0xef C:\Users\roman_000\Desktop\webbot\lib2\webbotavrclib-2.11\libWebbot-ATmega640.a(led.o)
 .debug_line    0x000028c9      0x116 C:\Users\roman_000\Desktop\webbot\lib2\webbotavrclib-2.11\libWebbot-ATmega640.a(main.o)
 .debug_line    0x000029df      0x13d C:\Users\roman_000\Desktop\webbot\lib2\webbotavrclib-2.11\libWebbot-ATmega640.a(rprintf.o)
 .debug_line    0x00002b1c      0x349 C:\Users\roman_000\Desktop\webbot\lib2\webbotavrclib-2.11\libWebbot-ATmega640.a(marqueeSendByte.o)
 .debug_line    0x00002e65      0x187 C:\Users\roman_000\Desktop\webbot\lib2\webbotavrclib-2.11\libWebbot-ATmega640.a(segled.o)
 .debug_line    0x00002fec       0xf3 C:\Users\roman_000\Desktop\webbot\lib2\webbotavrclib-2.11\libWebbot-ATmega640.a(segled8.o)
 .debug_line    0x000030df      0x137 C:\Users\roman_000\Desktop\webbot\lib2\webbotavrclib-2.11\libWebbot-ATmega640.a(compareFromIOPin.o)
 .debug_line    0x00003216       0xfe C:\Users\roman_000\Desktop\webbot\lib2\webbotavrclib-2.11\libWebbot-ATmega640.a(compareSetOutputMode.o)
 .debug_line    0x00003314      0x133 C:\Users\roman_000\Desktop\webbot\lib2\webbotavrclib-2.11\libWebbot-ATmega640.a(compareSetThreshold.o)
 .debug_line    0x00003447      0x1af C:\Users\roman_000\Desktop\webbot\lib2\webbotavrclib-2.11\libWebbot-ATmega640.a(_uart_common.o)
 .debug_line    0x000035f6      0x242 C:\Users\roman_000\Desktop\webbot\lib2\webbotavrclib-2.11\libWebbot-ATmega640.a(uart.o)
 .debug_line    0x00003838      0x142 C:\Users\roman_000\Desktop\webbot\lib2\webbotavrclib-2.11\libWebbot-ATmega640.a(uartCommonRx.o)
 .debug_line    0x0000397a      0x15f C:\Users\roman_000\Desktop\webbot\lib2\webbotavrclib-2.11\libWebbot-ATmega640.a(uartCommonRxBuf.o)
 .debug_line    0x00003ad9      0x202 C:\Users\roman_000\Desktop\webbot\lib2\webbotavrclib-2.11\libWebbot-ATmega640.a(uartCommonTx.o)
 .debug_line    0x00003cdb      0x1e2 C:\Users\roman_000\Desktop\webbot\lib2\webbotavrclib-2.11\libWebbot-ATmega640.a(uartCommonTxBuf.o)
 .debug_line    0x00003ebd      0x14b C:\Users\roman_000\Desktop\webbot\lib2\webbotavrclib-2.11\libWebbot-ATmega640.a(uartPollByte.o)
 .debug_line    0x00004008      0x199 C:\Users\roman_000\Desktop\webbot\lib2\webbotavrclib-2.11\libWebbot-ATmega640.a(uartReceiveBufferIsEmpty.o)
 .debug_line    0x000041a1      0x15c C:\Users\roman_000\Desktop\webbot\lib2\webbotavrclib-2.11\libWebbot-ATmega640.a(bufferGet.o)
 .debug_line    0x000042fd      0x111 C:\Users\roman_000\Desktop\webbot\lib2\webbotavrclib-2.11\libWebbot-ATmega640.a(bufferIsFull.o)
 .debug_line    0x0000440e      0x144 C:\Users\roman_000\Desktop\webbot\lib2\webbotavrclib-2.11\libWebbot-ATmega640.a(bufferPut.o)
 .debug_line    0x00004552       0xc3 C:\Users\roman_000\Desktop\webbot\lib2\webbotavrclib-2.11\libWebbot-ATmega640.a(clockHasElapsed.o)
 .debug_line    0x00004615       0xfe C:\Users\roman_000\Desktop\webbot\lib2\webbotavrclib-2.11\libWebbot-ATmega640.a(clockHasElapsedGetOverflow.o)
 .debug_line    0x00004713      0x10f C:\Users\roman_000\Desktop\webbot\lib2\webbotavrclib-2.11\libWebbot-ATmega640.a(breathe.o)
 .debug_line    0x00004822      0x19d C:\Users\roman_000\Desktop\webbot\lib2\webbotavrclib-2.11\libWebbot-ATmega640.a(iopin.o)
 .debug_line    0x000049bf       0xc5 C:\Users\roman_000\Desktop\webbot\lib2\webbotavrclib-2.11\libWebbot-ATmega640.a(iopin_set.o)
 .debug_line    0x00004a84      0x13a C:\Users\roman_000\Desktop\webbot\lib2\webbotavrclib-2.11\libWebbot-ATmega640.a(bufferFreeSpace.o)
 .debug_line    0x00004bbe      0x2a9 lib\libPost.a(opt_scheduler.o)

.debug_frame    0x00000000      0xad0
 *(.debug_frame)
 .debug_frame   0x00000000      0x150 bug4.o
 .debug_frame   0x00000150       0x60 lib/gen_clock.o
 .debug_frame   0x000001b0       0x90 lib/lib_hardware.o
 .debug_frame   0x00000240       0xf0 lib/lib_ctor.o
 .debug_frame   0x00000330       0x20 lib/lib_timers.o
 .debug_frame   0x00000350       0x40 C:\Users\roman_000\Desktop\webbot\lib2\webbotavrclib-2.11\libWebbot-ATmega640.a(servoPWM.o)
 .debug_frame   0x00000390       0x20 C:\Users\roman_000\Desktop\webbot\lib2\webbotavrclib-2.11\libWebbot-ATmega640.a(servosConfig.o)
 .debug_frame   0x000003b0       0x20 C:\Users\roman_000\Desktop\webbot\lib2\webbotavrclib-2.11\libWebbot-ATmega640.a(StreamChar.o)
 .debug_frame   0x000003d0       0x20 C:\Users\roman_000\Desktop\webbot\lib2\webbotavrclib-2.11\libWebbot-ATmega640.a(StreamDouble.o)
 .debug_frame   0x000003f0       0x70 C:\Users\roman_000\Desktop\webbot\lib2\webbotavrclib-2.11\libWebbot-ATmega640.a(StreamSigned.o)
 .debug_frame   0x00000460       0x20 C:\Users\roman_000\Desktop\webbot\lib2\webbotavrclib-2.11\libWebbot-ATmega640.a(StreamString.o)